Component: ARM Compiler 5.05 update 1 (build 106) Tool: armlink [4d0efa]

==============================================================================

Section Cross References

    main.o(.text) refers to stm32f10x_rcc.o(.text) for RCC_APB2PeriphClockCmd
    main.o(.text) refers to stm32f10x_gpio.o(.text) for GPIO_PinRemapConfig
    main.o(.text) refers to stm32f10x_iwdg.o(.text) for IWDG_WriteAccessCmd
    main.o(.text) refers to stm32f10x_i2c.o(.text) for I2C_Cmd
    main.o(.text) refers to usart.o(.text) for uart1_init
    main.o(.text) refers to modbus.o(.text) for modbus_init
    main.o(.text) refers to delay.o(.text) for delay_ms
    main.o(.text) refers to misc.o(.text) for NVIC_PriorityGroupConfig
    main.o(.text) refers to timerx.o(.text) for TIM6_Int_Init
    main.o(.text) refers to i2c.o(.text) for I2C1_Slave_Init
    main.o(.text) refers to tasks.o(.text) for xTaskGenericCreate
    main.o(.text) refers to key.o(.text) for vStartKeyTasks
    main.o(.text) refers to sht4x_example_usage.o(.text) for SHT4x_Initial
    main.o(.text) refers to voc.o(.text) for VOC_Init
    main.o(.text) refers to scd4x_i2c_example_usage.o(.text) for SCD40_Initial
    main.o(.text) refers to inputs.o(.text) for inputs_init
    main.o(.text) refers to modbus.o(.bss) for test
    main.o(.text) refers to modbus.o(.data) for dealwithTag
    main.o(.text) refers to main.o(.data) for flag_ISP
    main.o(.text) refers to hy3131_spi.o(.text) for HY3131_Task
    main.o(.text) refers to i2c.o(.bss) for i2c_rcv
    main.o(.text) refers to inputs.o(.bss) for AD_Value
    main.o(.text) refers to inputs.o(.data) for MAX_AI_CHANNEL
    main.o(.text) refers to sht4x_example_usage.o(.data) for hum_exists
    system_stm32f10x.o(.text) refers to system_stm32f10x.o(.data) for SystemCoreClock
    es51932_driver.o(.text) refers to stm32f10x_rcc.o(.text) for RCC_APB1PeriphClockCmd
    es51932_driver.o(.text) refers to stm32f10x_gpio.o(.text) for GPIO_Init
    es51932_driver.o(.text) refers to stm32f10x_usart.o(.text) for USART_Init
    es51932_driver.o(.text) refers to misc.o(.text) for NVIC_Init
    es51932_driver.o(.text) refers to tasks.o(.text) for vTaskDelay
    es51932_driver.o(.text) refers to i2c.o(.bss) for i2c_send
    es51932_driver.o(.text) refers to es51932_driver.o(.data) for combinedNumber
    es51932_driver.o(.text) refers to es51932_driver.o(.bss) for receivedData
    es51932_driver.o(.text) refers to i2c.o(.data) for multiChannel
    es51932_driver.o(.text) refers to modbus.o(.bss) for test
    hy3131_spi.o(.text) refers to stm32f10x_rcc.o(.text) for RCC_APB2PeriphClockCmd
    hy3131_spi.o(.text) refers to stm32f10x_gpio.o(.text) for GPIO_Init
    hy3131_spi.o(.text) refers to stm32f10x_spi.o(.text) for SPI_Init
    hy3131_spi.o(.text) refers to ffltui.o(.text) for __aeabi_ui2f
    hy3131_spi.o(.text) refers to fmul.o(.text) for __aeabi_fmul
    hy3131_spi.o(.text) refers to fadd.o(.text) for __aeabi_fsub
    hy3131_spi.o(.text) refers to cfcmple.o(.text) for __aeabi_cfcmple
    hy3131_spi.o(.text) refers to cfrcmple.o(.text) for __aeabi_cfrcmple
    hy3131_spi.o(.text) refers to fflti.o(.text) for __aeabi_i2f
    hy3131_spi.o(.text) refers to fdiv.o(.text) for __aeabi_fdiv
    hy3131_spi.o(.text) refers to system_stm32f10x.o(.data) for SystemCoreClock
    hy3131_spi.o(.text) refers to hy3131_spi.o(.constdata) for .constdata
    hy3131_spi.o(.text) refers to hy3131_spi.o(.data) for dcv_range_index
    hy3131_spi.o(.text) refers to ffixui.o(.text) for __aeabi_f2uiz
    hy3131_spi.o(.text) refers to delay.o(.text) for delay_ms
    hy3131_spi.o(.text) refers to modbus.o(.bss) for test
    hy3131_spi.o(.data) refers to hy3131_spi.o(.conststring) for .conststring
    stm32f10x_adc.o(.text) refers to stm32f10x_rcc.o(.text) for RCC_APB2PeriphResetCmd
    stm32f10x_bkp.o(.text) refers to stm32f10x_rcc.o(.text) for RCC_BackupResetCmd
    stm32f10x_can.o(.text) refers to stm32f10x_rcc.o(.text) for RCC_APB1PeriphResetCmd
    stm32f10x_cec.o(.text) refers to stm32f10x_rcc.o(.text) for RCC_APB1PeriphResetCmd
    stm32f10x_dac.o(.text) refers to stm32f10x_rcc.o(.text) for RCC_APB1PeriphResetCmd
    stm32f10x_gpio.o(.text) refers to stm32f10x_rcc.o(.text) for RCC_APB2PeriphResetCmd
    stm32f10x_i2c.o(.text) refers to stm32f10x_rcc.o(.text) for RCC_APB1PeriphResetCmd
    stm32f10x_pwr.o(.text) refers to stm32f10x_rcc.o(.text) for RCC_APB1PeriphResetCmd
    stm32f10x_rcc.o(.text) refers to stm32f10x_rcc.o(.data) for APBAHBPrescTable
    stm32f10x_spi.o(.text) refers to stm32f10x_rcc.o(.text) for RCC_APB2PeriphResetCmd
    stm32f10x_tim.o(.text) refers to stm32f10x_rcc.o(.text) for RCC_APB2PeriphResetCmd
    stm32f10x_usart.o(.text) refers to stm32f10x_rcc.o(.text) for RCC_APB2PeriphResetCmd
    stm32f10x_wwdg.o(.text) refers to stm32f10x_rcc.o(.text) for RCC_APB1PeriphResetCmd
    startup_stm32f10x_hd.o(RESET) refers to startup_stm32f10x_hd.o(STACK) for __initial_sp
[...]
    .bss                                     0x20000568   Section      200  tasks.o(.bss)
    pxReadyTasksLists                        0x20000568   Data         100  tasks.o(.bss)
    xDelayedTaskList1                        0x200005cc   Data          20  tasks.o(.bss)
    xDelayedTaskList2                        0x200005e0   Data          20  tasks.o(.bss)
    xPendingReadyList                        0x200005f4   Data          20  tasks.o(.bss)
    xTasksWaitingTermination                 0x20000608   Data          20  tasks.o(.bss)
    xSuspendedTaskList                       0x2000061c   Data          20  tasks.o(.bss)
    .bss                                     0x20000630   Section    10240  heap_2.o(.bss)
    xHeap                                    0x20000630   Data       10240  heap_2.o(.bss)
    .bss                                     0x20002e30   Section     1624  modbus.o(.bss)
    .bss                                     0x20003488   Section       56  sgp30.o(.bss)
    client_data                              0x20003488   Data          56  sgp30.o(.bss)
    .bss                                     0x200034c0   Section       10  voc.o(.bss)
    HEAP                                     0x200034d0   Section      512  startup_stm32f10x_hd.o(HEAP)
    STACK                                    0x200036d0   Section     1024  startup_stm32f10x_hd.o(STACK)

    Global Symbols

    Symbol Name                              Value     Ov Type        Size  Object(Section)

    BuildAttributes$$THM_ISAv4$P$D$K$B$S$PE$A:L22UL41UL21$X:L11$S22US41US21$IEEE1$IW$USESV6$~STKCKD$USESV7$~SHL$OTIME$ROPI$EBA8$MICROLIB$REQ8$PRES8$EABIv2 0x00000000   Number         0  anon$$obj.o ABSOLUTE
    __ARM_use_no_argv                        0x00000000   Number         0  main.o ABSOLUTE
    __use_no_errno                           0x00000000   Number         0  useno.o ABSOLUTE
    __use_no_exception_handling              0x00000000   Number         0  useno.o ABSOLUTE
    __use_no_fp                              0x00000000   Number         0  useno.o ABSOLUTE
    __use_no_heap                            0x00000000   Number         0  useno.o ABSOLUTE
    __use_no_heap_region                     0x00000000   Number         0  useno.o ABSOLUTE
    __use_no_semihosting                     0x00000000   Number         0  useno.o ABSOLUTE
    __use_no_semihosting_swi                 0x00000000   Number         0  useno.o ABSOLUTE
    __use_no_signal_handling                 0x00000000   Number         0  useno.o ABSOLUTE
    __cpp_initialize__aeabi_                  - Undefined Weak Reference
    __cxa_finalize                            - Undefined Weak Reference
    _clock_init                               - Undefined Weak Reference
    _microlib_exit                            - Undefined Weak Reference
    __Vectors_Size                           0x00000130   Number         0  startup_stm32f10x_hd.o ABSOLUTE
    __Vectors                                0x08000000   Data           4  startup_stm32f10x_hd.o(RESET)
    __Vectors_End                            0x08000130   Data           0  startup_stm32f10x_hd.o(RESET)
    __main                                   0x08000131   Thumb Code     0  entry.o(.ARM.Collect$$$$00000000)
    _main_stk                                0x08000131   Thumb Code     0  entry2.o(.ARM.Collect$$$$00000001)
    _main_scatterload                        0x08000135   Thumb Code     0  entry5.o(.ARM.Collect$$$$00000004)
    __main_after_scatterload                 0x08000139   Thumb Code     0  entry5.o(.ARM.Collect$$$$00000004)
    _main_clock                              0x08000139   Thumb Code     0  entry7b.o(.ARM.Collect$$$$00000008)
    _main_cpp_init                           0x08000139   Thumb Code     0  entry8b.o(.ARM.Collect$$$$0000000A)
    _main_init                               0x08000139   Thumb Code     0  entry9a.o(.ARM.Collect$$$$0000000B)
    __rt_final_cpp                           0x08000141   Thumb Code     0  entry10a.o(.ARM.Collect$$$$0000000D)
    __rt_final_exit                          0x08000141   Thumb Code     0  entry11a.o(.ARM.Collect$$$$0000000F)
    vPortSVCHandler                          0x08000145   Thumb Code    28  port.o(.emb_text)
    vPortStartFirstTask                      0x08000165   Thumb Code    16  port.o(.emb_text)
    xPortPendSVHandler                       0x08000179   Thumb Code    56  port.o(.emb_text)
    vPortSetInterruptMask                    0x080001b5   Thumb Code    14  port.o(.emb_text)
    vPortClearInterruptMask                  0x080001c3   Thumb Code    14  port.o(.emb_text)
    watchdog_init                            0x0800020b   Thumb Code    34  main.o(.text)
    I2C_Initial                              0x0800022d   Thumb Code   160  main.o(.text)
    vCOMMTask                                0x080002cd   Thumb Code    92  main.o(.text)
    main                                     0x08000329   Thumb Code   108  main.o(.text)
    multiMeterTask                           0x08000395   Thumb Code    78  main.o(.text)
    vRefreshSensorTask                       0x080003e3   Thumb Code    68  main.o(.text)
    vI2cTask                                 0x08000427   Thumb Code    46  main.o(.text)
    vINPUTSTask                              0x08000455   Thumb Code    56  main.o(.text)
    NMI_Handler                              0x080004e1   Thumb Code     2  stm32f10x_it.o(.text)
    HardFault_Handler                        0x080004e3   Thumb Code     4  stm32f10x_it.o(.text)
    MemManage_Handler                        0x080004e7   Thumb Code     4  stm32f10x_it.o(.text)
    BusFault_Handler                         0x080004eb   Thumb Code     4  stm32f10x_it.o(.text)
    UsageFault_Handler                       0x080004ef   Thumb Code     4  stm32f10x_it.o(.text)
    SVC_Handler                              0x080004f3   Thumb Code     2  stm32f10x_it.o(.text)
    DebugMon_Handler                         0x080004f5   Thumb Code     2  stm32f10x_it.o(.text)
    PendSV_Handler                           0x080004f7   Thumb Code     2  stm32f10x_it.o(.text)
    SysTick_Handler                          0x080004f9   Thumb Code     2  stm32f10x_it.o(.text)
    SystemInit                               0x080005db   Thumb Code    78  system_stm32f10x.o(.text)
    SystemCoreClockUpdate                    0x08000629   Thumb Code   142  system_stm32f10x.o(.text)
    parseStatus                              0x080006dd   Thumb Code    20  es51932_driver.o(.text)
    parseOptions                             0x080006f1   Thumb Code    88  es51932_driver.o(.text)
    USART_Configuration                      0x08000749   Thumb Code   166  es51932_driver.o(.text)
    GPIO_Configuration                       0x080007ef   Thumb Code   162  es51932_driver.o(.text)
    ControlChannels                          0x08000891   Thumb Code   234  es51932_driver.o(.text)
    SingleControlChannels                    0x0800097b   Thumb Code   220  es51932_driver.o(.text)
    decodeDigit                              0x08000a57   Thumb Code    68  es51932_driver.o(.text)
    ControlSwitches                          0x08000a9b   Thumb Code   112  es51932_driver.o(.text)
    ProcessAndConvertResistance              0x08000b0b   Thumb Code    60  es51932_driver.o(.text)
    ControlChannelsTask                      0x08000b47   Thumb Code    50  es51932_driver.o(.text)
    ES51932_Init                             0x08000b79   Thumb Code    38  es51932_driver.o(.text)
    USART3_IRQHandler                        0x08000b9f   Thumb Code   502  es51932_driver.o(.text)
    SetMode                                  0x08000d95   Thumb Code  1644  es51932_driver.o(.text)
    SetSLACDC                                0x08001401   Thumb Code    32  es51932_driver.o(.text)
    HY3131_SPI_Init                          0x08001449   Thumb Code   182  hy3131_spi.o(.text)
    HY3131_WriteReg                          0x08001531   Thumb Code    50  hy3131_spi.o(.text)
    HY3131_WriteData                         0x08001563   Thumb Code    68  hy3131_spi.o(.text)
    HY3131_ReadData                          0x080015a7   Thumb Code    70  hy3131_spi.o(.text)
    HY3131_Read_AD1                          0x080015ed   Thumb Code    48  hy3131_spi.o(.text)
    HY3131_Read_AD2_RMS                      0x0800161d   Thumb Code    34  hy3131_spi.o(.text)
    HY3131_Read_AD3_Peak                     0x0800163f   Thumb Code    34  hy3131_spi.o(.text)
    HY3131_Read_Temperature                  0x08001661   Thumb Code    50  hy3131_spi.o(.text)
    HY3131_Read_Frequency                    0x08001693   Thumb Code    34  hy3131_spi.o(.text)
    HY3131_AutoRange_DCV                     0x08001723   Thumb Code    46  hy3131_spi.o(.text)
    HY3131_AutoRange_ACV                     0x08001751   Thumb Code    48  hy3131_spi.o(.text)
    HY3131_AutoRange_OHM                     0x08001781   Thumb Code    48  hy3131_spi.o(.text)
    HY3131_Convert_DCV                       0x080017b1   Thumb Code    44  hy3131_spi.o(.text)
    HY3131_Convert_ACV                       0x080017dd   Thumb Code   104  hy3131_spi.o(.text)
    HY3131_Convert_OHM                       0x08001845   Thumb Code    54  hy3131_spi.o(.text)
    HY3131_Detect_AC_DC                      0x0800187b   Thumb Code    68  hy3131_spi.o(.text)
    HY3131_Measure_Diode                     0x080018bf   Thumb Code    28  hy3131_spi.o(.text)
    HY3131_Measure_Continuity                0x080018db   Thumb Code    70  hy3131_spi.o(.text)
    HY3131_Measure                           0x08001921   Thumb Code   224  hy3131_spi.o(.text)
    HY3131_Measure_AC_DC                     0x08001a01   Thumb Code    56  hy3131_spi.o(.text)
    HY3131_Task                              0x08001a39   Thumb Code   240  hy3131_spi.o(.text)
    NVIC_PriorityGroupConfig                 0x08001b55   Thumb Code    10  misc.o(.text)
    NVIC_Init                                0x08001b5f   Thumb Code   100  misc.o(.text)
    NVIC_SetVectorTable                      0x08001bc3   Thumb Code    14  misc.o(.text)
    NVIC_SystemLPConfig                      0x08001bd1   Thumb Code    34  misc.o(.text)
    SysTick_CLKSourceConfig                  0x08001bf3   Thumb Code    40  misc.o(.text)
    ADC_DeInit                               0x08001c31   Thumb Code    78  stm32f10x_adc.o(.text)
    ADC_Init                                 0x08001c7f   Thumb Code    70  stm32f10x_adc.o(.text)
    ADC_StructInit                           0x08001cc5   Thumb Code    18  stm32f10x_adc.o(.text)
    ADC_Cmd                                  0x08001cd7   Thumb Code    22  stm32f10x_adc.o(.text)
    ADC_DMACmd                               0x08001ced   Thumb Code    22  stm32f10x_adc.o(.text)
    ADC_ITConfig                             0x08001d03   Thumb Code    24  stm32f10x_adc.o(.text)
    ADC_ResetCalibration                     0x08001d1b   Thumb Code    10  stm32f10x_adc.o(.text)
    ADC_GetResetCalibrationStatus            0x08001d25   Thumb Code    20  stm32f10x_adc.o(.text)
    ADC_StartCalibration                     0x08001d39   Thumb Code    10  stm32f10x_adc.o(.text)
    ADC_GetCalibrationStatus                 0x08001d43   Thumb Code    20  stm32f10x_adc.o(.text)
    ADC_SoftwareStartConvCmd                 0x08001d57   Thumb Code    22  stm32f10x_adc.o(.text)
    ADC_GetSoftwareStartConvStatus           0x08001d6d   Thumb Code    20  stm32f10x_adc.o(.text)
    ADC_DiscModeChannelCountConfig           0x08001d81   Thumb Code    24  stm32f10x_adc.o(.text)
    ADC_DiscModeCmd                          0x08001d99   Thumb Code    22  stm32f10x_adc.o(.text)
    ADC_RegularChannelConfig                 0x08001daf   Thumb Code   184  stm32f10x_adc.o(.text)
    ADC_ExternalTrigConvCmd                  0x08001e67   Thumb Code    22  stm32f10x_adc.o(.text)
    ADC_GetConversionValue                   0x08001e7d   Thumb Code     8  stm32f10x_adc.o(.text)
    ADC_GetDualModeConversionValue           0x08001e85   Thumb Code     8  stm32f10x_adc.o(.text)
    ADC_AutoInjectedConvCmd                  0x08001e8d   Thumb Code    22  stm32f10x_adc.o(.text)
    ADC_InjectedDiscModeCmd                  0x08001ea3   Thumb Code    22  stm32f10x_adc.o(.text)
    ADC_ExternalTrigInjectedConvConfig       0x08001eb9   Thumb Code    16  stm32f10x_adc.o(.text)
    ADC_ExternalTrigInjectedConvCmd          0x08001ec9   Thumb Code    22  stm32f10x_adc.o(.text)
    ADC_SoftwareStartInjectedConvCmd         0x08001edf   Thumb Code    22  stm32f10x_adc.o(.text)
    ADC_GetSoftwareStartInjectedConvCmdStatus 0x08001ef5   Thumb Code    20  stm32f10x_adc.o(.text)
    ADC_InjectedChannelConfig                0x08001f09   Thumb Code   130  stm32f10x_adc.o(.text)
    ADC_InjectedSequencerLengthConfig        0x08001f8b   Thumb Code    24  stm32f10x_adc.o(.text)
    ADC_SetInjectedOffset                    0x08001fa3   Thumb Code    20  stm32f10x_adc.o(.text)
    ADC_GetInjectedConversionValue           0x08001fb7   Thumb Code    28  stm32f10x_adc.o(.text)
    ADC_AnalogWatchdogCmd                    0x08001fd3   Thumb Code    16  stm32f10x_adc.o(.text)
    ADC_AnalogWatchdogThresholdsConfig       0x08001fe3   Thumb Code     6  stm32f10x_adc.o(.text)
    ADC_AnalogWatchdogSingleChannelConfig    0x08001fe9   Thumb Code    16  stm32f10x_adc.o(.text)
    ADC_TempSensorVrefintCmd                 0x08001ff9   Thumb Code    64  stm32f10x_adc.o(.text)
    ADC_GetFlagStatus                        0x08002039   Thumb Code    18  stm32f10x_adc.o(.text)
    ADC_ClearFlag                            0x0800204b   Thumb Code     6  stm32f10x_adc.o(.text)
    ADC_GetITStatus                          0x08002051   Thumb Code    36  stm32f10x_adc.o(.text)
    ADC_ClearITPendingBit                    0x08002075   Thumb Code    10  stm32f10x_adc.o(.text)
    EXTI_DeInit                              0x08002081   Thumb Code    28  stm32f10x_exti.o(.text)
    EXTI_Init                                0x0800209d   Thumb Code   142  stm32f10x_exti.o(.text)
    EXTI_StructInit                          0x0800212b   Thumb Code    16  stm32f10x_exti.o(.text)
    EXTI_GenerateSWInterrupt                 0x0800213b   Thumb Code    16  stm32f10x_exti.o(.text)
    EXTI_GetFlagStatus                       0x0800214b   Thumb Code    22  stm32f10x_exti.o(.text)
    EXTI_ClearFlag                           0x08002161   Thumb Code     8  stm32f10x_exti.o(.text)
    EXTI_GetITStatus                         0x08002169   Thumb Code    34  stm32f10x_exti.o(.text)
    EXTI_ClearITPendingBit                   0x0800218b   Thumb Code     8  stm32f10x_exti.o(.text)
    GPIO_DeInit                              0x0800219d   Thumb Code   172  stm32f10x_gpio.o(.text)
    GPIO_AFIODeInit                          0x08002249   Thumb Code    20  stm32f10x_gpio.o(.text)
    GPIO_Init                                0x0800225d   Thumb Code   278  stm32f10x_gpio.o(.text)
    GPIO_StructInit                          0x08002373   Thumb Code    16  stm32f10x_gpio.o(.text)
    GPIO_ReadInputDataBit                    0x08002383   Thumb Code    18  stm32f10x_gpio.o(.text)
    GPIO_ReadInputData                       0x08002395   Thumb Code     8  stm32f10x_gpio.o(.text)
    GPIO_ReadOutputDataBit                   0x0800239d   Thumb Code    18  stm32f10x_gpio.o(.text)
    GPIO_ReadOutputData                      0x080023af   Thumb Code     8  stm32f10x_gpio.o(.text)
    GPIO_SetBits                             0x080023b7   Thumb Code     4  stm32f10x_gpio.o(.text)
    GPIO_ResetBits                           0x080023bb   Thumb Code     4  stm32f10x_gpio.o(.text)
    GPIO_WriteBit                            0x080023bf   Thumb Code    10  stm32f10x_gpio.o(.text)
    GPIO_Write                               0x080023c9   Thumb Code     4  stm32f10x_gpio.o(.text)
    GPIO_PinLockConfig                       0x080023cd   Thumb Code    18  stm32f10x_gpio.o(.text)
    GPIO_EventOutputConfig                   0x080023df   Thumb Code    26  stm32f10x_gpio.o(.text)
    GPIO_EventOutputCmd                      0x080023f9   Thumb Code     6  stm32f10x_gpio.o(.text)
    GPIO_PinRemapConfig                      0x080023ff   Thumb Code   138  stm32f10x_gpio.o(.text)
    GPIO_EXTILineConfig                      0x08002489   Thumb Code    66  stm32f10x_gpio.o(.text)
    GPIO_ETH_MediaInterfaceConfig            0x080024cb   Thumb Code     8  stm32f10x_gpio.o(.text)
    I2C_DeInit                               0x080024f9   Thumb Code    50  stm32f10x_i2c.o(.text)
    I2C_Init                                 0x0800252b   Thumb Code   222  stm32f10x_i2c.o(.text)
    I2C_StructInit                           0x08002609   Thumb Code    30  stm32f10x_i2c.o(.text)
    I2C_Cmd                                  0x08002627   Thumb Code    24  stm32f10x_i2c.o(.text)
    I2C_DMACmd                               0x0800263f   Thumb Code    24  stm32f10x_i2c.o(.text)
    I2C_DMALastTransferCmd                   0x08002657   Thumb Code    24  stm32f10x_i2c.o(.text)
    I2C_GenerateSTART                        0x0800266f   Thumb Code    24  stm32f10x_i2c.o(.text)
    I2C_GenerateSTOP                         0x08002687   Thumb Code    24  stm32f10x_i2c.o(.text)
    I2C_AcknowledgeConfig                    0x0800269f   Thumb Code    24  stm32f10x_i2c.o(.text)
    I2C_OwnAddress2Config                    0x080026b7   Thumb Code    22  stm32f10x_i2c.o(.text)
    I2C_DualAddressCmd                       0x080026cd   Thumb Code    24  stm32f10x_i2c.o(.text)
    I2C_GeneralCallCmd                       0x080026e5   Thumb Code    24  stm32f10x_i2c.o(.text)
    I2C_ITConfig                             0x080026fd   Thumb Code    18  stm32f10x_i2c.o(.text)
    I2C_SendData                             0x0800270f   Thumb Code     4  stm32f10x_i2c.o(.text)
    I2C_ReceiveData                          0x08002713   Thumb Code     8  stm32f10x_i2c.o(.text)
    I2C_Send7bitAddress                      0x0800271b   Thumb Code    18  stm32f10x_i2c.o(.text)
    I2C_ReadRegister                         0x0800272d   Thumb Code    22  stm32f10x_i2c.o(.text)
    I2C_SoftwareResetCmd                     0x08002743   Thumb Code    22  stm32f10x_i2c.o(.text)
    I2C_NACKPositionConfig                   0x08002759   Thumb Code    28  stm32f10x_i2c.o(.text)
    I2C_SMBusAlertConfig                     0x08002775   Thumb Code    28  stm32f10x_i2c.o(.text)
    I2C_TransmitPEC                          0x08002791   Thumb Code    24  stm32f10x_i2c.o(.text)
    I2C_PECPositionConfig                    0x080027a9   Thumb Code    28  stm32f10x_i2c.o(.text)
    I2C_CalculatePEC                         0x080027c5   Thumb Code    24  stm32f10x_i2c.o(.text)
    I2C_GetPEC                               0x080027dd   Thumb Code     8  stm32f10x_i2c.o(.text)
    I2C_ARPCmd                               0x080027e5   Thumb Code    24  stm32f10x_i2c.o(.text)
    I2C_StretchClockCmd                      0x080027fd   Thumb Code    24  stm32f10x_i2c.o(.text)
    I2C_FastModeDutyCycleConfig              0x08002815   Thumb Code    28  stm32f10x_i2c.o(.text)
    I2C_CheckEvent                           0x08002831   Thumb Code    42  stm32f10x_i2c.o(.text)
    I2C_GetLastEvent                         0x0800285b   Thumb Code    26  stm32f10x_i2c.o(.text)
    I2C_GetFlagStatus                        0x08002875   Thumb Code    58  stm32f10x_i2c.o(.text)
    I2C_ClearFlag                            0x080028af   Thumb Code    12  stm32f10x_i2c.o(.text)
    I2C_GetITStatus                          0x080028bb   Thumb Code    54  stm32f10x_i2c.o(.text)
    I2C_ClearITPendingBit                    0x080028f1   Thumb Code    12  stm32f10x_i2c.o(.text)
    IWDG_WriteAccessCmd                      0x080028fd   Thumb Code     6  stm32f10x_iwdg.o(.text)
    IWDG_SetPrescaler                        0x08002903   Thumb Code     6  stm32f10x_iwdg.o(.text)
    IWDG_SetReload                           0x08002909   Thumb Code     6  stm32f10x_iwdg.o(.text)
    IWDG_ReloadCounter                       0x0800290f   Thumb Code    10  stm32f10x_iwdg.o(.text)
    IWDG_Enable                              0x08002919   Thumb Code    10  stm32f10x_iwdg.o(.text)
    IWDG_GetFlagStatus                       0x08002923   Thumb Code    20  stm32f10x_iwdg.o(.text)
    RCC_DeInit                               0x0800293d   Thumb Code    64  stm32f10x_rcc.o(.text)
    RCC_HSEConfig                            0x0800297d   Thumb Code    70  stm32f10x_rcc.o(.text)
    RCC_GetFlagStatus                        0x080029c3   Thumb Code    56  stm32f10x_rcc.o(.text)
    RCC_WaitForHSEStartUp                    0x080029fb   Thumb Code    56  stm32f10x_rcc.o(.text)
    RCC_AdjustHSICalibrationValue            0x08002a33   Thumb Code    20  stm32f10x_rcc.o(.text)
    RCC_HSICmd                               0x08002a47   Thumb Code     6  stm32f10x_rcc.o(.text)
    RCC_PLLConfig                            0x08002a4d   Thumb Code    24  stm32f10x_rcc.o(.text)
    RCC_PLLCmd                               0x08002a65   Thumb Code     6  stm32f10x_rcc.o(.text)
    RCC_SYSCLKConfig                         0x08002a6b   Thumb Code    18  stm32f10x_rcc.o(.text)
    RCC_GetSYSCLKSource                      0x08002a7d   Thumb Code    10  stm32f10x_rcc.o(.text)
    RCC_HCLKConfig                           0x08002a87   Thumb Code    18  stm32f10x_rcc.o(.text)
    RCC_PCLK1Config                          0x08002a99   Thumb Code    18  stm32f10x_rcc.o(.text)
    RCC_PCLK2Config                          0x08002aab   Thumb Code    20  stm32f10x_rcc.o(.text)
    RCC_ITConfig                             0x08002abf   Thumb Code    26  stm32f10x_rcc.o(.text)
    RCC_USBCLKConfig                         0x08002ad9   Thumb Code     8  stm32f10x_rcc.o(.text)
    RCC_ADCCLKConfig                         0x08002ae1   Thumb Code    18  stm32f10x_rcc.o(.text)
    RCC_LSEConfig                            0x08002af3   Thumb Code    50  stm32f10x_rcc.o(.text)
    RCC_LSICmd                               0x08002b25   Thumb Code     6  stm32f10x_rcc.o(.text)
    RCC_RTCCLKConfig                         0x08002b2b   Thumb Code    12  stm32f10x_rcc.o(.text)
    RCC_RTCCLKCmd                            0x08002b37   Thumb Code     8  stm32f10x_rcc.o(.text)
    RCC_GetClocksFreq                        0x08002b3f   Thumb Code   192  stm32f10x_rcc.o(.text)
    RCC_AHBPeriphClockCmd                    0x08002bff   Thumb Code    26  stm32f10x_rcc.o(.text)
    RCC_APB2PeriphClockCmd                   0x08002c19   Thumb Code    26  stm32f10x_rcc.o(.text)
    RCC_APB1PeriphClockCmd                   0x08002c33   Thumb Code    26  stm32f10x_rcc.o(.text)
    RCC_APB2PeriphResetCmd                   0x08002c4d   Thumb Code    26  stm32f10x_rcc.o(.text)
    RCC_APB1PeriphResetCmd                   0x08002c67   Thumb Code    26  stm32f10x_rcc.o(.text)
    RCC_BackupResetCmd                       0x08002c81   Thumb Code     8  stm32f10x_rcc.o(.text)
    RCC_ClockSecuritySystemCmd               0x08002c89   Thumb Code     6  stm32f10x_rcc.o(.text)
    RCC_MCOConfig                            0x08002c8f   Thumb Code     6  stm32f10x_rcc.o(.text)
    RCC_ClearFlag                            0x08002c95   Thumb Code    14  stm32f10x_rcc.o(.text)
    RCC_GetITStatus                          0x08002ca3   Thumb Code    20  stm32f10x_rcc.o(.text)
    RCC_ClearITPendingBit                    0x08002cb7   Thumb Code     6  stm32f10x_rcc.o(.text)
    SPI_I2S_DeInit                           0x08002ce1   Thumb Code    76  stm32f10x_spi.o(.text)
    SPI_Init                                 0x08002d2d   Thumb Code    60  stm32f10x_spi.o(.text)
    I2S_Init                                 0x08002d69   Thumb Code   226  stm32f10x_spi.o(.text)
    SPI_StructInit                           0x08002e4b   Thumb Code    24  stm32f10x_spi.o(.text)
    I2S_StructInit                           0x08002e63   Thumb Code    20  stm32f10x_spi.o(.text)
    SPI_Cmd                                  0x08002e77   Thumb Code    24  stm32f10x_spi.o(.text)
    I2S_Cmd                                  0x08002e8f   Thumb Code    24  stm32f10x_spi.o(.text)
    SPI_I2S_ITConfig                         0x08002ea7   Thumb Code    32  stm32f10x_spi.o(.text)
    SPI_I2S_DMACmd                           0x08002ec7   Thumb Code    18  stm32f10x_spi.o(.text)
    SPI_I2S_SendData                         0x08002ed9   Thumb Code     4  stm32f10x_spi.o(.text)
    SPI_I2S_ReceiveData                      0x08002edd   Thumb Code     6  stm32f10x_spi.o(.text)
    SPI_NSSInternalSoftwareConfig            0x08002ee3   Thumb Code    30  stm32f10x_spi.o(.text)
    SPI_SSOutputCmd                          0x08002f01   Thumb Code    24  stm32f10x_spi.o(.text)
    SPI_DataSizeConfig                       0x08002f19   Thumb Code    18  stm32f10x_spi.o(.text)
    SPI_TransmitCRC                          0x08002f2b   Thumb Code    10  stm32f10x_spi.o(.text)
    SPI_CalculateCRC                         0x08002f35   Thumb Code    24  stm32f10x_spi.o(.text)
    SPI_GetCRC                               0x08002f4d   Thumb Code    16  stm32f10x_spi.o(.text)
    SPI_GetCRCPolynomial                     0x08002f5d   Thumb Code     6  stm32f10x_spi.o(.text)
    SPI_BiDirectionalLineConfig              0x08002f63   Thumb Code    28  stm32f10x_spi.o(.text)
    SPI_I2S_GetFlagStatus                    0x08002f7f   Thumb Code    18  stm32f10x_spi.o(.text)
    SPI_I2S_ClearFlag                        0x08002f91   Thumb Code     6  stm32f10x_spi.o(.text)
    SPI_I2S_GetITStatus                      0x08002f97   Thumb Code    52  stm32f10x_spi.o(.text)
    SPI_I2S_ClearITPendingBit                0x08002fcb   Thumb Code    20  stm32f10x_spi.o(.text)
    TIM_DeInit                               0x08002fed   Thumb Code   424  stm32f10x_tim.o(.text)
    TIM_TimeBaseInit                         0x08003195   Thumb Code   122  stm32f10x_tim.o(.text)
    TIM_OC1Init                              0x0800320f   Thumb Code   132  stm32f10x_tim.o(.text)
    TIM_OC2Init                              0x08003293   Thumb Code   154  stm32f10x_tim.o(.text)
    TIM_OC3Init                              0x0800332d   Thumb Code   150  stm32f10x_tim.o(.text)
    TIM_OC4Init                              0x080033c3   Thumb Code   182  stm32f10x_tim.o(.text)
    TIM_SetIC4Prescaler                      0x08003479   Thumb Code    26  stm32f10x_tim.o(.text)
    TIM_SetIC3Prescaler                      0x08003515   Thumb Code    18  stm32f10x_tim.o(.text)
    TIM_SetIC2Prescaler                      0x080035a1   Thumb Code    26  stm32f10x_tim.o(.text)
    TIM_SetIC1Prescaler                      0x0800363d   Thumb Code    18  stm32f10x_tim.o(.text)
    TIM_ICInit                               0x080036bb   Thumb Code   150  stm32f10x_tim.o(.text)
    TIM_PWMIConfig                           0x08003751   Thumb Code   124  stm32f10x_tim.o(.text)
    TIM_BDTRConfig                           0x080037cd   Thumb Code    32  stm32f10x_tim.o(.text)
    TIM_TimeBaseStructInit                   0x080037ed   Thumb Code    18  stm32f10x_tim.o(.text)
    TIM_OCStructInit                         0x080037ff   Thumb Code    20  stm32f10x_tim.o(.text)
    TIM_ICStructInit                         0x08003813   Thumb Code    18  stm32f10x_tim.o(.text)
    TIM_BDTRStructInit                       0x08003825   Thumb Code    40  stm32f10x_tim.o(.text)
    TIM_Cmd                                  0x0800384d   Thumb Code    24  stm32f10x_tim.o(.text)
    TIM_CtrlPWMOutputs                       0x08003865   Thumb Code    30  stm32f10x_tim.o(.text)
    TIM_ITConfig                             0x08003883   Thumb Code    18  stm32f10x_tim.o(.text)
    TIM_GenerateEvent                        0x08003895   Thumb Code     4  stm32f10x_tim.o(.text)
    TIM_DMAConfig                            0x08003899   Thumb Code    10  stm32f10x_tim.o(.text)
    TIM_DMACmd                               0x080038a3   Thumb Code    18  stm32f10x_tim.o(.text)
    TIM_InternalClockConfig                  0x080038b5   Thumb Code    12  stm32f10x_tim.o(.text)
    TIM_SelectInputTrigger                   0x080038c1   Thumb Code    18  stm32f10x_tim.o(.text)
    TIM_ITRxExternalClockConfig              0x080038d3   Thumb Code    24  stm32f10x_tim.o(.text)
    TIM_TIxExternalClockConfig               0x080038eb   Thumb Code    62  stm32f10x_tim.o(.text)
    TIM_ETRConfig                            0x08003929   Thumb Code    28  stm32f10x_tim.o(.text)
    TIM_ETRClockMode1Config                  0x08003945   Thumb Code    54  stm32f10x_tim.o(.text)
    TIM_ETRClockMode2Config                  0x0800397b   Thumb Code    32  stm32f10x_tim.o(.text)
    TIM_PrescalerConfig                      0x0800399b   Thumb Code     6  stm32f10x_tim.o(.text)
    TIM_CounterModeConfig                    0x080039a1   Thumb Code    18  stm32f10x_tim.o(.text)
    TIM_EncoderInterfaceConfig               0x080039b3   Thumb Code    66  stm32f10x_tim.o(.text)
    TIM_ForcedOC1Config                      0x080039f5   Thumb Code    18  stm32f10x_tim.o(.text)
    TIM_ForcedOC2Config                      0x08003a07   Thumb Code    26  stm32f10x_tim.o(.text)
    TIM_ForcedOC3Config                      0x08003a21   Thumb Code    18  stm32f10x_tim.o(.text)
    TIM_ForcedOC4Config                      0x08003a33   Thumb Code    26  stm32f10x_tim.o(.text)
    TIM_ARRPreloadConfig                     0x08003a4d   Thumb Code    24  stm32f10x_tim.o(.text)
    TIM_SelectCOM                            0x08003a65   Thumb Code    24  stm32f10x_tim.o(.text)
    TIM_SelectCCDMA                          0x08003a7d   Thumb Code    24  stm32f10x_tim.o(.text)
    TIM_CCPreloadControl                     0x08003a95   Thumb Code    24  stm32f10x_tim.o(.text)
    TIM_OC1PreloadConfig                     0x08003aad   Thumb Code    18  stm32f10x_tim.o(.text)
    TIM_OC2PreloadConfig                     0x08003abf   Thumb Code    26  stm32f10x_tim.o(.text)
    TIM_OC3PreloadConfig                     0x08003ad9   Thumb Code    18  stm32f10x_tim.o(.text)
    TIM_OC4PreloadConfig                     0x08003aeb   Thumb Code    26  stm32f10x_tim.o(.text)
    TIM_OC1FastConfig                        0x08003b05   Thumb Code    18  stm32f10x_tim.o(.text)
    TIM_OC2FastConfig                        0x08003b17   Thumb Code    26  stm32f10x_tim.o(.text)
    TIM_OC3FastConfig                        0x08003b31   Thumb Code    18  stm32f10x_tim.o(.text)
    TIM_OC4FastConfig                        0x08003b43   Thumb Code    26  stm32f10x_tim.o(.text)
    TIM_ClearOC1Ref                          0x08003b5d   Thumb Code    18  stm32f10x_tim.o(.text)
    TIM_ClearOC2Ref                          0x08003b6f   Thumb Code    24  stm32f10x_tim.o(.text)
    TIM_ClearOC3Ref                          0x08003b87   Thumb Code    18  stm32f10x_tim.o(.text)
    TIM_ClearOC4Ref                          0x08003b99   Thumb Code    24  stm32f10x_tim.o(.text)
    TIM_OC1PolarityConfig                    0x08003bb1   Thumb Code    18  stm32f10x_tim.o(.text)
    TIM_OC1NPolarityConfig                   0x08003bc3   Thumb Code    18  stm32f10x_tim.o(.text)
    TIM_OC2PolarityConfig                    0x08003bd5   Thumb Code    26  stm32f10x_tim.o(.text)
    TIM_OC2NPolarityConfig                   0x08003bef   Thumb Code    26  stm32f10x_tim.o(.text)
    TIM_OC3PolarityConfig                    0x08003c09   Thumb Code    26  stm32f10x_tim.o(.text)
    TIM_OC3NPolarityConfig                   0x08003c23   Thumb Code    26  stm32f10x_tim.o(.text)
    TIM_OC4PolarityConfig                    0x08003c3d   Thumb Code    26  stm32f10x_tim.o(.text)
    TIM_CCxCmd                               0x08003c57   Thumb Code    30  stm32f10x_tim.o(.text)
    TIM_CCxNCmd                              0x08003c75   Thumb Code    30  stm32f10x_tim.o(.text)
    TIM_SelectOCxM                           0x08003c93   Thumb Code    82  stm32f10x_tim.o(.text)
    TIM_UpdateDisableConfig                  0x08003ce5   Thumb Code    24  stm32f10x_tim.o(.text)
    TIM_UpdateRequestConfig                  0x08003cfd   Thumb Code    24  stm32f10x_tim.o(.text)
    TIM_SelectHallSensor                     0x08003d15   Thumb Code    24  stm32f10x_tim.o(.text)
    TIM_SelectOnePulseMode                   0x08003d2d   Thumb Code    18  stm32f10x_tim.o(.text)
    TIM_SelectOutputTrigger                  0x08003d3f   Thumb Code    18  stm32f10x_tim.o(.text)
    TIM_SelectSlaveMode                      0x08003d51   Thumb Code    18  stm32f10x_tim.o(.text)
    TIM_SelectMasterSlaveMode                0x08003d63   Thumb Code    18  stm32f10x_tim.o(.text)
    TIM_SetCounter                           0x08003d75   Thumb Code     4  stm32f10x_tim.o(.text)
    TIM_SetAutoreload                        0x08003d79   Thumb Code     4  stm32f10x_tim.o(.text)
    TIM_SetCompare1                          0x08003d7d   Thumb Code     4  stm32f10x_tim.o(.text)
    TIM_SetCompare2                          0x08003d81   Thumb Code     4  stm32f10x_tim.o(.text)
    TIM_SetCompare3                          0x08003d85   Thumb Code     4  stm32f10x_tim.o(.text)
    TIM_SetCompare4                          0x08003d89   Thumb Code     6  stm32f10x_tim.o(.text)
    TIM_SetClockDivision                     0x08003d8f   Thumb Code    18  stm32f10x_tim.o(.text)
    TIM_GetCapture1                          0x08003da1   Thumb Code     6  stm32f10x_tim.o(.text)
    TIM_GetCapture2                          0x08003da7   Thumb Code     6  stm32f10x_tim.o(.text)
    TIM_GetCapture3                          0x08003dad   Thumb Code     6  stm32f10x_tim.o(.text)
    TIM_GetCapture4                          0x08003db3   Thumb Code     8  stm32f10x_tim.o(.text)
    TIM_GetCounter                           0x08003dbb   Thumb Code     6  stm32f10x_tim.o(.text)
    TIM_GetPrescaler                         0x08003dc1   Thumb Code     6  stm32f10x_tim.o(.text)
    TIM_GetFlagStatus                        0x08003dc7   Thumb Code    18  stm32f10x_tim.o(.text)
    TIM_ClearFlag                            0x08003dd9   Thumb Code     6  stm32f10x_tim.o(.text)
    TIM_GetITStatus                          0x08003ddf   Thumb Code    34  stm32f10x_tim.o(.text)
    TIM_ClearITPendingBit                    0x08003e01   Thumb Code     6  stm32f10x_tim.o(.text)
    USART_DeInit                             0x08003e09   Thumb Code   134  stm32f10x_usart.o(.text)
    USART_Init                               0x08003e8f   Thumb Code   210  stm32f10x_usart.o(.text)
    USART_StructInit                         0x08003f61   Thumb Code    24  stm32f10x_usart.o(.text)
    USART_ClockInit                          0x08003f79   Thumb Code    34  stm32f10x_usart.o(.text)
    USART_ClockStructInit                    0x08003f9b   Thumb Code    12  stm32f10x_usart.o(.text)
    USART_Cmd                                0x08003fa7   Thumb Code    24  stm32f10x_usart.o(.text)
    USART_ITConfig                           0x08003fbf   Thumb Code    74  stm32f10x_usart.o(.text)
    USART_DMACmd                             0x08004009   Thumb Code    18  stm32f10x_usart.o(.text)
    USART_SetAddress                         0x0800401b   Thumb Code    18  stm32f10x_usart.o(.text)
    USART_WakeUpConfig                       0x0800402d   Thumb Code    18  stm32f10x_usart.o(.text)
    USART_ReceiverWakeUpCmd                  0x0800403f   Thumb Code    24  stm32f10x_usart.o(.text)
    USART_LINBreakDetectLengthConfig         0x08004057   Thumb Code    18  stm32f10x_usart.o(.text)
    USART_LINCmd                             0x08004069   Thumb Code    24  stm32f10x_usart.o(.text)
    USART_SendData                           0x08004081   Thumb Code     8  stm32f10x_usart.o(.text)
    USART_ReceiveData                        0x08004089   Thumb Code    10  stm32f10x_usart.o(.text)
    USART_SendBreak                          0x08004093   Thumb Code    10  stm32f10x_usart.o(.text)
    USART_SetGuardTime                       0x0800409d   Thumb Code    16  stm32f10x_usart.o(.text)
    USART_SetPrescaler                       0x080040ad   Thumb Code    16  stm32f10x_usart.o(.text)
    USART_SmartCardCmd                       0x080040bd   Thumb Code    24  stm32f10x_usart.o(.text)
    USART_SmartCardNACKCmd                   0x080040d5   Thumb Code    24  stm32f10x_usart.o(.text)
    USART_HalfDuplexCmd                      0x080040ed   Thumb Code    24  stm32f10x_usart.o(.text)
    USART_OverSampling8Cmd                   0x08004105   Thumb Code    22  stm32f10x_usart.o(.text)
    USART_OneBitMethodCmd                    0x0800411b   Thumb Code    24  stm32f10x_usart.o(.text)
    USART_IrDAConfig                         0x08004133   Thumb Code    18  stm32f10x_usart.o(.text)
    USART_IrDACmd                            0x08004145   Thumb Code    24  stm32f10x_usart.o(.text)
    USART_GetFlagStatus                      0x0800415d   Thumb Code    26  stm32f10x_usart.o(.text)
    USART_ClearFlag                          0x08004177   Thumb Code    18  stm32f10x_usart.o(.text)
    USART_GetITStatus                        0x08004189   Thumb Code    84  stm32f10x_usart.o(.text)
    USART_ClearITPendingBit                  0x080041dd   Thumb Code    52  stm32f10x_usart.o(.text)
    Reset_Handler                            0x08004211   Thumb Code     8  startup_stm32f10x_hd.o(.text)
    ADC1_2_IRQHandler                        0x0800422b   Thumb Code     0  startup_stm32f10x_hd.o(.text)
    ADC3_IRQHandler                          0x0800422b   Thumb Code     0  startup_stm32f10x_hd.o(.text)
    CAN1_RX1_IRQHandler                      0x0800422b   Thumb Code     0  startup_stm32f10x_hd.o(.text)
    CAN1_SCE_IRQHandler                      0x0800422b   Thumb Code     0  startup_stm32f10x_hd.o(.text)
    DMA1_Channel1_IRQHandler                 0x0800422b   Thumb Code     0  startup_stm32f10x_hd.o(.text)
    DMA1_Channel2_IRQHandler                 0x0800422b   Thumb Code     0  startup_stm32f10x_hd.o(.text)
    DMA1_Channel3_IRQHandler                 0x0800422b   Thumb Code     0  startup_stm32f10x_hd.o(.text)
    DMA1_Channel4_IRQHandler                 0x0800422b   Thumb Code     0  startup_stm32f10x_hd.o(.text)
    DMA1_Channel5_IRQHandler                 0x0800422b   Thumb Code     0  startup_stm32f10x_hd.o(.text)
    DMA1_Channel6_IRQHandler                 0x0800422b   Thumb Code     0  startup_stm32f10x_hd.o(.text)
    DMA1_Channel7_IRQHandler                 0x0800422b   Thumb Code     0  startup_stm32f10x_hd.o(.text)
    DMA2_Channel1_IRQHandler                 0x0800422b   Thumb Code     0  startup_stm32f10x_hd.o(.text)
    DMA2_Channel2_IRQHandler                 0x0800422b   Thumb Code     0  startup_stm32f10x_hd.o(.text)
    DMA2_Channel3_IRQHandler                 0x0800422b   Thumb Code     0  startup_stm32f10x_hd.o(.text)
    DMA2_Channel4_5_IRQHandler               0x0800422b   Thumb Code     0  startup_stm32f10x_hd.o(.text)
    EXTI0_IRQHandler                         0x0800422b   Thumb Code     0  startup_stm32f10x_hd.o(.text)
    EXTI15_10_IRQHandler                     0x0800422b   Thumb Code     0  startup_stm32f10x_hd.o(.text)
    EXTI1_IRQHandler                         0x0800422b   Thumb Code     0  startup_stm32f10x_hd.o(.text)
    EXTI2_IRQHandler                         0x0800422b   Thumb Code     0  startup_stm32f10x_hd.o(.text)
    EXTI3_IRQHandler                         0x0800422b   Thumb Code     0  startup_stm32f10x_hd.o(.text)
    EXTI4_IRQHandler                         0x0800422b   Thumb Code     0  startup_stm32f10x_hd.o(.text)
    EXTI9_5_IRQHandler                       0x0800422b   Thumb Code     0  startup_stm32f10x_hd.o(.text)
    FLASH_IRQHandler                         0x0800422b   Thumb Code     0  startup_stm32f10x_hd.o(.text)
    FSMC_IRQHandler                          0x0800422b   Thumb Code     0  startup_stm32f10x_hd.o(.text)
    I2C2_ER_IRQHandler                       0x0800422b   Thumb Code     0  startup_stm32f10x_hd.o(.text)
    I2C2_EV_IRQHandler                       0x0800422b   Thumb Code     0  startup_stm32f10x_hd.o(.text)
    PVD_IRQHandler                           0x0800422b   Thumb Code     0  startup_stm32f10x_hd.o(.text)
    RCC_IRQHandler                           0x0800422b   Thumb Code     0  startup_stm32f10x_hd.o(.text)
    RTCAlarm_IRQHandler                      0x0800422b   Thumb Code     0  startup_stm32f10x_hd.o(.text)
    RTC_IRQHandler                           0x0800422b   Thumb Code     0  startup_stm32f10x_hd.o(.text)
    SDIO_IRQHandler                          0x0800422b   Thumb Code     0  startup_stm32f10x_hd.o(.text)
    SPI1_IRQHandler                          0x0800422b   Thumb Code     0  startup_stm32f10x_hd.o(.text)
    SPI2_IRQHandler                          0x0800422b   Thumb Code     0  startup_stm32f10x_hd.o(.text)
    SPI3_IRQHandler                          0x0800422b   Thumb Code     0  startup_stm32f10x_hd.o(.text)
    TAMPER_IRQHandler                        0x0800422b   Thumb Code     0  startup_stm32f10x_hd.o(.text)
    TIM1_BRK_IRQHandler                      0x0800422b   Thumb Code     0  startup_stm32f10x_hd.o(.text)
    TIM1_CC_IRQHandler                       0x0800422b   Thumb Code     0  startup_stm32f10x_hd.o(.text)
    TIM1_TRG_COM_IRQHandler                  0x0800422b   Thumb Code     0  startup_stm32f10x_hd.o(.text)
    TIM1_UP_IRQHandler                       0x0800422b   Thumb Code     0  startup_stm32f10x_hd.o(.text)
    TIM2_IRQHandler                          0x0800422b   Thumb Code     0  startup_stm32f10x_hd.o(.text)
    TIM4_IRQHandler                          0x0800422b   Thumb Code     0  startup_stm32f10x_hd.o(.text)
    TIM5_IRQHandler                          0x0800422b   Thumb Code     0  startup_stm32f10x_hd.o(.text)
    TIM7_IRQHandler                          0x0800422b   Thumb Code     0  startup_stm32f10x_hd.o(.text)
    TIM8_BRK_IRQHandler                      0x0800422b   Thumb Code     0  startup_stm32f10x_hd.o(.text)
    TIM8_CC_IRQHandler                       0x0800422b   Thumb Code     0  startup_stm32f10x_hd.o(.text)
    TIM8_TRG_COM_IRQHandler                  0x0800422b   Thumb Code     0  startup_stm32f10x_hd.o(.text)
    TIM8_UP_IRQHandler                       0x0800422b   Thumb Code     0  startup_stm32f10x_hd.o(.text)
    UART4_IRQHandler                         0x0800422b   Thumb Code     0  startup_stm32f10x_hd.o(.text)
    UART5_IRQHandler                         0x0800422b   Thumb Code     0  startup_stm32f10x_hd.o(.text)
    USART2_IRQHandler                        0x0800422b   Thumb Code     0  startup_stm32f10x_hd.o(.text)
    USBWakeUp_IRQHandler                     0x0800422b   Thumb Code     0  startup_stm32f10x_hd.o(.text)
    USB_HP_CAN1_TX_IRQHandler                0x0800422b   Thumb Code     0  startup_stm32f10x_hd.o(.text)
    USB_LP_CAN1_RX0_IRQHandler               0x0800422b   Thumb Code     0  startup_stm32f10x_hd.o(.text)
    WWDG_IRQHandler                          0x0800422b   Thumb Code     0  startup_stm32f10x_hd.o(.text)
    LED_Init                                 0x08004235   Thumb Code   132  led.o(.text)
    Refresh_LED                              0x080042b9   Thumb Code    14  led.o(.text)
    TIM3_IRQHandler                          0x080042dd   Thumb Code    12  timerx.o(.text)
    TIM3_Int_Init                            0x080042e9   Thumb Code    88  timerx.o(.text)
    TIM6_IRQHandler                          0x08004341   Thumb Code   140  timerx.o(.text)
    TIM6_Int_Init                            0x080043cd   Thumb Code    90  timerx.o(.text)
    pulse_set                                0x0800443d   Thumb Code   130  inputs.o(.text)
    range_set_func                           0x080044bf   Thumb Code    70  inputs.o(.text)
    Input_IO_Init                            0x08004505   Thumb Code   102  inputs.o(.text)
    inputs_init                              0x0800456b   Thumb Code   176  inputs.o(.text)
    ADC_getChannal                           0x0800461b   Thumb Code    68  inputs.o(.text)
    check_voice_table                        0x0800465f   Thumb Code   128  inputs.o(.text)
    Check_sensor_exist                       0x080046df   Thumb Code   248  inputs.o(.text)
    inpust_scan                              0x080047d7   Thumb Code   652  inputs.o(.text)
    SCD40_get_value                          0x08004a63   Thumb Code   112  inputs.o(.text)
    Get_I2C1_Ram                             0x08004b0d   Thumb Code     8  i2c.o(.text)
    I2C_TX_buffer                            0x08004b15   Thumb Code    10  i2c.o(.text)
    Set_I2C1_Ram                             0x08004b1f   Thumb Code     6  i2c.o(.text)
    I2C1_Slave_Init                          0x08004b25   Thumb Code   182  i2c.o(.text)
    I2C1_ClearFlag                           0x08004bdb   Thumb Code    64  i2c.o(.text)
    I2C1_EV_IRQHandler                       0x08004c1b   Thumb Code   276  i2c.o(.text)
    I2C1_ER_IRQHandler                       0x08004d2f   Thumb Code    22  i2c.o(.text)
    sensirion_common_bytes_to_uint16_t       0x08004d79   Thumb Code    12  sensirion_common.o(.text)
    sensirion_common_bytes_to_uint32_t       0x08004d85   Thumb Code    24  sensirion_common.o(.text)
    sensirion_common_bytes_to_float          0x08004d9d   Thumb Code    16  sensirion_common.o(.text)
    sensirion_common_copy_bytes              0x08004dad   Thumb Code    22  sensirion_common.o(.text)
    sensirion_common_generate_crc            0x08004dc3   Thumb Code    58  sensirion_common.o(.text)
    sensirion_common_check_crc               0x08004dfd   Thumb Code    30  sensirion_common.o(.text)
    sensirion_i2c_general_call_reset         0x08004e1b   Thumb Code    18  sensirion_common.o(.text)
    sensirion_fill_cmd_send_buf              0x08004e2d   Thumb Code    94  sensirion_common.o(.text)
    sensirion_i2c_read_words_as_bytes        0x08004e8b   Thumb Code   108  sensirion_common.o(.text)
    sensirion_i2c_read_words                 0x08004ef7   Thumb Code    66  sensirion_common.o(.text)
    sensirion_i2c_write_cmd                  0x08004f39   Thumb Code    30  sensirion_common.o(.text)
    sensirion_i2c_write_cmd_with_args        0x08004f57   Thumb Code    44  sensirion_common.o(.text)
    sensirion_i2c_delayed_read_cmd           0x08004f83   Thumb Code    68  sensirion_common.o(.text)
    sensirion_i2c_read_cmd                   0x08004fc7   Thumb Code    26  sensirion_common.o(.text)
    sensirion_i2c_write                      0x08005059   Thumb Code    80  sensirion_sw_i2c.o(.text)
    sensirion_i2c_read                       0x080050a9   Thumb Code    92  sensirion_sw_i2c.o(.text)
    sensirion_i2c_init                       0x08005105   Thumb Code    16  sensirion_sw_i2c.o(.text)
    sensirion_i2c_release                    0x08005115   Thumb Code    16  sensirion_sw_i2c.o(.text)
    sht4x_read                               0x08005129   Thumb Code    62  sht4x.o(.text)
    sht4x_measure                            0x08005167   Thumb Code    14  sht4x.o(.text)
    sht4x_measure_blocking_read              0x08005175   Thumb Code    42  sht4x.o(.text)
    sht4x_read_serial                        0x0800519f   Thumb Code    64  sht4x.o(.text)
    sht4x_probe                              0x080051df   Thumb Code    10  sht4x.o(.text)
    sht4x_enable_low_power_mode              0x080051e9   Thumb Code    34  sht4x.o(.text)
    sht4x_get_driver_version                 0x0800520b   Thumb Code     6  sht4x.o(.text)
    sht4x_get_configured_address             0x08005211   Thumb Code     4  sht4x.o(.text)
    SHT4x_Initial                            0x08005221   Thumb Code    52  sht4x_example_usage.o(.text)
    Refresh_SHT4x                            0x08005255   Thumb Code   104  sht4x_example_usage.o(.text)
    IIC_Init                                 0x080052cd   Thumb Code    46  myiic.o(.text)
    SDA_IN                                   0x080052fb   Thumb Code    32  myiic.o(.text)
    SDA_OUT                                  0x0800531b   Thumb Code    30  myiic.o(.text)
    SCL_IN                                   0x08005339   Thumb Code    32  myiic.o(.text)
    SCL_OUT                                  0x08005359   Thumb Code    30  myiic.o(.text)
    IIC_SDA_HI                               0x08005377   Thumb Code     8  myiic.o(.text)
    IIC_SDA_LO                               0x0800537f   Thumb Code     8  myiic.o(.text)
    IIC_SCL_HI                               0x08005387   Thumb Code    10  myiic.o(.text)
    IIC_SCL_LO                               0x08005391   Thumb Code    10  myiic.o(.text)
    READ_SDA                                 0x0800539b   Thumb Code    10  myiic.o(.text)
    READ_SCL                                 0x080053a5   Thumb Code    10  myiic.o(.text)
    IIC_Start                                0x080053af   Thumb Code    36  myiic.o(.text)
    IIC_Stop                                 0x080053d3   Thumb Code    36  myiic.o(.text)
    IIC_Wait_Ack                             0x080053f7   Thumb Code    62  myiic.o(.text)
    IIC_Ack                                  0x08005435   Thumb Code    36  myiic.o(.text)
    IIC_NAck                                 0x08005459   Thumb Code    36  myiic.o(.text)
    IIC_Send_Byte                            0x0800547d   Thumb Code    76  myiic.o(.text)
    IIC_Read_Byte                            0x080054c9   Thumb Code    72  myiic.o(.text)
    sensirion_init_pins                      0x08005519   Thumb Code     2  sensirion_sw_i2c_implementation.o(.text)
    sensirion_release_pins                   0x0800551b   Thumb Code     2  sensirion_sw_i2c_implementation.o(.text)
    sensirion_SDA_in                         0x0800551d   Thumb Code     8  sensirion_sw_i2c_implementation.o(.text)
    sensirion_SDA_out                        0x08005525   Thumb Code     8  sensirion_sw_i2c_implementation.o(.text)
    sensirion_SDA_read                       0x0800552d   Thumb Code     8  sensirion_sw_i2c_implementation.o(.text)
    sensirion_SCL_in                         0x08005535   Thumb Code     8  sensirion_sw_i2c_implementation.o(.text)
    sensirion_SCL_out                        0x0800553d   Thumb Code     8  sensirion_sw_i2c_implementation.o(.text)
    sensirion_SCL_read                       0x08005545   Thumb Code     8  sensirion_sw_i2c_implementation.o(.text)
    sensirion_sleep_usec                     0x0800554d   Thumb Code    20  sensirion_sw_i2c_implementation.o(.text)
    KEY_IO_config                            0x08005561   Thumb Code    48  key.o(.text)
    Key_Inital                               0x08005591   Thumb Code     8  key.o(.text)
    KEY_Scan                                 0x08005599   Thumb Code   152  key.o(.text)
    Key_Process                              0x08005631   Thumb Code   192  key.o(.text)
    vStartKeyTasks                           0x080056f1   Thumb Code    36  key.o(.text)
    xTaskGenericCreate                       0x08005809   Thumb Code   240  tasks.o(.text)
    vTaskDelete                              0x080058f9   Thumb Code    94  tasks.o(.text)
    vTaskIncrementTick                       0x08005957   Thumb Code   228  tasks.o(.text)
    xTaskResumeAll                           0x08005a3b   Thumb Code   188  tasks.o(.text)
    vTaskSuspendAll                          0x08005b89   Thumb Code    12  tasks.o(.text)
    vTaskDelayUntil                          0x08005b95   Thumb Code   108  tasks.o(.text)
    vTaskDelay                               0x08005c01   Thumb Code    48  tasks.o(.text)
    uxTaskPriorityGet                        0x08005c31   Thumb Code    30  tasks.o(.text)
    vTaskPrioritySet                         0x08005c4f   Thumb Code   150  tasks.o(.text)
    vTaskSwitchContext                       0x08005ce5   Thumb Code    92  tasks.o(.text)
    vTaskSuspend                             0x08005d41   Thumb Code   100  tasks.o(.text)
    xTaskIsTaskSuspended                     0x08005da5   Thumb Code    60  tasks.o(.text)
    vTaskResume                              0x08005de1   Thumb Code    92  tasks.o(.text)
    xTaskResumeFromISR                       0x08005e3d   Thumb Code   100  tasks.o(.text)
    vTaskStartScheduler                      0x08005f19   Thumb Code    52  tasks.o(.text)
    vTaskEndScheduler                        0x08005f4d   Thumb Code    18  tasks.o(.text)
    xTaskGetTickCount                        0x08005f5f   Thumb Code    78  tasks.o(.text)
    xTaskGetTickCountFromISR                 0x08005fad   Thumb Code    20  tasks.o(.text)
    uxTaskGetNumberOfTasks                   0x08005fc1   Thumb Code     6  tasks.o(.text)
    vTaskPlaceOnEventList                    0x08005fc7   Thumb Code    60  tasks.o(.text)
    xTaskRemoveFromEventList                 0x08006003   Thumb Code    96  tasks.o(.text)
    vTaskSetTimeOutState                     0x08006063   Thumb Code    14  tasks.o(.text)
    xTaskCheckForTimeOut                     0x08006071   Thumb Code    92  tasks.o(.text)
    vTaskMissedYield                         0x080060cd   Thumb Code     8  tasks.o(.text)
    xTaskGetSchedulerState                   0x080060d5   Thumb Code    24  tasks.o(.text)
    vListInitialise                          0x08006119   Thumb Code    26  list.o(.text)
    vListInitialiseItem                      0x08006133   Thumb Code     6  list.o(.text)
    vListInsertEnd                           0x08006139   Thumb Code    28  list.o(.text)
    vListInsert                              0x08006155   Thumb Code    52  list.o(.text)
    vListRemove                              0x08006189   Thumb Code    36  list.o(.text)
    xQueueCreate                             0x080061ad   Thumb Code   112  queue.o(.text)
    xQueueGenericSend                        0x08006313   Thumb Code   206  queue.o(.text)
    xQueueGenericSendFromISR                 0x080063e1   Thumb Code    94  queue.o(.text)
    xQueueGenericReceive                     0x08006485   Thumb Code   252  queue.o(.text)
    xQueueReceiveFromISR                     0x08006581   Thumb Code    92  queue.o(.text)
    uxQueueMessagesWaiting                   0x080065dd   Thumb Code    18  queue.o(.text)
    uxQueueMessagesWaitingFromISR            0x080065ef   Thumb Code     6  queue.o(.text)
    vQueueDelete                             0x080065f5   Thumb Code    18  queue.o(.text)
    xQueueIsQueueEmptyFromISR                0x08006607   Thumb Code    16  queue.o(.text)
    xQueueIsQueueFullFromISR                 0x08006617   Thumb Code    20  queue.o(.text)
    pxPortInitialiseStack                    0x0800662d   Thumb Code    26  port.o(.text)
    xPortStartScheduler                      0x08006655   Thumb Code    42  port.o(.text)
    vPortEndScheduler                        0x0800667f   Thumb Code     2  port.o(.text)
    vPortYieldFromISR                        0x08006681   Thumb Code    12  port.o(.text)
    vPortEnterCritical                       0x0800668d   Thumb Code    18  port.o(.text)
    vPortExitCritical                        0x0800669f   Thumb Code    24  port.o(.text)
    xPortSysTickHandler                      0x080066b7   Thumb Code    28  port.o(.text)
    pvPortMalloc                             0x080066e1   Thumb Code   194  heap_2.o(.text)
    vPortFree                                0x080067a3   Thumb Code    56  heap_2.o(.text)
    xPortGetFreeHeapSize                     0x080067db   Thumb Code     6  heap_2.o(.text)
    vPortInitialiseBlocks                    0x080067e1   Thumb Code     2  heap_2.o(.text)
    delay_init                               0x080067f9   Thumb Code    72  delay.o(.text)
    delay_us                                 0x08006841   Thumb Code    86  delay.o(.text)
    delay_ms                                 0x08006897   Thumb Code    60  delay.o(.text)
    _sys_exit                                0x080068dd   Thumb Code     4  usart.o(.text)
    fputc                                    0x080068e1   Thumb Code    44  usart.o(.text)
    uart1_init                               0x0800690d   Thumb Code   190  usart.o(.text)
    init_crc16                               0x080069d9   Thumb Code    12  crc.o(.text)
    crc16_byte                               0x080069e5   Thumb Code    32  crc.o(.text)
    crc16                                    0x08006a05   Thumb Code    54  crc.o(.text)
    serial_restart                           0x08006a4d   Thumb Code    16  modbus.o(.text)
    USART1_IRQHandler                        0x08006a5d   Thumb Code   298  modbus.o(.text)
    send_byte                                0x08006b8f   Thumb Code    38  modbus.o(.text)
    USART_SendDataString                     0x08006bb5   Thumb Code    34  modbus.o(.text)
    modbus_init                              0x08006bd7   Thumb Code    22  modbus.o(.text)
    SoftReset                                0x08006bed   Thumb Code    36  modbus.o(.text)
    internalDeal                             0x08006c11   Thumb Code    62  modbus.o(.text)
    checkData                                0x08006e9b   Thumb Code   126  modbus.o(.text)
    dealwithData                             0x08006f19   Thumb Code    52  modbus.o(.text)
    scd4x_start_periodic_measurement         0x08006f59   Thumb Code    48  scd4x_i2c.o(.text)
    scd4x_read_measurement_ticks             0x08006f89   Thumb Code    96  scd4x_i2c.o(.text)
    scd4x_read_measurement                   0x08006fe9   Thumb Code    68  scd4x_i2c.o(.text)
    scd4x_stop_periodic_measurement          0x0800702d   Thumb Code    46  scd4x_i2c.o(.text)
    scd4x_get_temperature_offset_ticks       0x0800705b   Thumb Code    76  scd4x_i2c.o(.text)
    scd4x_get_temperature_offset             0x080070a7   Thumb Code    36  scd4x_i2c.o(.text)
    scd4x_set_temperature_offset_ticks       0x080070cb   Thumb Code    62  scd4x_i2c.o(.text)
    scd4x_set_temperature_offset             0x08007109   Thumb Code    22  scd4x_i2c.o(.text)
    scd4x_get_sensor_altitude                0x0800711f   Thumb Code    76  scd4x_i2c.o(.text)
    scd4x_set_sensor_altitude                0x0800716b   Thumb Code    62  scd4x_i2c.o(.text)
    scd4x_set_ambient_pressure               0x080071a9   Thumb Code    62  scd4x_i2c.o(.text)
    scd4x_perform_forced_recalibration       0x080071e7   Thumb Code    92  scd4x_i2c.o(.text)
    scd4x_get_automatic_self_calibration     0x08007243   Thumb Code    76  scd4x_i2c.o(.text)
    scd4x_set_automatic_self_calibration     0x0800728f   Thumb Code    62  scd4x_i2c.o(.text)
    scd4x_start_low_power_periodic_measurement 0x080072cd   Thumb Code    30  scd4x_i2c.o(.text)
    scd4x_get_data_ready_status              0x080072eb   Thumb Code    76  scd4x_i2c.o(.text)
    scd4x_persist_settings                   0x08007337   Thumb Code    46  scd4x_i2c.o(.text)
    scd4x_get_serial_number                  0x08007365   Thumb Code   104  scd4x_i2c.o(.text)
    scd4x_perform_self_test                  0x080073cd   Thumb Code    74  scd4x_i2c.o(.text)
    scd4x_perform_factory_reset              0x08007417   Thumb Code    64  scd4x_i2c.o(.text)
    scd4x_reinit                             0x08007457   Thumb Code    48  scd4x_i2c.o(.text)
    scd4x_measure_single_shot                0x08007487   Thumb Code    46  scd4x_i2c.o(.text)
    scd4x_measure_single_shot_rht_only       0x080074b5   Thumb Code    48  scd4x_i2c.o(.text)
    scd4x_power_down                         0x080074e5   Thumb Code    48  scd4x_i2c.o(.text)
    scd4x_wake_up                            0x08007515   Thumb Code    40  scd4x_i2c.o(.text)
    SCD40_Initial                            0x08007545   Thumb Code    44  scd4x_i2c_example_usage.o(.text)
    Refresh_SCD40                            0x08007571   Thumb Code   170  scd4x_i2c_example_usage.o(.text)
    scd4x_calibration                        0x0800761b   Thumb Code    12  scd4x_i2c_example_usage.o(.text)
    sensirion_i2c_generate_crc               0x08007641   Thumb Code    58  sensirion_i2c.o(.text)
    sensirion_i2c_check_crc                  0x0800767b   Thumb Code    28  sensirion_i2c.o(.text)
    sensirion_i2c_fill_cmd_send_buf          0x08007697   Thumb Code    94  sensirion_i2c.o(.text)
    sensirion_i2c_add_command_to_buffer      0x080076f5   Thumb Code    26  sensirion_i2c.o(.text)
    sensirion_i2c_add_uint32_t_to_buffer     0x0800770f   Thumb Code    86  sensirion_i2c.o(.text)
    sensirion_i2c_add_int32_t_to_buffer      0x08007765   Thumb Code    20  sensirion_i2c.o(.text)
    sensirion_i2c_add_uint16_t_to_buffer     0x08007779   Thumb Code    46  sensirion_i2c.o(.text)
    sensirion_i2c_add_int16_t_to_buffer      0x080077a7   Thumb Code    20  sensirion_i2c.o(.text)
    sensirion_i2c_add_float_to_buffer        0x080077bb   Thumb Code    98  sensirion_i2c.o(.text)
    sensirion_i2c_add_bytes_to_buffer        0x0800781d   Thumb Code    90  sensirion_i2c.o(.text)
    sensirion_i2c_read_data_inplace          0x08007877   Thumb Code   126  sensirion_i2c.o(.text)
    sgp30_measure_test                       0x08007abd   Thumb Code    58  sgp30.o(.text)
    sgp30_measure_iaq                        0x08007af7   Thumb Code    46  sgp30.o(.text)
    sgp30_read_iaq                           0x08007b25   Thumb Code    60  sgp30.o(.text)
    sgp30_measure_iaq_blocking_read          0x08007b61   Thumb Code    40  sgp30.o(.text)
    sgp30_measure_tvoc                       0x08007b89   Thumb Code     8  sgp30.o(.text)
    sgp30_read_tvoc                          0x08007b91   Thumb Code    14  sgp30.o(.text)
    sgp30_measure_tvoc_blocking_read         0x08007b9f   Thumb Code    14  sgp30.o(.text)
    sgp30_measure_co2_eq                     0x08007bad   Thumb Code     8  sgp30.o(.text)
    sgp30_read_co2_eq                        0x08007bb5   Thumb Code    14  sgp30.o(.text)
    sgp30_measure_co2_eq_blocking_read       0x08007bc3   Thumb Code    14  sgp30.o(.text)
    sgp30_measure_raw_blocking_read          0x08007bd1   Thumb Code    42  sgp30.o(.text)
    sgp30_measure_raw                        0x08007bfb   Thumb Code    48  sgp30.o(.text)
    sgp30_read_raw                           0x08007c2b   Thumb Code    62  sgp30.o(.text)
    sgp30_get_iaq_baseline                   0x08007c69   Thumb Code    50  sgp30.o(.text)
    sgp30_set_iaq_baseline                   0x08007c9b   Thumb Code    54  sgp30.o(.text)
    sgp30_get_tvoc_inceptive_baseline        0x08007cd1   Thumb Code    52  sgp30.o(.text)
    sgp30_set_tvoc_baseline                  0x08007d05   Thumb Code    46  sgp30.o(.text)
    sgp30_set_absolute_humidity              0x08007d33   Thumb Code   138  sgp30.o(.text)
    sgp30_get_driver_version                 0x08007dbd   Thumb Code     6  sgp30.o(.text)
    sgp30_get_configured_address             0x08007dc3   Thumb Code     4  sgp30.o(.text)
    sgp30_get_feature_set_version            0x08007dc7   Thumb Code    20  sgp30.o(.text)
    sgp30_get_serial_id                      0x08007ddb   Thumb Code    16  sgp30.o(.text)
    sgp30_iaq_init                           0x08007deb   Thumb Code    10  sgp30.o(.text)
    sgp30_probe                              0x08007df5   Thumb Code   252  sgp30.o(.text)
    VOC_IIC_Init                             0x08007f01   Thumb Code    80  voc.o(.text)
    VOC_Init                                 0x08007f51   Thumb Code    90  voc.o(.text)
    Check_Voc                                0x08007fab   Thumb Code   210  voc.o(.text)
    __aeabi_memcpy                           0x080080a5   Thumb Code    36  memcpya.o(.text)
    __aeabi_memcpy4                          0x080080a5   Thumb Code     0  memcpya.o(.text)
    __aeabi_memcpy8                          0x080080a5   Thumb Code     0  memcpya.o(.text)
    __aeabi_memset                           0x080080c9   Thumb Code    14  memseta.o(.text)
    __aeabi_memset4                          0x080080c9   Thumb Code     0  memseta.o(.text)
    __aeabi_memset8                          0x080080c9   Thumb Code     0  memseta.o(.text)
    __aeabi_memclr                           0x080080d7   Thumb Code     4  memseta.o(.text)
    __aeabi_memclr4                          0x080080d7   Thumb Code     0  memseta.o(.text)
    __aeabi_memclr8                          0x080080d7   Thumb Code     0  memseta.o(.text)
    _memset$wrapper                          0x080080db   Thumb Code    18  memseta.o(.text)
    strncpy                                  0x080080ed   Thumb Code    24  strncpy.o(.text)
    __aeabi_fadd                             0x08008105   Thumb Code   164  fadd.o(.text)
    __aeabi_fsub                             0x080081a9   Thumb Code     6  fadd.o(.text)
    __aeabi_frsub                            0x080081af   Thumb Code     6  fadd.o(.text)
    __aeabi_fmul                             0x080081b5   Thumb Code   100  fmul.o(.text)
    __aeabi_fdiv                             0x08008219   Thumb Code   124  fdiv.o(.text)
    __aeabi_i2f                              0x08008295   Thumb Code    18  fflti.o(.text)
    __aeabi_ui2f                             0x080082a7   Thumb Code    10  ffltui.o(.text)
    __aeabi_f2uiz                            0x080082b1   Thumb Code    40  ffixui.o(.text)
    __aeabi_cfcmpeq                          0x080082d9   Thumb Code     0  cfcmple.o(.text)
    __aeabi_cfcmple                          0x080082d9   Thumb Code    20  cfcmple.o(.text)
    __aeabi_cfrcmple                         0x080082ed   Thumb Code    20  cfrcmple.o(.text)
    __I$use$fp                               0x08008301   Thumb Code     0  iusefp.o(.text)
    _float_round                             0x08008301   Thumb Code    18  fepilogue.o(.text)
    _float_epilogue                          0x08008313   Thumb Code    92  fepilogue.o(.text)
    __scatterload                            0x08008371   Thumb Code    28  init.o(.text)
    __scatterload_rt2                        0x08008371   Thumb Code     0  init.o(.text)
    __decompress                             0x08008395   Thumb Code     0  __dczerorl2.o(.text)
    __decompress1                            0x08008395   Thumb Code    86  __dczerorl2.o(.text)
    __scatterload_copy                       0x080083eb   Thumb Code    14  handlers.o(i.__scatterload_copy)
    __scatterload_null                       0x080083f9   Thumb Code     2  handlers.o(i.__scatterload_null)
    __scatterload_zeroinit                   0x080083fb   Thumb Code    14  handlers.o(i.__scatterload_zeroinit)
    free                                     0x08008409   Thumb Code    76  malloc.o(i.free)
    malloc                                   0x08008459   Thumb Code    92  malloc.o(i.malloc)
    auchCRCHi                                0x080084f4   Data         256  crc.o(.constdata)
    auchCRCLo                                0x080085f4   Data         256  crc.o(.constdata)
    PROFILE_NUMBER_IAQ_SET_TVOC_BASELINE     0x08008704   Data           1  sgp30_featureset.o(.constdata)
    PROFILE_NUMBER_MEASURE_RAW_SIGNALS       0x08008705   Data           1  sgp30_featureset.o(.constdata)
    PROFILE_NUMBER_SET_ABSOLUTE_HUMIDITY     0x08008706   Data           1  sgp30_featureset.o(.constdata)
    sgp_supported_featuresets                0x08008998   Data           8  sgp30_featureset.o(.constdata)
    Region$$Table$$Base                      0x08008a04   Number         0  anon$$obj.o(Region$$Table)
    Region$$Table$$Limit                     0x08008a24   Number         0  anon$$obj.o(Region$$Table)
    flag_ISP                                 0x20000000   Data           1  main.o(.data)
    flag_led                                 0x20000001   Data           1  main.o(.data)
    SystemCoreClock                          0x20000004   Data           4  system_stm32f10x.o(.data)
    AHBPrescTable                            0x20000008   Data          16  system_stm32f10x.o(.data)
    dataIndex                                0x20000018   Data           1  es51932_driver.o(.data)
    combinedNumber                           0x2000001c   Data           4  es51932_driver.o(.data)
    resistanceBytes                          0x20000020   Data           4  es51932_driver.o(.data)
    receivedSerialData                       0x20000024   Data           1  es51932_driver.o(.data)
    DelayTime                                0x200001c6   Data           1  timerx.o(.data)
    scroll_led                               0x200001c7   Data           1  timerx.o(.data)
    ex_moudle                                0x200001cc   Data           8  inputs.o(.data)
    co2_asc                                  0x200001d4   Data           2  inputs.o(.data)
    co2_frc                                  0x200001d6   Data           2  inputs.o(.data)
    MAX_AI_CHANNEL                           0x200001d8   Data           1  inputs.o(.data)
    AO_Feedback                              0x200001da   Data           8  inputs.o(.data)
    high_spd_flag                            0x200001e2   Data           6  inputs.o(.data)
    flag_ready_to_scan                       0x200001e8   Data           1  inputs.o(.data)
    table_pwm                                0x200001e9   Data           8  inputs.o(.data)
    hum_sensor_type                          0x200001f1   Data           1  inputs.o(.data)
    tem_org                                  0x200001f4   Data           4  inputs.o(.data)
    hum_org                                  0x200001f8   Data           4  inputs.o(.data)
    HumSensor_dew_pt                         0x200001fc   Data           2  inputs.o(.data)
    HumSensor_dew_pt_F                       0x200001fe   Data           2  inputs.o(.data)
    HumSensor_Pws                            0x20000200   Data           2  inputs.o(.data)
    HumSensor_Mix_Ratio                      0x20000202   Data           2  inputs.o(.data)
    HumSensor_Enthalpy                       0x20000204   Data           2  inputs.o(.data)
    voice_table                              0x20000206   Data          40  inputs.o(.data)
    voltage_occ                              0x2000022e   Data           2  inputs.o(.data)
    i2c1_mode                                0x20000231   Data           1  i2c.o(.data)
    i2c_send_index                           0x20000232   Data           1  i2c.o(.data)
    i2c_rcv_index                            0x20000233   Data           1  i2c.o(.data)
    multiChannel                             0x20000234   Data           1  i2c.o(.data)
    hum_exists                               0x2000023a   Data           1  sht4x_example_usage.o(.data)
    SHT_DRV_VERSION_STR                      0x2000023c   Data           4  sht_git_version.o(.data)
    w_Key_Count                              0x20000240   Data           2  key.o(.data)
    by_Key_Buffer                            0x20000242   Data           1  key.o(.data)
    b_PressKey                               0x20000243   Data           1  key.o(.data)
    w_Beep_Count                             0x20000244   Data           2  key.o(.data)
    w_Backlit_Count                          0x20000246   Data           2  key.o(.data)
    by_Key                                   0x20000248   Data           1  key.o(.data)
    xKeyTask                                 0x2000024c   Data           4  key.o(.data)
    global_key                               0x20000250   Data           2  key.o(.data)
    pre_key                                  0x20000252   Data           2  key.o(.data)
    g_key                                    0x20000254   Data           1  key.o(.data)
    qKey                                     0x20000258   Data           4  key.o(.data)
    pxCurrentTCB                             0x20000260   Data           4  tasks.o(.data)
    CRClo                                    0x200002bc   Data           1  crc.o(.data)
    CRChi                                    0x200002bd   Data           1  crc.o(.data)
    update_flash_status                      0x200002be   Data           2  modbus.o(.data)
    transmit_finished                        0x200002c0   Data           1  modbus.o(.data)
    revce_count                              0x200002c1   Data           1  modbus.o(.data)
    rece_size                                0x200002c2   Data           1  modbus.o(.data)
    serial_receive_timeout_count             0x200002c3   Data           1  modbus.o(.data)
    SERIAL_RECEIVE_TIMEOUT                   0x200002c4   Data           1  modbus.o(.data)
    dealwithTag                              0x200002c5   Data           1  modbus.o(.data)
    sendbyte_num                             0x200002c6   Data           2  modbus.o(.data)
    uart_num                                 0x200002c8   Data           2  modbus.o(.data)
    Station_NUM                              0x200002ca   Data           1  modbus.o(.data)
    tx_count                                 0x200002cb   Data           1  modbus.o(.data)
    rx_count                                 0x200002cc   Data           1  modbus.o(.data)
    scd4x_perform_forced                     0x200002d0   Data           1  scd4x_i2c_example_usage.o(.data)
    internal_co2_module_type                 0x200002d1   Data           1  scd4x_i2c_example_usage.o(.data)
    SGP_DRV_VERSION_STR                      0x200002d4   Data           4  sgp_git_version.o(.data)
    voc_ok                                   0x2000034c   Data           1  voc.o(.data)
    voc_value                                0x2000034e   Data           2  voc.o(.data)
    iaq_baseline                             0x20000350   Data           4  voc.o(.data)
    voc_ini_baseline                         0x20000354   Data           1  voc.o(.data)
    voc_baseline                             0x20000355   Data           4  voc.o(.data)
    __microlib_freelist                      0x2000035c   Data           4  mvars.o(.data)
    __microlib_freelist_initialised          0x20000360   Data           4  mvars.o(.data)
    receivedData                             0x20000364   Data          14  es51932_driver.o(.bss)
    dataBuffer                               0x20000372   Data          14  es51932_driver.o(.bss)
    range                                    0x20000380   Data          32  inputs.o(.bss)
    AD_Value                                 0x200003a0   Data          64  inputs.o(.bss)
    FAN_MODE                                 0x200003e0   Data          72  inputs.o(.bss)
    flag_count_in                            0x20000428   Data          10  inputs.o(.bss)
    slop                                     0x20000432   Data          10  inputs.o(.bss)
    i2c_send                                 0x2000043c   Data         200  i2c.o(.bss)
    i2c_rcv                                  0x20000504   Data         100  i2c.o(.bss)
    USART_RX_BUF                             0x20002e30   Data         512  modbus.o(.bss)
    uart_send                                0x20003030   Data         512  modbus.o(.bss)
    test                                     0x20003230   Data         600  modbus.o(.bss)
    voc_buf                                  0x200034c0   Data          10  voc.o(.bss)
    __heap_base                              0x200034d0   Data           0  startup_stm32f10x_hd.o(HEAP)
    __heap_limit                             0x200036d0   Data           0  startup_stm32f10x_hd.o(HEAP)
    __initial_sp                             0x20003ad0   Data           0  startup_stm32f10x_hd.o(STACK)



==============================================================================

Memory Map of the image

  Image Entry point : 0x08000131

  Load Region LR_IROM1 (Base: 0x08000000, Size: 0x00008d88, Max: 0x00040000, ABSOLUTE, COMPRESSED[0x00008b48])

    Execution Region ER_IROM1 (Base: 0x08000000, Size: 0x00008a24, Max: 0x00040000, ABSOLUTE)

    Base Addr    Size         Type   Attr      Idx    E Section Name        Object

    0x08000000   0x00000130   Data   RO          584    RESET               startup_stm32f10x_hd.o
    0x08000130   0x00000000   Code   RO         1213  * .ARM.Collect$$$$00000000  mc_w.l(entry.o)
    0x08000130   0x00000004   Code   RO         1268    .ARM.Collect$$$$00000001  mc_w.l(entry2.o)
    0x08000134   0x00000004   Code   RO         1271    .ARM.Collect$$$$00000004  mc_w.l(entry5.o)
    0x08000138   0x00000000   Code   RO         1273    .ARM.Collect$$$$00000008  mc_w.l(entry7b.o)
    0x08000138   0x00000000   Code   RO         1275    .ARM.Collect$$$$0000000A  mc_w.l(entry8b.o)
    0x08000138   0x00000008   Code   RO         1276    .ARM.Collect$$$$0000000B  mc_w.l(entry9a.o)
    0x08000140   0x00000000   Code   RO         1278    .ARM.Collect$$$$0000000D  mc_w.l(entry10a.o)
    0x08000140   0x00000000   Code   RO         1280    .ARM.Collect$$$$0000000F  mc_w.l(entry11a.o)
    0x08000140   0x00000004   Code   RO         1269    .ARM.Collect$$$$00002712  mc_w.l(entry2.o)
    0x08000144   0x0000008c   Code   RO          961    .emb_text           port.o
    0x080001d0   0x00000310   Code   RO            1    .text               main.o
    0x080004e0   0x0000001a   Code   RO          170    .text               stm32f10x_it.o
    0x080004fa   0x00000002   PAD
    0x080004fc   0x000001e0   Code   RO          185    .text               system_stm32f10x.o
    0x080006dc   0x00000d50   Code   RO          203    .text               es51932_driver.o
    0x0800142c   0x00000728   Code   RO          249    .text               hy3131_spi.o
    0x08001b54   0x000000dc   Code   RO          269    .text               misc.o
    0x08001c30   0x0000044e   Code   RO          281    .text               stm32f10x_adc.o
    0x0800207e   0x00000002   PAD
    0x08002080   0x0000011c   Code   RO          392    .text               stm32f10x_exti.o
    0x0800219c   0x0000035c   Code   RO          428    .text               stm32f10x_gpio.o
    0x080024f8   0x00000404   Code   RO          440    .text               stm32f10x_i2c.o
    0x080028fc   0x00000040   Code   RO          452    .text               stm32f10x_iwdg.o
    0x0800293c   0x000003a4   Code   RO          476    .text               stm32f10x_rcc.o
    0x08002ce0   0x0000030c   Code   RO          517    .text               stm32f10x_spi.o
    0x08002fec   0x00000e1a   Code   RO          529    .text               stm32f10x_tim.o
    0x08003e06   0x00000002   PAD
    0x08003e08   0x00000408   Code   RO          541    .text               stm32f10x_usart.o
    0x08004210   0x00000024   Code   RO          585    .text               startup_stm32f10x_hd.o
    0x08004234   0x000000a8   Code   RO          589    .text               led.o
    0x080042dc   0x00000160   Code   RO          617    .text               timerx.o
    0x0800443c   0x000006d0   Code   RO          645    .text               inputs.o
    0x08004b0c   0x0000026c   Code   RO          701    .text               i2c.o
    0x08004d78   0x00000268   Code   RO          733    .text               sensirion_common.o
    0x08004fe0   0x00000148   Code   RO          761    .text               sensirion_sw_i2c.o
    0x08005128   0x000000f8   Code   RO          781    .text               sht4x.o
    0x08005220   0x000000ac   Code   RO          803    .text               sht4x_example_usage.o
    0x080052cc   0x0000024c   Code   RO          831    .text               myiic.o
    0x08005518   0x00000048   Code   RO          851    .text               sensirion_sw_i2c_implementation.o
    0x08005560   0x000001e4   Code   RO          876    .text               key.o
    0x08005744   0x000009d4   Code   RO          896    .text               tasks.o
    0x08006118   0x00000094   Code   RO          931    .text               list.o
    0x080061ac   0x0000047e   Code   RO          946    .text               queue.o
    0x0800662a   0x00000002   PAD
    0x0800662c   0x000000b4   Code   RO          962    .text               port.o
    0x080066e0   0x00000118   Code   RO          979    .text               heap_2.o
    0x080067f8   0x000000e4   Code   RO          994    .text               delay.o
    0x080068dc   0x000000fc   Code   RO         1008    .text               usart.o
    0x080069d8   0x00000074   Code   RO         1034    .text               crc.o
    0x08006a4c   0x0000050c   Code   RO         1053    .text               modbus.o
    0x08006f58   0x000005ec   Code   RO         1077    .text               scd4x_i2c.o
    0x08007544   0x000000fc   Code   RO         1102    .text               scd4x_i2c_example_usage.o
    0x08007640   0x000002b4   Code   RO         1118    .text               sensirion_i2c.o
    0x080078f4   0x0000060c   Code   RO         1144    .text               sgp30.o
    0x08007f00   0x000001a4   Code   RO         1193    .text               voc.o
    0x080080a4   0x00000024   Code   RO         1216    .text               mc_w.l(memcpya.o)
    0x080080c8   0x00000024   Code   RO         1218    .text               mc_w.l(memseta.o)
    0x080080ec   0x00000018   Code   RO         1220    .text               mc_w.l(strncpy.o)
    0x08008104   0x000000b0   Code   RO         1252    .text               mf_w.l(fadd.o)
    0x080081b4   0x00000064   Code   RO         1254    .text               mf_w.l(fmul.o)
    0x08008218   0x0000007c   Code   RO         1256    .text               mf_w.l(fdiv.o)
    0x08008294   0x00000012   Code   RO         1258    .text               mf_w.l(fflti.o)
    0x080082a6   0x0000000a   Code   RO         1260    .text               mf_w.l(ffltui.o)
    0x080082b0   0x00000028   Code   RO         1262    .text               mf_w.l(ffixui.o)
    0x080082d8   0x00000014   Code   RO         1264    .text               mf_w.l(cfcmple.o)
    0x080082ec   0x00000014   Code   RO         1266    .text               mf_w.l(cfrcmple.o)
    0x08008300   0x00000000   Code   RO         1284    .text               mc_w.l(iusefp.o)
    0x08008300   0x0000006e   Code   RO         1285    .text               mf_w.l(fepilogue.o)
    0x0800836e   0x00000002   PAD
    0x08008370   0x00000024   Code   RO         1287    .text               mc_w.l(init.o)
    0x08008394   0x00000056   Code   RO         1297    .text               mc_w.l(__dczerorl2.o)
    0x080083ea   0x0000000e   Code   RO         1291    i.__scatterload_copy  mc_w.l(handlers.o)
    0x080083f8   0x00000002   Code   RO         1292    i.__scatterload_null  mc_w.l(handlers.o)
    0x080083fa   0x0000000e   Code   RO         1293    i.__scatterload_zeroinit  mc_w.l(handlers.o)
    0x08008408   0x00000050   Code   RO         1224    i.free              mc_w.l(malloc.o)
    0x08008458   0x0000006c   Code   RO         1225    i.malloc            mc_w.l(malloc.o)
    0x080084c4   0x00000030   Data   RO          250    .constdata          hy3131_spi.o
    0x080084f4   0x00000200   Data   RO         1035    .constdata          crc.o
    0x080086f4   0x00000010   Data   RO         1146    .constdata          sgp30.o
    0x08008704   0x0000029c   Data   RO         1179    .constdata          sgp30_featureset.o
    0x080089a0   0x00000053   Data   RO          251    .conststring        hy3131_spi.o
    0x080089f3   0x00000001   PAD
    0x080089f4   0x00000006   Data   RO          863    .conststring        sht_git_version.o
    0x080089fa   0x00000002   PAD
    0x080089fc   0x00000006   Data   RO         1131    .conststring        sgp_git_version.o
    0x08008a02   0x00000002   PAD
    0x08008a04   0x00000020   Data   RO         1289    Region$$Table       anon$$obj.o


    Execution Region RW_IRAM1 (Base: 0x20000000, Size: 0x00003ad0, Max: 0x0000c000, ABSOLUTE, COMPRESSED[0x00000124])

    Base Addr    Size         Type   Attr      Idx    E Section Name        Object

    0x20000000   0x00000002   Data   RW            2    .data               main.o
    0x20000002   0x00000002   PAD
    0x20000004   0x00000014   Data   RW          186    .data               system_stm32f10x.o
    0x20000018   0x0000000e   Data   RW          205    .data               es51932_driver.o
    0x20000026   0x00000002   PAD
    0x20000028   0x00000189   Data   RW          252    .data               hy3131_spi.o
    0x200001b1   0x00000014   Data   RW          477    .data               stm32f10x_rcc.o
    0x200001c5   0x00000001   PAD
    0x200001c6   0x00000004   Data   RW          618    .data               timerx.o
    0x200001ca   0x00000002   PAD
    0x200001cc   0x00000065   Data   RW          647    .data               inputs.o
    0x20000231   0x00000005   Data   RW          703    .data               i2c.o
    0x20000236   0x00000004   Data   RW          782    .data               sht4x.o
    0x2000023a   0x00000002   Data   RW          804    .data               sht4x_example_usage.o
    0x2000023c   0x00000004   Data   RW          864    .data               sht_git_version.o
    0x20000240   0x0000001d   Data   RW          877    .data               key.o
    0x2000025d   0x00000003   PAD
    0x20000260   0x0000003c   Data   RW          898    .data               tasks.o
    0x2000029c   0x00000004   Data   RW          963    .data               port.o
    0x200002a0   0x00000018   Data   RW          981    .data               heap_2.o
    0x200002b8   0x00000004   Data   RW          995    .data               delay.o
    0x200002bc   0x00000002   Data   RW         1036    .data               crc.o
    0x200002be   0x00000012   Data   RW         1055    .data               modbus.o
    0x200002d0   0x00000003   Data   RW         1103    .data               scd4x_i2c_example_usage.o
    0x200002d3   0x00000001   PAD
    0x200002d4   0x00000004   Data   RW         1132    .data               sgp_git_version.o
    0x200002d8   0x00000074   Data   RW         1180    .data               sgp30_featureset.o
    0x2000034c   0x00000010   Data   RW         1195    .data               voc.o
    0x2000035c   0x00000004   Data   RW         1282    .data               mc_w.l(mvars.o)
    0x20000360   0x00000004   Data   RW         1283    .data               mc_w.l(mvars.o)
    0x20000364   0x0000001c   Zero   RW          204    .bss                es51932_driver.o
    0x20000380   0x000000bc   Zero   RW          646    .bss                inputs.o
    0x2000043c   0x0000012c   Zero   RW          702    .bss                i2c.o
    0x20000568   0x000000c8   Zero   RW          897    .bss                tasks.o
    0x20000630   0x00002800   Zero   RW          980    .bss                heap_2.o
    0x20002e30   0x00000658   Zero   RW         1054    .bss                modbus.o
    0x20003488   0x00000038   Zero   RW         1145    .bss                sgp30.o
    0x200034c0   0x0000000a   Zero   RW         1194    .bss                voc.o
    0x200034ca   0x00000006   PAD
    0x200034d0   0x00000200   Zero   RW          583    HEAP                startup_stm32f10x_hd.o
    0x200036d0   0x00000400   Zero   RW          582    STACK               startup_stm32f10x_hd.o


==============================================================================

Image component sizes


      Code (inc. data)   RO Data    RW Data    ZI Data      Debug   Object Name

         0          0          0          0          0         32   cortexm3_macro_rvds.o
       116         18        512          2          0       1428   crc.o
       228         10          0          4          0       1147   delay.o
      3408        178          0         14         28     215716   es51932_driver.o
       280         22          0         24      10240       3348   heap_2.o
      1832        122        131        393          0      15412   hy3131_spi.o
       620         52          0          5        300       3460   i2c.o
      1744         98          0        101        188      15632   inputs.o
       484         48          0         29          0       1985   key.o
       168         22          0          0          0        671   led.o
       148          0          0          0          0       1701   list.o
       784         84          0          2          0     272342   main.o
       220         22          0          0          0       1737   misc.o
      1292         92          0         18       1624      19281   modbus.o
       588          8          0          0          0       3088   myiic.o
       320         26          0          4          0       2461   port.o
      1150          0          0          0          0       6537   queue.o
      1516         26          0          0          0       9501   scd4x_i2c.o
       252         26          0          3          0       1408   scd4x_i2c_example_usage.o
       616          0          0          0          0       7152   sensirion_common.o
       692          0          0          0          0       4794   sensirion_i2c.o
       328          4          0          0          0       2965   sensirion_sw_i2c.o
        72          0          0          0          0       1630   sensirion_sw_i2c_implementation.o
      1548         38         16          0         56      12533   sgp30.o
         0          0        668        116          0       3935   sgp30_featureset.o
         0          0          6          4          0        242   sgp_git_version.o
       248         12          0          4          0       2934   sht4x.o
       172         16          0          2          0       1067   sht4x_example_usage.o
         0          0          6          4          0        246   sht_git_version.o
        36          8        304          0       1536        760   startup_stm32f10x_hd.o
      1102         26          0          0          0      19781   stm32f10x_adc.o
       284         10          0          0          0       2167   stm32f10x_exti.o
       860         38          0          0          0       5581   stm32f10x_gpio.o
      1028         16          0          0          0       9039   stm32f10x_i2c.o
        26          0          0          0          0       1158   stm32f10x_it.o
        64          6          0          0          0       1233   stm32f10x_iwdg.o
       932         36          0         20          0       8716   stm32f10x_rcc.o
       780         14          0          0          0       6462   stm32f10x_spi.o
      3610         88          0          0          0      22064   stm32f10x_tim.o
      1032         22          0          0          0       8304   stm32f10x_usart.o
       480         38          0         20          0       1643   system_stm32f10x.o
      2516        188          0         60        200      11825   tasks.o
       352         22          0          4          0       1533   timerx.o
       252         14          0          0          0       2580   usart.o
       420         40          0         16         10       2303   voc.o

    ----------------------------------------------------------------------
     32608       1490       1680        860      14188     719534   Object Totals
         0          0         32          0          0          0   (incl. Generated)
         8          0          5         11          6          0   (incl. Padding)

    ----------------------------------------------------------------------

      Code (inc. data)   RO Data    RW Data    ZI Data      Debug   Library Member Name

        86          0          0          0          0          0   __dczerorl2.o
         0          0          0          0          0          0   entry.o
         0          0          0          0          0          0   entry10a.o
         0          0          0          0          0          0   entry11a.o
         8          4          0          0          0          0   entry2.o
         4          0          0          0          0          0   entry5.o
         0          0          0          0          0          0   entry7b.o
         0          0          0          0          0          0   entry8b.o
         8          4          0          0          0          0   entry9a.o
        30          0          0          0          0          0   handlers.o
        36          8          0          0          0         68   init.o
         0          0          0          0          0          0   iusefp.o
       188         20          0          0          0        160   malloc.o
        36          0          0          0          0         68   memcpya.o
        36          0          0          0          0        108   memseta.o
         0          0          0          8          0          0   mvars.o
        24          0          0          0          0         76   strncpy.o
        20          0          0          0          0         68   cfcmple.o
        20          0          0          0          0         68   cfrcmple.o
       176          0          0          0          0        140   fadd.o
       124          0          0          0          0         88   fdiv.o
       110          0          0          0          0        168   fepilogue.o
        40          0          0          0          0         68   ffixui.o
        18          0          0          0          0         68   fflti.o
        10          0          0          0          0         68   ffltui.o
       100          0          0          0          0         76   fmul.o

    ----------------------------------------------------------------------
      1076         36          0          8          0       1292   Library Totals
         2          0          0          0          0          0   (incl. Padding)

    ----------------------------------------------------------------------

      Code (inc. data)   RO Data    RW Data    ZI Data      Debug   Library Name

       456         36          0          8          0        480   mc_w.l
       618          0          0          0          0        812   mf_w.l

    ----------------------------------------------------------------------
      1076         36          0          8          0       1292   Library Totals

    ----------------------------------------------------------------------

==============================================================================


      Code (inc. data)   RO Data    RW Data    ZI Data      Debug   

     33684       1526       1680        868      14188     715910   Grand Totals
     33684       1526       1680        292      14188     715910   ELF Image Totals (compressed)
     33684       1526       1680        292          0          0   ROM Totals

==============================================================================

    Total RO  Size (Code + RO Data)                35364 (  34.54kB)
    Total RW  Size (RW Data + ZI Data)             15056 (  14.70kB)
    Total ROM Size (Code + RO Data + RW Data)      35656 (  34.82kB)

==============================================================================

