Executing action: all (aliases: build)
Running ninja in directory /home/lenovo/project/build
Executing "ninja all"...
[0/1] Re-running CMake...
IDF_VERSION: 5.5.3; idf version number: 5.5.3
Sequence of SDKCONFIG files: sdkconfig.defaults
-- Component directory /home/lenovo/esp-matter/examples/common/blemesh_platform does not contain a CMakeLists.txt file. No component will be added
-- Component directory /home/lenovo/esp-matter/examples/common/cmake_common does not contain a CMakeLists.txt file. No component will be added
-- Component directory /home/lenovo/esp-matter/examples/common/external_platform does not contain a CMakeLists.txt file. No component will be added
-- Component directory /home/lenovo/esp-matter/examples/common/manufacturing_data_provider does not contain a CMakeLists.txt file. No component will be added
-- Component directory /home/lenovo/esp-matter/examples/common/relinker does not contain a CMakeLists.txt file. No component will be added
-- Component directory /home/lenovo/esp-matter/examples/common/utils does not contain a CMakeLists.txt file. No component will be added
-- Minimal build - OFF
-- Building ESP-IDF components for target esp32
NOTICE: Skipping optional dependency: espressif/esp_wifi_remote
NOTICE: Skipping optional dependency: espressif/esp_hosted
NOTICE: 
Following dependencies have new versions available:
Dependency "espressif/led_strip": "3.0.3" -> "1.0.0"
Consider running "idf.py update-dependencies" to update your lock file.
NOTICE: Processing 18 dependencies:
NOTICE: [1/18] espressif/button (4.1.6)
NOTICE: [2/18] espressif/cbor (0.6.1~4)
NOTICE: [3/18] espressif/cmake_utilities (1.1.1)
NOTICE: [4/18] espressif/esp-serial-flasher (0.0.11)
NOTICE: [5/18] espressif/esp_delta_ota (1.1.4)
NOTICE: [6/18] espressif/esp_diag_data_store (1.1.0)
NOTICE: [7/18] espressif/esp_diagnostics (1.3.2)
NOTICE: [8/18] espressif/esp_encrypted_img (2.3.0)
NOTICE: [9/18] espressif/esp_insights (1.3.2)
NOTICE: [10/18] espressif/esp_rcp_update (1.3.1)
NOTICE: [11/18] espressif/esp_secure_cert_mgr (2.9.1)
NOTICE: [12/18] espressif/jsmn (1.1.0)
NOTICE: [13/18] espressif/json_generator (1.1.2)
NOTICE: [14/18] espressif/json_parser (1.0.3)
NOTICE: [15/18] espressif/led_strip (3.0.3)
NOTICE: [16/18] espressif/mdns (1.11.0)
NOTICE: [17/18] espressif/rmaker_common (1.7.0)
NOTICE: [18/18] idf (5.5.3)
-- Found Python3: /home/lenovo/.espressif/python_env/idf5.5_py3.10_env/bin/python3.10 (found version "3.10.12") found components: Interpreter 
-- ESP-TEE is currently supported only on the esp32c6;esp32h2;esp32c5 SoCs
NOTICE: Skipping optional dependency: espressif/esp_wifi_remote
NOTICE: Skipping optional dependency: espressif/esp_hosted
NOTICE: button overrides espressif__button since "project_extra_components" type got higher priority than "project_managed_components"
-- Project sdkconfig file /home/lenovo/project/sdkconfig
warning: default on the choice symbol SEC_CERT_DAC_PROVIDER (defined at /home/lenovo/esp-matter/connectedhomeip/connectedhomeip/config/esp32/components/chip/Kconfig:851, /home/lenovo/esp-matter/components/esp_matter/Kconfig:48) will have no effect, as defaults do not affect choice symbols
warning: the choice symbol SEC_CERT_DAC_PROVIDER (defined at /home/lenovo/esp-matter/connectedhomeip/connectedhomeip/config/esp32/components/chip/Kconfig:851, /home/lenovo/esp-matter/components/esp_matter/Kconfig:48) is defined with a prompt outside the choice
info: INFO: Symbol SEC_CERT_DAC_PROVIDER defined in multiple locations (see below). Please check if this is a correct behavior or a random name match:
    /home/lenovo/esp-matter/components/esp_matter/Kconfig:48
    /home/lenovo/esp-matter/connectedhomeip/connectedhomeip/config/esp32/components/chip/Kconfig:851
Loading defaults file /home/lenovo/project/sdkconfig.defaults...
warning: unknown kconfig symbol 'ENV_GPIO_RANGE_MIN' assigned to '0' in /home/lenovo/project/sdkconfig.defaults
warning: unknown kconfig symbol 'ENV_GPIO_RANGE_MAX' assigned to '39' in /home/lenovo/project/sdkconfig.defaults
warning: unknown kconfig symbol 'ENV_GPIO_IN_RANGE_MAX' assigned to '39' in /home/lenovo/project/sdkconfig.defaults
warning: unknown kconfig symbol 'ENV_GPIO_OUT_RANGE_MAX' assigned to '33' in /home/lenovo/project/sdkconfig.defaults
warning: unknown kconfig symbol 'EXAMPLE_CONNECT_WIFI' assigned to 'y' in /home/lenovo/project/sdkconfig.defaults
warning: unknown kconfig symbol 'EXAMPLE_WIFI_SSID_PWD_FROM_STDIN' assigned to 'n' in /home/lenovo/project/sdkconfig.defaults
warning: unknown kconfig symbol 'EXAMPLE_PROVIDE_WIFI_CONSOLE_CMD' assigned to 'y' in /home/lenovo/project/sdkconfig.defaults
warning: unknown kconfig symbol 'EXAMPLE_WIFI_SSID' assigned to '"myssid"' in /home/lenovo/project/sdkconfig.defaults
warning: unknown kconfig symbol 'EXAMPLE_WIFI_PASSWORD' assigned to '"mypassword"' in /home/lenovo/project/sdkconfig.defaults
warning: unknown kconfig symbol 'EXAMPLE_WIFI_CONN_MAX_RETRY' assigned to '6' in /home/lenovo/project/sdkconfig.defaults
warning: unknown kconfig symbol 'EXAMPLE_WIFI_SCAN_METHOD_FAST' assigned to 'n' in /home/lenovo/project/sdkconfig.defaults
warning: unknown kconfig symbol 'EXAMPLE_WIFI_SCAN_METHOD_ALL_CHANNEL' assigned to 'y' in /home/lenovo/project/sdkconfig.defaults
warning: unknown kconfig symbol 'EXAMPLE_WIFI_SCAN_RSSI_THRESHOLD' assigned to '-127' in /home/lenovo/project/sdkconfig.defaults
warning: unknown kconfig symbol 'EXAMPLE_WIFI_AUTH_OPEN' assigned to 'y' in /home/lenovo/project/sdkconfig.defaults
warning: unknown kconfig symbol 'EXAMPLE_WIFI_AUTH_WEP' assigned to 'n' in /home/lenovo/project/sdkconfig.defaults
warning: unknown kconfig symbol 'EXAMPLE_WIFI_AUTH_WPA_PSK' assigned to 'n' in /home/lenovo/project/sdkconfig.defaults
warning: unknown kconfig symbol 'EXAMPLE_WIFI_AUTH_WPA2_PSK' assigned to 'n' in /home/lenovo/project/sdkconfig.defaults
warning: unknown kconfig symbol 'EXAMPLE_WIFI_AUTH_WPA_WPA2_PSK' assigned to 'n' in /home/lenovo/project/sdkconfig.defaults
warning: unknown kconfig symbol 'EXAMPLE_WIFI_AUTH_WPA2_ENTERPRISE' assigned to 'n' in /home/lenovo/project/sdkconfig.defaults
warning: unknown kconfig symbol 'EXAMPLE_WIFI_AUTH_WPA3_PSK' assigned to 'n' in /home/lenovo/project/sdkconfig.defaults
warning: unknown kconfig symbol 'EXAMPLE_WIFI_AUTH_WPA2_WPA3_PSK' assigned to 'n' in /home/lenovo/project/sdkconfig.defaults
warning: unknown kconfig symbol 'EXAMPLE_WIFI_AUTH_WAPI_PSK' assigned to 'n' in /home/lenovo/project/sdkconfig.defaults
warning: unknown kconfig symbol 'EXAMPLE_WIFI_CONNECT_AP_BY_SIGNAL' assigned to 'y' in /home/lenovo/project/sdkconfig.defaults
warning: unknown kconfig symbol 'EXAMPLE_WIFI_CONNECT_AP_BY_SECURITY' assigned to 'n' in /home/lenovo/project/sdkconfig.defaults
warning: unknown kconfig symbol 'EXAMPLE_CONNECT_ETHERNET' assigned to 'n' in /home/lenovo/project/sdkconfig.defaults
warning: unknown kconfig symbol 'EXAMPLE_CONNECT_PPP' assigned to 'n' in /home/lenovo/project/sdkconfig.defaults
warning: unknown kconfig symbol 'EXAMPLE_CONNECT_IPV4' assigned to 'y' in /home/lenovo/project/sdkconfig.defaults
warning: unknown kconfig symbol 'EXAMPLE_CONNECT_IPV6' assigned to 'y' in /home/lenovo/project/sdkconfig.defaults
warning: unknown kconfig symbol 'EXAMPLE_CONNECT_IPV6_PREF_LOCAL_LINK' assigned to 'y' in /home/lenovo/project/sdkconfig.defaults
warning: unknown kconfig symbol 'EXAMPLE_CONNECT_IPV6_PREF_GLOBAL' assigned to 'n' in /home/lenovo/project/sdkconfig.defaults
warning: unknown kconfig symbol 'EXAMPLE_CONNECT_IPV6_PREF_SITE_LOCAL' assigned to 'n' in /home/lenovo/project/sdkconfig.defaults
warning: unknown kconfig symbol 'EXAMPLE_CONNECT_IPV6_PREF_UNIQUE_LOCAL' assigned to 'n' in /home/lenovo/project/sdkconfig.defaults
-- Compiler supported targets: xtensa-esp-elf
-- USING O3
-- App "temco_app" version: 4357861-dirty
-- Adding linker script /home/lenovo/project/build/esp-idf/esp_system/ld/memory.ld
-- Adding linker script /home/lenovo/project/build/esp-idf/esp_system/ld/sections.ld.in
-- Adding linker script /home/lenovo/esp-idf-v5.5.3/components/esp_rom/esp32/ld/esp32.rom.ld
-- Adding linker script /home/lenovo/esp-idf-v5.5.3/components/esp_rom/esp32/ld/esp32.rom.api.ld
-- Adding linker script /home/lenovo/esp-idf-v5.5.3/components/esp_rom/esp32/ld/esp32.rom.libgcc.ld
-- Adding linker script /home/lenovo/esp-idf-v5.5.3/components/esp_rom/esp32/ld/esp32.rom.newlib-data.ld
-- Adding linker script /home/lenovo/esp-idf-v5.5.3/components/esp_rom/esp32/ld/esp32.rom.syscalls.ld
-- Adding linker script /home/lenovo/esp-idf-v5.5.3/components/soc/esp32/ld/esp32.peripherals.ld
ESP Insights Project commit: 4357861-dirty
-- Components: app_bridge app_reset app_trace app_update bootloader bootloader_support bt button chip cmock console cxx device driver efuse esp-tls esp_adc esp_app_format esp_bootloader_format esp_coex esp_common esp_driver_ana_cmpr esp_driver_bitscrambler esp_driver_cam esp_driver_dac esp_driver_gpio esp_driver_gptimer esp_driver_i2c esp_driver_i2s esp_driver_isp esp_driver_jpeg esp_driver_ledc esp_driver_mcpwm esp_driver_parlio esp_driver_pcnt esp_driver_ppa esp_driver_rmt esp_driver_sdio esp_driver_sdm esp_driver_sdmmc esp_driver_sdspi esp_driver_spi esp_driver_touch_sens esp_driver_tsens esp_driver_twai esp_driver_uart esp_driver_usb_serial_jtag esp_eth esp_event esp_gdbstub esp_hal_ieee802154 esp_hid esp_http_client esp_http_server esp_https_ota esp_https_server esp_hw_support esp_lcd esp_local_ctrl esp_matter esp_matter_bridge esp_matter_console esp_matter_controller esp_matter_ota_provider esp_matter_rainmaker esp_mm esp_netif esp_netif_stack esp_partition esp_phy esp_pm esp_psram esp_ringbuf esp_rom esp_security esp_system esp_timer esp_vfs_console esp_wifi espcoredump espressif__cbor espressif__cmake_utilities espressif__esp-serial-flasher espressif__esp_delta_ota espressif__esp_diag_data_store espressif__esp_diagnostics espressif__esp_encrypted_img espressif__esp_insights espressif__esp_rcp_update espressif__esp_secure_cert_mgr espressif__jsmn espressif__json_generator espressif__json_parser espressif__led_strip espressif__mdns espressif__rmaker_common esptool_py fatfs freertos hal heap http_parser idf_test ieee802154 iot_button json led_driver log lwip main mbedtls mqtt newlib nvs_flash nvs_sec_provider openthread partition_table perfmon protobuf-c protocomm pthread rt sdmmc soc spi_flash spiffs tcp_transport temco_IO_control temco_bacnet ulp unity usb vfs wear_levelling wifi_provisioning wpa_supplicant xtensa
-- Component paths: /home/lenovo/esp-matter/examples/common/app_bridge /home/lenovo/esp-matter/examples/common/app_reset /home/lenovo/esp-idf-v5.5.3/components/app_trace /home/lenovo/esp-idf-v5.5.3/components/app_update /home/lenovo/esp-idf-v5.5.3/components/bootloader /home/lenovo/esp-idf-v5.5.3/components/bootloader_support /home/lenovo/esp-idf-v5.5.3/components/bt /home/lenovo/esp-matter/device_hal/button_driver/button /home/lenovo/esp-matter/connectedhomeip/connectedhomeip/config/esp32/components/chip /home/lenovo/esp-idf-v5.5.3/components/cmock /home/lenovo/esp-idf-v5.5.3/components/console /home/lenovo/esp-idf-v5.5.3/components/cxx /home/lenovo/esp-matter/device_hal/device /home/lenovo/esp-idf-v5.5.3/components/driver /home/lenovo/esp-idf-v5.5.3/components/efuse /home/lenovo/esp-idf-v5.5.3/components/esp-tls /home/lenovo/esp-idf-v5.5.3/components/esp_adc /home/lenovo/esp-idf-v5.5.3/components/esp_app_format /home/lenovo/esp-idf-v5.5.3/components/esp_bootloader_format /home/lenovo/esp-idf-v5.5.3/components/esp_coex /home/lenovo/esp-idf-v5.5.3/components/esp_common /home/lenovo/esp-idf-v5.5.3/components/esp_driver_ana_cmpr /home/lenovo/esp-idf-v5.5.3/components/esp_driver_bitscrambler /home/lenovo/esp-idf-v5.5.3/components/esp_driver_cam /home/lenovo/esp-idf-v5.5.3/components/esp_driver_dac /home/lenovo/esp-idf-v5.5.3/components/esp_driver_gpio /home/lenovo/esp-idf-v5.5.3/components/esp_driver_gptimer /home/lenovo/esp-idf-v5.5.3/components/esp_driver_i2c /home/lenovo/esp-idf-v5.5.3/components/esp_driver_i2s /home/lenovo/esp-idf-v5.5.3/components/esp_driver_isp /home/lenovo/esp-idf-v5.5.3/components/esp_driver_jpeg /home/lenovo/esp-idf-v5.5.3/components/esp_driver_ledc /home/lenovo/esp-idf-v5.5.3/components/esp_driver_mcpwm /home/lenovo/esp-idf-v5.5.3/components/esp_driver_parlio /home/lenovo/esp-idf-v5.5.3/components/esp_driver_pcnt /home/lenovo/esp-idf-v5.5.3/components/esp_driver_ppa /home/lenovo/esp-idf-v5.5.3/components/esp_driver_rmt /home/lenovo/esp-idf-v5.5.3/components/esp_driver_sdio /home/lenovo/esp-idf-v5.5.3/components/esp_driver_sdm /home/lenovo/esp-idf-v5.5.3/components/esp_driver_sdmmc /home/lenovo/esp-idf-v5.5.3/components/esp_driver_sdspi /home/lenovo/esp-idf-v5.5.3/components/esp_driver_spi /home/lenovo/esp-idf-v5.5.3/components/esp_driver_touch_sens /home/lenovo/esp-idf-v5.5.3/components/esp_driver_tsens /home/lenovo/esp-idf-v5.5.3/components/esp_driver_twai /home/lenovo/esp-idf-v5.5.3/components/esp_driver_uart /home/lenovo/esp-idf-v5.5.3/components/esp_driver_usb_serial_jtag /home/lenovo/esp-idf-v5.5.3/components/esp_eth /home/lenovo/esp-idf-v5.5.3/components/esp_event /home/lenovo/esp-idf-v5.5.3/components/esp_gdbstub /home/lenovo/esp-idf-v5.5.3/components/esp_hal_ieee802154 /home/lenovo/esp-idf-v5.5.3/components/esp_hid /home/lenovo/esp-idf-v5.5.3/components/esp_http_client /home/lenovo/esp-idf-v5.5.3/components/esp_http_server /home/lenovo/esp-idf-v5.5.3/components/esp_https_ota /home/lenovo/esp-idf-v5.5.3/components/esp_https_server /home/lenovo/esp-idf-v5.5.3/components/esp_hw_support /home/lenovo/esp-idf-v5.5.3/components/esp_lcd /home/lenovo/esp-idf-v5.5.3/components/esp_local_ctrl /home/lenovo/esp-matter/components/esp_matter /home/lenovo/esp-matter/components/esp_matter_bridge /home/lenovo/esp-matter/components/esp_matter_console /home/lenovo/esp-matter/components/esp_matter_controller /home/lenovo/esp-matter/components/esp_matter_ota_provider /home/lenovo/esp-matter/components/esp_matter_rainmaker /home/lenovo/esp-idf-v5.5.3/components/esp_mm /home/lenovo/esp-idf-v5.5.3/components/esp_netif /home/lenovo/esp-idf-v5.5.3/components/esp_netif_stack /home/lenovo/esp-idf-v5.5.3/components/esp_partition /home/lenovo/esp-idf-v5.5.3/components/esp_phy /home/lenovo/esp-idf-v5.5.3/components/esp_pm /home/lenovo/esp-idf-v5.5.3/components/esp_psram /home/lenovo/esp-idf-v5.5.3/components/esp_ringbuf /home/lenovo/esp-idf-v5.5.3/components/esp_rom /home/lenovo/esp-idf-v5.5.3/components/esp_security /home/lenovo/esp-idf-v5.5.3/components/esp_system /home/lenovo/esp-idf-v5.5.3/components/esp_timer /home/lenovo/esp-idf-v5.5.3/components/esp_vfs_console /home/lenovo/esp-idf-v5.5.3/components/esp_wifi /home/lenovo/esp-idf-v5.5.3/components/espcoredump /home/lenovo/project/managed_components/espressif__cbor /home/lenovo/project/managed_components/espressif__cmake_utilities /home/lenovo/project/managed_components/espressif__esp-serial-flasher /home/lenovo/project/managed_components/espressif__esp_delta_ota /home/lenovo/project/managed_components/espressif__esp_diag_data_store /home/lenovo/project/managed_components/espressif__esp_diagnostics /home/lenovo/project/managed_components/espressif__esp_encrypted_img /home/lenovo/project/managed_components/espressif__esp_insights /home/lenovo/project/managed_components/espressif__esp_rcp_update /home/lenovo/project/managed_components/espressif__esp_secure_cert_mgr /home/lenovo/project/managed_components/espressif__jsmn /home/lenovo/project/managed_components/espressif__json_generator /home/lenovo/project/managed_components/espressif__json_parser /home/lenovo/project/managed_components/espressif__led_strip /home/lenovo/project/managed_components/espressif__mdns /home/lenovo/project/managed_components/espressif__rmaker_common /home/lenovo/esp-idf-v5.5.3/components/esptool_py /home/lenovo/esp-idf-v5.5.3/components/fatfs /home/lenovo/esp-idf-v5.5.3/components/freertos /home/lenovo/esp-idf-v5.5.3/components/hal /home/lenovo/esp-idf-v5.5.3/components/heap /home/lenovo/esp-idf-v5.5.3/components/http_parser /home/lenovo/esp-idf-v5.5.3/components/idf_test /home/lenovo/esp-idf-v5.5.3/components/ieee802154 /home/lenovo/esp-matter/device_hal/button_driver/iot_button /home/lenovo/esp-idf-v5.5.3/components/json /home/lenovo/esp-matter/device_hal/led_driver /home/lenovo/esp-idf-v5.5.3/components/log /home/lenovo/esp-idf-v5.5.3/components/lwip /home/lenovo/project/main /home/lenovo/esp-idf-v5.5.3/components/mbedtls /home/lenovo/esp-idf-v5.5.3/components/mqtt /home/lenovo/esp-idf-v5.5.3/components/newlib /home/lenovo/esp-idf-v5.5.3/components/nvs_flash /home/lenovo/esp-idf-v5.5.3/components/nvs_sec_provider /home/lenovo/esp-idf-v5.5.3/components/openthread /home/lenovo/esp-idf-v5.5.3/components/partition_table /home/lenovo/esp-idf-v5.5.3/components/perfmon /home/lenovo/esp-idf-v5.5.3/components/protobuf-c /home/lenovo/esp-idf-v5.5.3/components/protocomm /home/lenovo/esp-idf-v5.5.3/components/pthread /home/lenovo/esp-idf-v5.5.3/components/rt /home/lenovo/esp-idf-v5.5.3/components/sdmmc /home/lenovo/esp-idf-v5.5.3/components/soc /home/lenovo/esp-idf-v5.5.3/components/spi_flash /home/lenovo/esp-idf-v5.5.3/components/spiffs /home/lenovo/esp-idf-v5.5.3/components/tcp_transport /home/lenovo/esp-idf-v5.5.3/components/temco_IO_control /home/lenovo/esp-idf-v5.5.3/components/temco_bacnet /home/lenovo/esp-idf-v5.5.3/components/ulp /home/lenovo/esp-idf-v5.5.3/components/unity /home/lenovo/esp-idf-v5.5.3/components/usb /home/lenovo/esp-idf-v5.5.3/components/vfs /home/lenovo/esp-idf-v5.5.3/components/wear_levelling /home/lenovo/esp-idf-v5.5.3/components/wifi_provisioning /home/lenovo/esp-idf-v5.5.3/components/wpa_supplicant /home/lenovo/esp-idf-v5.5.3/components/xtensa
-- Configuring done
-- Generating done
-- Build files have been written to: /home/lenovo/project/build
[1/1450] Creating directories for 'bootloader'
[2/1450] No download step for 'bootloader'
[3/1450] No update step for 'bootloader'
[4/1450] No patch step for 'bootloader'
[5/1450] Building C object esp-idf/mbedtls/mbedtls/library/CMakeFiles/mbedcrypto.dir/psa_crypto_ffdh.c.obj
[6/1450] Building C object esp-idf/mbedtls/mbedtls/library/CMakeFiles/mbedcrypto.dir/psa_crypto_hash.c.obj
[7/1450] Building C object esp-idf/esp_system/CMakeFiles/__idf_esp_system.dir/esp_err.c.obj
[8/1450] Building C object esp-idf/mbedtls/mbedtls/library/CMakeFiles/mbedcrypto.dir/psa_crypto_pake.c.obj
[9/1450] Building C object esp-idf/mbedtls/mbedtls/library/CMakeFiles/mbedcrypto.dir/psa_crypto_aead.c.obj
[10/1450] Building C object esp-idf/mbedtls/mbedtls/library/CMakeFiles/mbedcrypto.dir/psa_crypto_ecp.c.obj
[11/1450] Building C object esp-idf/mbedtls/mbedtls/library/CMakeFiles/mbedcrypto.dir/psa_crypto_cipher.c.obj
[12/1450] Building C object esp-idf/mbedtls/mbedtls/library/CMakeFiles/mbedcrypto.dir/psa_its_file.c.obj
[13/1450] Building C object esp-idf/mbedtls/mbedtls/library/CMakeFiles/mbedcrypto.dir/psa_crypto_mac.c.obj
[14/1450] Building C object esp-idf/mbedtls/mbedtls/library/CMakeFiles/mbedcrypto.dir/sha3.c.obj
[15/1450] Building C object esp-idf/mbedtls/mbedtls/library/CMakeFiles/mbedcrypto.dir/rsa_alt_helpers.c.obj
[16/1450] Building C object esp-idf/mbedtls/mbedtls/library/CMakeFiles/mbedcrypto.dir/ripemd160.c.obj
[17/1450] Building C object esp-idf/mbedtls/mbedtls/library/CMakeFiles/mbedcrypto.dir/psa_crypto_rsa.c.obj
[18/1450] Building C object esp-idf/mbedtls/mbedtls/library/CMakeFiles/mbedcrypto.dir/pkparse.c.obj
[19/1450] Building C object esp-idf/mbedtls/mbedtls/library/CMakeFiles/mbedcrypto.dir/psa_crypto_storage.c.obj
[20/1450] Building C object esp-idf/mbedtls/mbedtls/library/CMakeFiles/mbedcrypto.dir/sha1.c.obj
[21/1450] Building C object esp-idf/mbedtls/mbedtls/library/CMakeFiles/mbedcrypto.dir/version.c.obj
[22/1450] Building C object esp-idf/mbedtls/mbedtls/library/CMakeFiles/mbedcrypto.dir/threading.c.obj
[23/1450] Building C object esp-idf/mbedtls/mbedtls/library/CMakeFiles/mbedcrypto.dir/sha512.c.obj
[24/1450] Building C object esp-idf/mbedtls/mbedtls/library/CMakeFiles/mbedcrypto.dir/psa_util.c.obj
[25/1450] Building C object esp-idf/mbedtls/mbedtls/library/CMakeFiles/mbedcrypto.dir/psa_crypto_slot_management.c.obj
[26/1450] Building C object esp-idf/mbedtls/mbedtls/library/CMakeFiles/mbedcrypto.dir/sha256.c.obj
[27/1450] Building C object esp-idf/mbedtls/mbedtls/library/CMakeFiles/mbedcrypto.dir/timing.c.obj
[28/1450] Building C object esp-idf/mbedtls/mbedtls/library/CMakeFiles/mbedcrypto.dir/version_features.c.obj
[29/1450] Building C object esp-idf/mbedtls/mbedtls/library/CMakeFiles/mbedcrypto.dir/home/lenovo/esp-idf-v5.5.3/components/mbedtls/port/esp_timing.c.obj
[30/1450] Building C object esp-idf/mbedtls/mbedtls/library/CMakeFiles/mbedcrypto.dir/home/lenovo/esp-idf-v5.5.3/components/mbedtls/port/esp_mem.c.obj
[31/1450] Building C object esp-idf/mbedtls/mbedtls/library/CMakeFiles/mbedcrypto.dir/home/lenovo/esp-idf-v5.5.3/components/mbedtls/port/esp_hardware.c.obj
[32/1450] Building C object esp-idf/mbedtls/mbedtls/library/CMakeFiles/mbedcrypto.dir/home/lenovo/esp-idf-v5.5.3/components/mbedtls/port/md/esp_md.c.obj
[33/1450] Building C object esp-idf/mbedtls/mbedtls/library/CMakeFiles/mbedcrypto.dir/home/lenovo/esp-idf-v5.5.3/components/mbedtls/port/aes/esp_aes_xts.c.obj
[34/1450] Building C object esp-idf/mbedtls/mbedtls/library/CMakeFiles/mbedcrypto.dir/home/lenovo/esp-idf-v5.5.3/components/mbedtls/port/sha/esp_sha.c.obj
[35/1450] Building C object esp-idf/mbedtls/mbedtls/library/CMakeFiles/mbedcrypto.dir/home/lenovo/esp-idf-v5.5.3/components/mbedtls/port/sha/parallel_engine/sha.c.obj
[36/1450] Building C object esp-idf/mbedtls/mbedtls/library/CMakeFiles/mbedcrypto.dir/home/lenovo/esp-idf-v5.5.3/components/mbedtls/port/bignum/bignum_alt.c.obj
[37/1450] Building C object esp-idf/mbedtls/mbedtls/library/CMakeFiles/mbedcrypto.dir/home/lenovo/esp-idf-v5.5.3/components/mbedtls/port/aes/block/esp_aes.c.obj
[38/1450] Building C object esp-idf/mbedtls/mbedtls/library/CMakeFiles/mbedcrypto.dir/home/lenovo/esp-idf-v5.5.3/components/mbedtls/port/aes/esp_aes_gcm.c.obj
[39/1450] Building C object esp-idf/mbedtls/mbedtls/library/CMakeFiles/mbedcrypto.dir/home/lenovo/esp-idf-v5.5.3/components/mbedtls/port/bignum/esp_bignum.c.obj
[40/1450] Building C object esp-idf/mbedtls/mbedtls/library/CMakeFiles/mbedcrypto.dir/home/lenovo/esp-idf-v5.5.3/components/mbedtls/port/sha/parallel_engine/esp_sha1.c.obj
[41/1450] Building C object esp-idf/mbedtls/mbedtls/library/CMakeFiles/mbedcrypto.dir/home/lenovo/esp-idf-v5.5.3/components/mbedtls/port/sha/parallel_engine/esp_sha256.c.obj
[42/1450] Building C object esp-idf/mbedtls/mbedtls/library/CMakeFiles/mbedcrypto.dir/rsa.c.obj
[43/1450] Building C object esp-idf/mbedtls/mbedtls/library/CMakeFiles/mbedtls.dir/home/lenovo/esp-idf-v5.5.3/components/mbedtls/port/mbedtls_debug.c.obj
[44/1450] Building C object esp-idf/mbedtls/mbedtls/library/CMakeFiles/mbedtls.dir/ssl_tls13_client.c.obj
[45/1450] Building C object esp-idf/mbedtls/mbedtls/library/CMakeFiles/mbedx509.dir/pkcs7.c.obj
[46/1450] Building C object esp-idf/mbedtls/mbedtls/library/CMakeFiles/mbedtls.dir/debug.c.obj
[47/1450] Building C object esp-idf/mbedtls/mbedtls/library/CMakeFiles/mbedcrypto.dir/home/lenovo/esp-idf-v5.5.3/components/mbedtls/port/sha/parallel_engine/esp_sha512.c.obj
[48/1450] Building C object esp-idf/mbedtls/mbedtls/library/CMakeFiles/mbedx509.dir/x509_create.c.obj
[49/1450] Building C object esp-idf/mbedtls/mbedtls/library/CMakeFiles/mbedx509.dir/x509_crl.c.obj
[50/1450] Building C object esp-idf/mbedtls/mbedtls/library/CMakeFiles/mbedx509.dir/x509write.c.obj
[51/1450] Building C object esp-idf/mbedtls/mbedtls/library/CMakeFiles/mbedtls.dir/mps_reader.c.obj
[52/1450] Building C object esp-idf/mbedtls/mbedtls/library/CMakeFiles/mbedtls.dir/mps_trace.c.obj
[53/1450] Building C object esp-idf/mbedtls/mbedtls/library/CMakeFiles/mbedx509.dir/x509write_csr.c.obj
[54/1450] Building C object esp-idf/mbedtls/mbedtls/library/CMakeFiles/mbedx509.dir/x509_csr.c.obj
[55/1450] Building C object esp-idf/mbedtls/mbedtls/library/CMakeFiles/mbedx509.dir/x509write_crt.c.obj
[56/1450] Building C object esp-idf/mbedtls/mbedtls/library/CMakeFiles/mbedtls.dir/ssl_cache.c.obj
[57/1450] Building C object esp-idf/mbedtls/mbedtls/library/CMakeFiles/mbedtls.dir/ssl_debug_helpers_generated.c.obj
[58/1450] Building C object esp-idf/mbedtls/mbedtls/library/CMakeFiles/mbedx509.dir/x509.c.obj
[59/1450] Building C object esp-idf/mbedtls/mbedtls/library/CMakeFiles/mbedtls.dir/ssl_tls13_server.c.obj
[60/1450] Building C object esp-idf/mbedtls/mbedtls/library/CMakeFiles/mbedtls.dir/ssl_ciphersuites.c.obj
[61/1450] Building C object esp-idf/mbedtls/mbedtls/library/CMakeFiles/mbedtls.dir/ssl_cookie.c.obj
[62/1450] Building C object esp-idf/mbedtls/mbedtls/library/CMakeFiles/mbedtls.dir/ssl_tls13_keys.c.obj
[63/1450] Building C object esp-idf/mbedtls/mbedtls/library/CMakeFiles/mbedtls.dir/home/lenovo/esp-idf-v5.5.3/components/mbedtls/port/esp_platform_time.c.obj
[64/1450] Building C object esp-idf/mbedtls/mbedtls/library/CMakeFiles/mbedtls.dir/ssl_client.c.obj
[65/1450] Building C object esp-idf/mbedtls/mbedtls/library/CMakeFiles/mbedtls.dir/ssl_ticket.c.obj
[66/1450] Building C object esp-idf/mbedtls/mbedtls/library/CMakeFiles/mbedtls.dir/ssl_tls13_generic.c.obj
[67/1450] Building C object esp-idf/esp_bootloader_format/CMakeFiles/__idf_esp_bootloader_format.dir/esp_bootloader_desc.c.obj
[68/1450] Building C object esp-idf/esp_app_format/CMakeFiles/__idf_esp_app_format.dir/esp_app_desc.c.obj
[69/1450] Building C object esp-idf/mbedtls/mbedtls/library/CMakeFiles/mbedx509.dir/x509_crt.c.obj
[70/1450] Building C object esp-idf/app_update/CMakeFiles/__idf_app_update.dir/esp_ota_app_desc.c.obj
[71/1450] Building C object esp-idf/mbedtls/mbedtls/library/CMakeFiles/mbedtls.dir/ssl_msg.c.obj
[72/1450] Building C object esp-idf/mbedtls/mbedtls/library/CMakeFiles/mbedtls.dir/home/lenovo/esp-idf-v5.5.3/components/mbedtls/port/net_sockets.c.obj
[73/1450] Building C object esp-idf/efuse/CMakeFiles/__idf_efuse.dir/esp32/esp_efuse_table.c.obj
[74/1450] Building C object esp-idf/esp_partition/CMakeFiles/__idf_esp_partition.dir/partition_target.c.obj
[75/1450] Building C object esp-idf/esp_partition/CMakeFiles/__idf_esp_partition.dir/partition.c.obj
[76/1450] Building C object esp-idf/mbedtls/mbedtls/library/CMakeFiles/mbedtls.dir/ssl_tls12_client.c.obj
[77/1450] Building C object esp-idf/efuse/CMakeFiles/__idf_efuse.dir/esp32/esp_efuse_fields.c.obj
[78/1450] Building C object esp-idf/efuse/CMakeFiles/__idf_efuse.dir/esp32/esp_efuse_utility.c.obj
[79/1450] Building C object esp-idf/mbedtls/mbedtls/library/CMakeFiles/mbedtls.dir/ssl_tls12_server.c.obj
[80/1450] Building C object esp-idf/app_update/CMakeFiles/__idf_app_update.dir/esp_ota_ops.c.obj
[81/1450] Building C object esp-idf/efuse/CMakeFiles/__idf_efuse.dir/src/esp_efuse_fields.c.obj
[82/1450] Building C object esp-idf/efuse/CMakeFiles/__idf_efuse.dir/src/esp_efuse_utility.c.obj
[83/1450] Building C object esp-idf/mbedtls/mbedtls/library/CMakeFiles/mbedcrypto.dir/psa_crypto.c.obj
[84/1450] Building C object esp-idf/efuse/CMakeFiles/__idf_efuse.dir/src/esp_efuse_startup.c.obj
[85/1450] Building C object esp-idf/efuse/CMakeFiles/__idf_efuse.dir/src/efuse_controller/keys/without_key_purposes/three_key_blocks/esp_efuse_api_key.c.obj
[86/1450] Building C object esp-idf/bootloader_support/CMakeFiles/__idf_bootloader_support.dir/src/bootloader_random.c.obj
[87/1450] Building C object esp-idf/bootloader_support/CMakeFiles/__idf_bootloader_support.dir/src/bootloader_efuse.c.obj
[88/1450] Building C object esp-idf/bootloader_support/CMakeFiles/__idf_bootloader_support.dir/src/bootloader_mem.c.obj
[89/1450] Building C object esp-idf/efuse/CMakeFiles/__idf_efuse.dir/src/esp_efuse_api.c.obj
[90/1450] Building C object esp-idf/bootloader_support/CMakeFiles/__idf_bootloader_support.dir/src/bootloader_clock_init.c.obj
[91/1450] Building C object esp-idf/pthread/CMakeFiles/__idf_pthread.dir/pthread_local_storage.c.obj
[92/1450] Building C object esp-idf/bootloader_support/CMakeFiles/__idf_bootloader_support.dir/src/bootloader_common_loader.c.obj
[93/1450] Building C object esp-idf/bootloader_support/CMakeFiles/__idf_bootloader_support.dir/src/secure_boot.c.obj
[94/1450] Building C object esp-idf/bootloader_support/CMakeFiles/__idf_bootloader_support.dir/src/bootloader_random_esp32.c.obj
[95/1450] Building C object esp-idf/bootloader_support/CMakeFiles/__idf_bootloader_support.dir/src/flash_encrypt.c.obj
[96/1450] Building C object esp-idf/bootloader_support/CMakeFiles/__idf_bootloader_support.dir/src/bootloader_common.c.obj
[97/1450] Building C object esp-idf/bootloader_support/CMakeFiles/__idf_bootloader_support.dir/bootloader_flash/src/flash_qio_mode.c.obj
[98/1450] Building C object esp-idf/bootloader_support/CMakeFiles/__idf_bootloader_support.dir/src/flash_partitions.c.obj
[99/1450] Building C object esp-idf/bootloader_support/CMakeFiles/__idf_bootloader_support.dir/src/esp32/secure_boot_secure_features.c.obj
[100/1450] Building C object esp-idf/bootloader_support/CMakeFiles/__idf_bootloader_support.dir/src/bootloader_sha.c.obj
[101/1450] Building C object esp-idf/mbedtls/mbedtls/library/CMakeFiles/mbedtls.dir/ssl_tls.c.obj
[102/1450] Building C object esp-idf/esp_mm/CMakeFiles/__idf_esp_mm.dir/heap_align_hw.c.obj
[103/1450] Building C object esp-idf/bootloader_support/CMakeFiles/__idf_bootloader_support.dir/bootloader_flash/src/bootloader_flash_config_esp32.c.obj
[104/1450] Building C object esp-idf/esp_mm/CMakeFiles/__idf_esp_mm.dir/port/esp32/ext_mem_layout.c.obj
[105/1450] Building C object esp-idf/spi_flash/CMakeFiles/__idf_spi_flash.dir/flash_brownout_hook.c.obj
[106/1450] Building C object esp-idf/esp_mm/CMakeFiles/__idf_esp_mm.dir/cache_esp32.c.obj
[107/1450] Building C object esp-idf/bootloader_support/CMakeFiles/__idf_bootloader_support.dir/bootloader_flash/src/bootloader_flash.c.obj
[108/1450] Building C object esp-idf/bootloader_support/CMakeFiles/__idf_bootloader_support.dir/src/bootloader_utility.c.obj
[109/1450] Building C object esp-idf/esp_mm/CMakeFiles/__idf_esp_mm.dir/esp_cache_utils.c.obj
[110/1450] Building C object esp-idf/spi_flash/CMakeFiles/__idf_spi_flash.dir/spi_flash_chip_issi.c.obj
[111/1450] Building C object esp-idf/spi_flash/CMakeFiles/__idf_spi_flash.dir/spi_flash_chip_boya.c.obj
[112/1450] Building C object esp-idf/bootloader_support/CMakeFiles/__idf_bootloader_support.dir/src/esp_image_format.c.obj
[113/1450] Building C object esp-idf/spi_flash/CMakeFiles/__idf_spi_flash.dir/spi_flash_chip_drivers.c.obj
[114/1450] Building C object esp-idf/esp_mm/CMakeFiles/__idf_esp_mm.dir/esp_cache_msync.c.obj
[115/1450] Building C object esp-idf/spi_flash/CMakeFiles/__idf_spi_flash.dir/spi_flash_chip_mxic.c.obj
[116/1450] Building C object esp-idf/spi_flash/CMakeFiles/__idf_spi_flash.dir/spi_flash_chip_gd.c.obj
[117/1450] Building C object esp-idf/spi_flash/CMakeFiles/__idf_spi_flash.dir/spi_flash_chip_th.c.obj
[118/1450] Building C object esp-idf/spi_flash/CMakeFiles/__idf_spi_flash.dir/spi_flash_chip_winbond.c.obj
[119/1450] Building C object esp-idf/spi_flash/CMakeFiles/__idf_spi_flash.dir/memspi_host_driver.c.obj
[120/1450] Building C object esp-idf/esp_mm/CMakeFiles/__idf_esp_mm.dir/esp_mmu_map.c.obj
[121/1450] Building C object esp-idf/spi_flash/CMakeFiles/__idf_spi_flash.dir/spi_flash_wrap.c.obj
[122/1450] Building C object esp-idf/spi_flash/CMakeFiles/__idf_spi_flash.dir/flash_ops.c.obj
[123/1450] Building C object esp-idf/spi_flash/CMakeFiles/__idf_spi_flash.dir/spi_flash_chip_mxic_opi.c.obj
[124/1450] Building C object esp-idf/spi_flash/CMakeFiles/__idf_spi_flash.dir/cache_utils.c.obj
[125/1450] Building C object esp-idf/spi_flash/CMakeFiles/__idf_spi_flash.dir/flash_mmap.c.obj
[126/1450] Building C object esp-idf/spi_flash/CMakeFiles/__idf_spi_flash.dir/spi_flash_os_func_app.c.obj
[127/1450] Building C object esp-idf/wpa_supplicant/CMakeFiles/__idf_wpa_supplicant.dir/port/os_xtensa.c.obj
[128/1450] Building C object esp-idf/spi_flash/CMakeFiles/__idf_spi_flash.dir/spi_flash_chip_generic.c.obj
[129/1450] Building C object esp-idf/wpa_supplicant/CMakeFiles/__idf_wpa_supplicant.dir/src/ap/ap_config.c.obj
[130/1450] Building C object esp-idf/esp_system/CMakeFiles/__idf_esp_system.dir/esp_system.c.obj
[131/1450] Building C object esp-idf/esp_system/CMakeFiles/__idf_esp_system.dir/esp_system_console.c.obj
[132/1450] Building C object esp-idf/esp_system/CMakeFiles/__idf_esp_system.dir/freertos_hooks.c.obj
[133/1450] Building C object esp-idf/esp_system/CMakeFiles/__idf_esp_system.dir/crosscore_int.c.obj
[134/1450] Building C object esp-idf/esp_system/CMakeFiles/__idf_esp_system.dir/esp_ipc.c.obj
[135/1450] Building C object esp-idf/esp_system/CMakeFiles/__idf_esp_system.dir/startup_funcs.c.obj
[136/1450] Building C object esp-idf/esp_system/CMakeFiles/__idf_esp_system.dir/startup.c.obj
[137/1450] Building C object esp-idf/esp_system/CMakeFiles/__idf_esp_system.dir/int_wdt.c.obj
[138/1450] Building C object esp-idf/esp_system/CMakeFiles/__idf_esp_system.dir/stack_check.c.obj
[139/1450] Building C object esp-idf/esp_system/CMakeFiles/__idf_esp_system.dir/system_time.c.obj
[140/1450] Building C object esp-idf/wpa_supplicant/CMakeFiles/__idf_wpa_supplicant.dir/port/eloop.c.obj
[141/1450] Building C object esp-idf/esp_system/CMakeFiles/__idf_esp_system.dir/ubsan.c.obj
[142/1450] Building C object esp-idf/wpa_supplicant/CMakeFiles/__idf_wpa_supplicant.dir/src/ap/ieee802_1x.c.obj
[143/1450] Building C object esp-idf/esp_system/CMakeFiles/__idf_esp_system.dir/panic.c.obj
[144/1450] Building C object esp-idf/esp_system/CMakeFiles/__idf_esp_system.dir/xt_wdt.c.obj
[145/1450] Building C object esp-idf/esp_system/CMakeFiles/__idf_esp_system.dir/port/image_process.c.obj
[146/1450] Building ASM object esp-idf/esp_system/CMakeFiles/__idf_esp_system.dir/port/arch/xtensa/panic_handler_asm.S.obj
[147/1450] Building C object esp-idf/esp_system/CMakeFiles/__idf_esp_system.dir/port/esp_system_chip.c.obj
[148/1450] Building C object esp-idf/spi_flash/CMakeFiles/__idf_spi_flash.dir/esp_flash_api.c.obj
[149/1450] Building C object esp-idf/esp_system/CMakeFiles/__idf_esp_system.dir/port/panic_handler.c.obj
[150/1450] Building C object esp-idf/esp_system/CMakeFiles/__idf_esp_system.dir/task_wdt/task_wdt_impl_timergroup.c.obj
[151/1450] Building ASM object esp-idf/esp_system/CMakeFiles/__idf_esp_system.dir/port/soc/esp32/highint_hdl.S.obj
[152/1450] Building ASM object esp-idf/esp_system/CMakeFiles/__idf_esp_system.dir/port/arch/xtensa/expression_with_stack_asm.S.obj
[153/1450] Building ASM object esp-idf/esp_system/CMakeFiles/__idf_esp_system.dir/port/arch/xtensa/debug_helpers_asm.S.obj
[154/1450] Building C object esp-idf/esp_system/CMakeFiles/__idf_esp_system.dir/port/cpu_start.c.obj
[155/1450] Building C object esp-idf/esp_system/CMakeFiles/__idf_esp_system.dir/port/arch/xtensa/trax.c.obj
[156/1450] Building C object esp-idf/esp_system/CMakeFiles/__idf_esp_system.dir/port/arch/xtensa/expression_with_stack.c.obj
[157/1450] Building C object esp-idf/esp_system/CMakeFiles/__idf_esp_system.dir/port/arch/xtensa/panic_arch.c.obj
[158/1450] Building C object esp-idf/esp_system/CMakeFiles/__idf_esp_system.dir/port/arch/xtensa/debug_stubs.c.obj
[159/1450] Building C object esp-idf/esp_system/CMakeFiles/__idf_esp_system.dir/port/soc/esp32/cache_err_int.c.obj
[160/1450] Building C object esp-idf/esp_system/CMakeFiles/__idf_esp_system.dir/port/soc/esp32/reset_reason.c.obj
[161/1450] Building C object esp-idf/esp_rom/CMakeFiles/__idf_esp_rom.dir/patches/esp_rom_crc.c.obj
[162/1450] Building C object esp-idf/esp_system/CMakeFiles/__idf_esp_system.dir/port/arch/xtensa/debug_helpers.c.obj
[163/1450] Building C object esp-idf/esp_system/CMakeFiles/__idf_esp_system.dir/port/soc/esp32/system_internal.c.obj
[164/1450] Building C object esp-idf/esp_rom/CMakeFiles/__idf_esp_rom.dir/patches/esp_rom_sys.c.obj
[165/1450] Building C object esp-idf/esp_rom/CMakeFiles/__idf_esp_rom.dir/patches/esp_rom_efuse.c.obj
[166/1450] Building C object esp-idf/esp_system/CMakeFiles/__idf_esp_system.dir/port/soc/esp32/clk.c.obj
[167/1450] Building C object esp-idf/esp_rom/CMakeFiles/__idf_esp_rom.dir/patches/esp_rom_gpio.c.obj
[168/1450] Building ASM object esp-idf/esp_rom/CMakeFiles/__idf_esp_rom.dir/patches/esp_rom_longjmp.S.obj
[169/1450] Building C object esp-idf/hal/CMakeFiles/__idf_hal.dir/mpu_hal.c.obj
[170/1450] Building C object esp-idf/esp_rom/CMakeFiles/__idf_esp_rom.dir/patches/esp_rom_uart.c.obj
[171/1450] Building C object esp-idf/esp_rom/CMakeFiles/__idf_esp_rom.dir/patches/esp_rom_print.c.obj
[172/1450] Building C object esp-idf/esp_system/CMakeFiles/__idf_esp_system.dir/task_wdt/task_wdt.c.obj
[173/1450] Building C object esp-idf/hal/CMakeFiles/__idf_hal.dir/efuse_hal.c.obj
[174/1450] Building C object esp-idf/hal/CMakeFiles/__idf_hal.dir/esp32/efuse_hal.c.obj
[175/1450] Building C object esp-idf/hal/CMakeFiles/__idf_hal.dir/hal_utils.c.obj
[176/1450] Building C object esp-idf/hal/CMakeFiles/__idf_hal.dir/color_hal.c.obj
[177/1450] Building C object esp-idf/hal/CMakeFiles/__idf_hal.dir/esp32/cache_hal_esp32.c.obj
[178/1450] Building C object esp-idf/esp_common/CMakeFiles/__idf_esp_common.dir/src/esp_err_to_name.c.obj
[179/1450] Building C object esp-idf/hal/CMakeFiles/__idf_hal.dir/spi_flash_encrypt_hal_iram.c.obj
[180/1450] Building C object esp-idf/hal/CMakeFiles/__idf_hal.dir/wdt_hal_iram.c.obj
[181/1450] Building C object esp-idf/hal/CMakeFiles/__idf_hal.dir/spi_flash_hal.c.obj
[182/1450] Building C object esp-idf/esp_rom/CMakeFiles/__idf_esp_rom.dir/patches/esp_rom_spiflash.c.obj
[183/1450] Building C object esp-idf/hal/CMakeFiles/__idf_hal.dir/uart_hal.c.obj
[184/1450] Building C object esp-idf/hal/CMakeFiles/__idf_hal.dir/timer_hal.c.obj
[185/1450] Building C object esp-idf/hal/CMakeFiles/__idf_hal.dir/ledc_hal.c.obj
[186/1450] Building C object esp-idf/hal/CMakeFiles/__idf_hal.dir/mmu_hal.c.obj
[187/1450] Building C object esp-idf/hal/CMakeFiles/__idf_hal.dir/uart_hal_iram.c.obj
[188/1450] Building C object esp-idf/hal/CMakeFiles/__idf_hal.dir/esp32/clk_tree_hal.c.obj
[189/1450] Building C object esp-idf/hal/CMakeFiles/__idf_hal.dir/gpio_hal.c.obj
[190/1450] Building C object esp-idf/hal/CMakeFiles/__idf_hal.dir/i2c_hal_iram.c.obj
[191/1450] Building C object esp-idf/hal/CMakeFiles/__idf_hal.dir/pcnt_hal.c.obj
[192/1450] Building C object esp-idf/hal/CMakeFiles/__idf_hal.dir/ledc_hal_iram.c.obj
[193/1450] Building C object esp-idf/hal/CMakeFiles/__idf_hal.dir/rtc_io_hal.c.obj
[194/1450] Building C object esp-idf/hal/CMakeFiles/__idf_hal.dir/spi_flash_hal_iram.c.obj
[195/1450] Building C object esp-idf/hal/CMakeFiles/__idf_hal.dir/mcpwm_hal.c.obj
[196/1450] Building C object esp-idf/hal/CMakeFiles/__idf_hal.dir/i2c_hal.c.obj
[197/1450] Building C object esp-idf/hal/CMakeFiles/__idf_hal.dir/rmt_hal.c.obj
[198/1450] Building C object esp-idf/hal/CMakeFiles/__idf_hal.dir/sdm_hal.c.obj
[199/1450] Building C object esp-idf/hal/CMakeFiles/__idf_hal.dir/adc_hal_common.c.obj
[200/1450] Building C object esp-idf/hal/CMakeFiles/__idf_hal.dir/sdmmc_hal.c.obj
[201/1450] Building C object esp-idf/hal/CMakeFiles/__idf_hal.dir/aes_hal.c.obj
[202/1450] Building C object esp-idf/hal/CMakeFiles/__idf_hal.dir/sha_hal.c.obj
[203/1450] Building C object esp-idf/hal/CMakeFiles/__idf_hal.dir/brownout_hal.c.obj
[204/1450] Building C object esp-idf/hal/CMakeFiles/__idf_hal.dir/i2s_hal.c.obj
[205/1450] Building C object esp-idf/hal/CMakeFiles/__idf_hal.dir/adc_oneshot_hal.c.obj
[206/1450] Building C object esp-idf/hal/CMakeFiles/__idf_hal.dir/mpi_hal.c.obj
[207/1450] Building C object esp-idf/hal/CMakeFiles/__idf_hal.dir/spi_hal.c.obj
[208/1450] Building C object esp-idf/hal/CMakeFiles/__idf_hal.dir/spi_slave_hal.c.obj
[209/1450] Building C object esp-idf/hal/CMakeFiles/__idf_hal.dir/adc_hal.c.obj
[210/1450] Building C object esp-idf/hal/CMakeFiles/__idf_hal.dir/emac_hal.c.obj
[211/1450] Building C object esp-idf/hal/CMakeFiles/__idf_hal.dir/twai_hal_v1.c.obj
[212/1450] Building C object esp-idf/hal/CMakeFiles/__idf_hal.dir/esp32/touch_sensor_hal.c.obj
[213/1450] Building C object esp-idf/hal/CMakeFiles/__idf_hal.dir/touch_sensor_hal.c.obj
[214/1450] Building C object esp-idf/hal/CMakeFiles/__idf_hal.dir/esp32/gpio_hal_workaround.c.obj
[215/1450] Building C object esp-idf/hal/CMakeFiles/__idf_hal.dir/spi_slave_hal_iram.c.obj
[216/1450] Building C object esp-idf/hal/CMakeFiles/__idf_hal.dir/touch_sens_hal.c.obj
[217/1450] Building C object esp-idf/log/CMakeFiles/__idf_log.dir/src/os/log_timestamp.c.obj
[218/1450] Building C object esp-idf/log/CMakeFiles/__idf_log.dir/src/util.c.obj
[219/1450] Building C object esp-idf/log/CMakeFiles/__idf_log.dir/src/log_timestamp_common.c.obj
[220/1450] Building C object esp-idf/log/CMakeFiles/__idf_log.dir/src/log_format_text.c.obj
[221/1450] Building C object esp-idf/log/CMakeFiles/__idf_log.dir/src/log_level/log_level.c.obj
[222/1450] Building C object esp-idf/log/CMakeFiles/__idf_log.dir/src/buffer/log_buffers.c.obj
[223/1450] Building C object esp-idf/log/CMakeFiles/__idf_log.dir/src/os/log_write.c.obj
[224/1450] Building C object esp-idf/log/CMakeFiles/__idf_log.dir/src/os/util.c.obj
[225/1450] Building C object esp-idf/hal/CMakeFiles/__idf_hal.dir/spi_hal_iram.c.obj
[226/1450] Building C object esp-idf/log/CMakeFiles/__idf_log.dir/src/os/log_lock.c.obj
[227/1450] Building C object esp-idf/log/CMakeFiles/__idf_log.dir/src/log_print.c.obj
[228/1450] Building C object esp-idf/log/CMakeFiles/__idf_log.dir/src/log.c.obj
[229/1450] Building C object esp-idf/log/CMakeFiles/__idf_log.dir/src/log_level/tag_log_level/tag_log_level.c.obj
[230/1450] Building C object esp-idf/hal/CMakeFiles/__idf_hal.dir/sdio_slave_hal.c.obj
[231/1450] Building C object esp-idf/log/CMakeFiles/__idf_log.dir/src/log_level/tag_log_level/cache/log_binary_heap.c.obj
[232/1450] Building C object esp-idf/log/CMakeFiles/__idf_log.dir/src/log_level/tag_log_level/linked_list/log_linked_list.c.obj
[233/1450] Building C object esp-idf/heap/CMakeFiles/__idf_heap.dir/port/esp32/memory_layout.c.obj
[234/1450] Building C object esp-idf/soc/CMakeFiles/__idf_soc.dir/lldesc.c.obj
[235/1450] Building C object esp-idf/heap/CMakeFiles/__idf_heap.dir/port/memory_layout_utils.c.obj
[236/1450] Building C object esp-idf/soc/CMakeFiles/__idf_soc.dir/esp32/interrupts.c.obj
[237/1450] Building C object esp-idf/soc/CMakeFiles/__idf_soc.dir/esp32/adc_periph.c.obj
[238/1450] Building C object esp-idf/soc/CMakeFiles/__idf_soc.dir/dport_access_common.c.obj
[239/1450] Building C object esp-idf/soc/CMakeFiles/__idf_soc.dir/esp32/uart_periph.c.obj
[240/1450] Building C object esp-idf/heap/CMakeFiles/__idf_heap.dir/heap_caps_base.c.obj
[241/1450] Building C object esp-idf/soc/CMakeFiles/__idf_soc.dir/esp32/emac_periph.c.obj
[242/1450] Building C object esp-idf/soc/CMakeFiles/__idf_soc.dir/esp32/gpio_periph.c.obj
[243/1450] Building C object esp-idf/soc/CMakeFiles/__idf_soc.dir/esp32/pcnt_periph.c.obj
[244/1450] Building C object esp-idf/soc/CMakeFiles/__idf_soc.dir/esp32/dport_access.c.obj
[245/1450] Building C object esp-idf/heap/CMakeFiles/__idf_heap.dir/multi_heap.c.obj
[246/1450] Building C object esp-idf/soc/CMakeFiles/__idf_soc.dir/esp32/sdm_periph.c.obj
[247/1450] Building C object esp-idf/soc/CMakeFiles/__idf_soc.dir/esp32/spi_periph.c.obj
[248/1450] Building C object esp-idf/soc/CMakeFiles/__idf_soc.dir/esp32/i2s_periph.c.obj
[249/1450] Building C object esp-idf/soc/CMakeFiles/__idf_soc.dir/esp32/rmt_periph.c.obj
[250/1450] Building C object esp-idf/heap/CMakeFiles/__idf_heap.dir/heap_caps_init.c.obj
[251/1450] Building C object esp-idf/soc/CMakeFiles/__idf_soc.dir/esp32/ledc_periph.c.obj
[252/1450] Building C object esp-idf/soc/CMakeFiles/__idf_soc.dir/esp32/lcd_periph.c.obj
[253/1450] Building C object esp-idf/soc/CMakeFiles/__idf_soc.dir/esp32/i2c_periph.c.obj
[254/1450] Building C object esp-idf/soc/CMakeFiles/__idf_soc.dir/esp32/timer_periph.c.obj
[255/1450] Building C object esp-idf/soc/CMakeFiles/__idf_soc.dir/esp32/mcpwm_periph.c.obj
[256/1450] Building C object esp-idf/soc/CMakeFiles/__idf_soc.dir/esp32/mpi_periph.c.obj
[257/1450] Building C object esp-idf/soc/CMakeFiles/__idf_soc.dir/esp32/dac_periph.c.obj
[258/1450] Building C object esp-idf/soc/CMakeFiles/__idf_soc.dir/esp32/touch_sensor_periph.c.obj
[259/1450] Building C object esp-idf/soc/CMakeFiles/__idf_soc.dir/esp32/sdmmc_periph.c.obj
[260/1450] Building C object esp-idf/soc/CMakeFiles/__idf_soc.dir/esp32/twai_periph.c.obj
[261/1450] Building C object esp-idf/soc/CMakeFiles/__idf_soc.dir/esp32/power_supply_periph.c.obj
[262/1450] Building C object esp-idf/soc/CMakeFiles/__idf_soc.dir/esp32/wdt_periph.c.obj
[263/1450] Building C object esp-idf/heap/CMakeFiles/__idf_heap.dir/heap_caps.c.obj
[264/1450] Building C object esp-idf/esp_security/CMakeFiles/__idf_esp_security.dir/src/esp_crypto_lock.c.obj
[265/1450] Building C object esp-idf/soc/CMakeFiles/__idf_soc.dir/esp32/rtc_io_periph.c.obj
[266/1450] Building C object esp-idf/soc/CMakeFiles/__idf_soc.dir/esp32/sdio_slave_periph.c.obj
[267/1450] Building C object esp-idf/esp_hw_support/CMakeFiles/__idf_esp_hw_support.dir/port/esp32/cpu_region_protect.c.obj
[268/1450] Building C object esp-idf/esp_security/CMakeFiles/__idf_esp_security.dir/src/init.c.obj
[269/1450] Building C object esp-idf/esp_security/CMakeFiles/__idf_esp_security.dir/src/esp_crypto_periph_clk.c.obj
[270/1450] Building C object esp-idf/esp_hw_support/CMakeFiles/__idf_esp_hw_support.dir/port/esp32/esp_cpu_intr.c.obj
[271/1450] Building C object esp-idf/esp_hw_support/CMakeFiles/__idf_esp_hw_support.dir/cpu.c.obj
[272/1450] Building C object esp-idf/esp_hw_support/CMakeFiles/__idf_esp_hw_support.dir/esp_memory_utils.c.obj
[273/1450] Building C object esp-idf/esp_hw_support/CMakeFiles/__idf_esp_hw_support.dir/revision.c.obj
[274/1450] Building C object esp-idf/esp_hw_support/CMakeFiles/__idf_esp_hw_support.dir/hw_random.c.obj
[275/1450] Building C object esp-idf/esp_hw_support/CMakeFiles/__idf_esp_hw_support.dir/esp_clk.c.obj
[276/1450] Building C object esp-idf/esp_hw_support/CMakeFiles/__idf_esp_hw_support.dir/clk_ctrl_os.c.obj
[277/1450] Building C object esp-idf/esp_hw_support/CMakeFiles/__idf_esp_hw_support.dir/esp_gpio_reserve.c.obj
[278/1450] Building C object esp-idf/esp_hw_support/CMakeFiles/__idf_esp_hw_support.dir/regi2c_ctrl.c.obj
[279/1450] Building C object esp-idf/esp_hw_support/CMakeFiles/__idf_esp_hw_support.dir/mac_addr.c.obj
[280/1450] Building C object esp-idf/esp_hw_support/CMakeFiles/__idf_esp_hw_support.dir/periph_ctrl.c.obj
[281/1450] Building C object esp-idf/esp_hw_support/CMakeFiles/__idf_esp_hw_support.dir/rtc_module.c.obj
[282/1450] Building C object esp-idf/esp_hw_support/CMakeFiles/__idf_esp_hw_support.dir/sar_periph_ctrl_common.c.obj
[283/1450] Building C object esp-idf/esp_hw_support/CMakeFiles/__idf_esp_hw_support.dir/port/esp32/io_mux.c.obj
[284/1450] Building C object esp-idf/esp_hw_support/CMakeFiles/__idf_esp_hw_support.dir/intr_alloc.c.obj
[285/1450] Building C object esp-idf/esp_hw_support/CMakeFiles/__idf_esp_hw_support.dir/clk_utils.c.obj
[286/1450] Building C object esp-idf/esp_hw_support/CMakeFiles/__idf_esp_hw_support.dir/port/esp32/esp_clk_tree.c.obj
[287/1450] Building C object esp-idf/esp_hw_support/CMakeFiles/__idf_esp_hw_support.dir/dma/gdma_link.c.obj
[288/1450] Building C object esp-idf/esp_hw_support/CMakeFiles/__idf_esp_hw_support.dir/sleep_console.c.obj
[289/1450] Building C object esp-idf/esp_hw_support/CMakeFiles/__idf_esp_hw_support.dir/port/esp_clk_tree_common.c.obj
[290/1450] Building C object esp-idf/esp_hw_support/CMakeFiles/__idf_esp_hw_support.dir/sleep_mspi.c.obj
[291/1450] Building C object esp-idf/esp_hw_support/CMakeFiles/__idf_esp_hw_support.dir/spi_bus_lock.c.obj
[292/1450] Building C object esp-idf/esp_hw_support/CMakeFiles/__idf_esp_hw_support.dir/adc_share_hw_ctrl.c.obj
[293/1450] Building C object esp-idf/esp_hw_support/CMakeFiles/__idf_esp_hw_support.dir/sleep_modem.c.obj
[294/1450] Building C object esp-idf/esp_hw_support/CMakeFiles/__idf_esp_hw_support.dir/sleep_usb.c.obj
[295/1450] Building C object esp-idf/esp_hw_support/CMakeFiles/__idf_esp_hw_support.dir/spi_share_hw_ctrl.c.obj
[296/1450] Building C object esp-idf/heap/CMakeFiles/__idf_heap.dir/tlsf/tlsf.c.obj
[297/1450] Building C object esp-idf/esp_hw_support/CMakeFiles/__idf_esp_hw_support.dir/sleep_event.c.obj
[298/1450] Building C object esp-idf/esp_hw_support/CMakeFiles/__idf_esp_hw_support.dir/dma/esp_dma_utils.c.obj
[299/1450] Building C object esp-idf/esp_hw_support/CMakeFiles/__idf_esp_hw_support.dir/mspi_timing_tuning/mspi_timing_tuning.c.obj
[300/1450] Building C object esp-idf/esp_hw_support/CMakeFiles/__idf_esp_hw_support.dir/rtc_wdt.c.obj
[301/1450] Building C object esp-idf/esp_hw_support/CMakeFiles/__idf_esp_hw_support.dir/power_supply/brownout.c.obj
[302/1450] Building C object esp-idf/esp_hw_support/CMakeFiles/__idf_esp_hw_support.dir/sleep_wake_stub.c.obj
[303/1450] Building C object esp-idf/esp_hw_support/CMakeFiles/__idf_esp_hw_support.dir/port/esp32/cache_sram_mmu.c.obj
[304/1450] Building C object esp-idf/esp_hw_support/CMakeFiles/__idf_esp_hw_support.dir/esp_clock_output.c.obj
[305/1450] Building C object esp-idf/esp_hw_support/CMakeFiles/__idf_esp_hw_support.dir/sleep_gpio.c.obj
[306/1450] Building C object esp-idf/esp_hw_support/CMakeFiles/__idf_esp_hw_support.dir/port/esp32/chip_info.c.obj
[307/1450] Building C object esp-idf/esp_hw_support/CMakeFiles/__idf_esp_hw_support.dir/port/esp32/rtc_init.c.obj
[308/1450] Building C object esp-idf/esp_hw_support/CMakeFiles/__idf_esp_hw_support.dir/port/esp32/rtc_clk_init.c.obj
[309/1450] Building C object esp-idf/newlib/CMakeFiles/__idf_newlib.dir/src/init.c.obj
[310/1450] Building C object esp-idf/freertos/CMakeFiles/__idf_freertos.dir/app_startup.c.obj
[311/1450] Building C object esp-idf/esp_hw_support/CMakeFiles/__idf_esp_hw_support.dir/port/esp32/sar_periph_ctrl.c.obj
[312/1450] Building C object esp-idf/esp_hw_support/CMakeFiles/__idf_esp_hw_support.dir/port/esp32/rtc_time.c.obj
[313/1450] Building C object esp-idf/freertos/CMakeFiles/__idf_freertos.dir/heap_idf.c.obj
[314/1450] Building C object esp-idf/freertos/CMakeFiles/__idf_freertos.dir/FreeRTOS-Kernel/list.c.obj
[315/1450] Building C object esp-idf/freertos/CMakeFiles/__idf_freertos.dir/port_systick.c.obj
[316/1450] Building C object esp-idf/esp_hw_support/CMakeFiles/__idf_esp_hw_support.dir/port/esp32/rtc_clk.c.obj
[317/1450] Building C object esp-idf/freertos/CMakeFiles/__idf_freertos.dir/port_common.c.obj
[318/1450] Building C object esp-idf/esp_hw_support/CMakeFiles/__idf_esp_hw_support.dir/port/esp32/rtc_sleep.c.obj
[319/1450] Building ASM object esp-idf/freertos/CMakeFiles/__idf_freertos.dir/FreeRTOS-Kernel/portable/xtensa/portasm.S.obj
[320/1450] Building C object esp-idf/freertos/CMakeFiles/__idf_freertos.dir/FreeRTOS-Kernel/timers.c.obj
[321/1450] Building C object esp-idf/freertos/CMakeFiles/__idf_freertos.dir/FreeRTOS-Kernel/portable/xtensa/xtensa_init.c.obj
[322/1450] Building C object esp-idf/freertos/CMakeFiles/__idf_freertos.dir/FreeRTOS-Kernel/stream_buffer.c.obj
[323/1450] Building C object esp-idf/freertos/CMakeFiles/__idf_freertos.dir/FreeRTOS-Kernel/event_groups.c.obj
[324/1450] Building C object esp-idf/freertos/CMakeFiles/__idf_freertos.dir/FreeRTOS-Kernel/portable/xtensa/xtensa_overlay_os_hook.c.obj
[325/1450] Building C object esp-idf/esp_hw_support/CMakeFiles/__idf_esp_hw_support.dir/sleep_modes.c.obj
[326/1450] Building C object esp-idf/freertos/CMakeFiles/__idf_freertos.dir/esp_additions/freertos_compatibility.c.obj
[327/1450] Building C object esp-idf/freertos/CMakeFiles/__idf_freertos.dir/FreeRTOS-Kernel/portable/xtensa/port.c.obj
[328/1450] Building C object esp-idf/freertos/CMakeFiles/__idf_freertos.dir/esp_additions/idf_additions_event_groups.c.obj
[329/1450] Building C object esp-idf/newlib/CMakeFiles/__idf_newlib.dir/src/random.c.obj
[330/1450] Building C object esp-idf/newlib/CMakeFiles/__idf_newlib.dir/src/abort.c.obj
[331/1450] Building C object esp-idf/newlib/CMakeFiles/__idf_newlib.dir/src/pthread.c.obj
[332/1450] Building C object esp-idf/newlib/CMakeFiles/__idf_newlib.dir/src/heap.c.obj
[333/1450] Building C object esp-idf/newlib/CMakeFiles/__idf_newlib.dir/src/getentropy.c.obj
[334/1450] Building C object esp-idf/newlib/CMakeFiles/__idf_newlib.dir/src/poll.c.obj
[335/1450] Building C object esp-idf/freertos/CMakeFiles/__idf_freertos.dir/FreeRTOS-Kernel/queue.c.obj
[336/1450] Building C object esp-idf/newlib/CMakeFiles/__idf_newlib.dir/src/assert.c.obj
[337/1450] Building C object esp-idf/freertos/CMakeFiles/__idf_freertos.dir/esp_additions/idf_additions.c.obj
[338/1450] Building C object esp-idf/newlib/CMakeFiles/__idf_newlib.dir/src/realpath.c.obj
[339/1450] Building C object esp-idf/newlib/CMakeFiles/__idf_newlib.dir/src/termios.c.obj
[340/1450] Building C object esp-idf/newlib/CMakeFiles/__idf_newlib.dir/src/scandir.c.obj
[341/1450] Building C object esp-idf/newlib/CMakeFiles/__idf_newlib.dir/src/sysconf.c.obj
[342/1450] Building C object esp-idf/newlib/CMakeFiles/__idf_newlib.dir/src/locks.c.obj
[343/1450] Building C object esp-idf/newlib/CMakeFiles/__idf_newlib.dir/src/port/esp_time_impl.c.obj
[344/1450] Building C object esp-idf/newlib/CMakeFiles/__idf_newlib.dir/src/syscalls.c.obj
[345/1450] Building C object esp-idf/newlib/CMakeFiles/__idf_newlib.dir/src/reent_syscalls.c.obj
[346/1450] Building C object esp-idf/newlib/CMakeFiles/__idf_newlib.dir/src/time.c.obj
[347/1450] Building C object esp-idf/newlib/CMakeFiles/__idf_newlib.dir/src/flockfile.c.obj
[348/1450] Building C object esp-idf/newlib/CMakeFiles/__idf_newlib.dir/src/newlib_init.c.obj
[349/1450] Building C object esp-idf/newlib/CMakeFiles/__idf_newlib.dir/src/reent_init.c.obj
[350/1450] Building C object esp-idf/newlib/CMakeFiles/__idf_newlib.dir/src/port/xtensa/stdatomic_s32c1i.c.obj
[351/1450] Building C object esp-idf/pthread/CMakeFiles/__idf_pthread.dir/pthread_rwlock.c.obj
[352/1450] Building C object esp-idf/pthread/CMakeFiles/__idf_pthread.dir/pthread.c.obj
[353/1450] Building C object esp-idf/pthread/CMakeFiles/__idf_pthread.dir/pthread_semaphore.c.obj
[354/1450] Building CXX object esp-idf/cxx/CMakeFiles/__idf_cxx.dir/cxx_init.cpp.obj
[355/1450] Building C object esp-idf/pthread/CMakeFiles/__idf_pthread.dir/pthread_cond_var.c.obj
[356/1450] Building C object esp-idf/esp_timer/CMakeFiles/__idf_esp_timer.dir/src/esp_timer_impl_common.c.obj
[357/1450] Building C object esp-idf/freertos/CMakeFiles/__idf_freertos.dir/FreeRTOS-Kernel/tasks.c.obj
[358/1450] Building C object esp-idf/newlib/CMakeFiles/__idf_newlib.dir/src/stdatomic.c.obj
[359/1450] Building CXX object esp-idf/cxx/CMakeFiles/__idf_cxx.dir/cxx_guards.cpp.obj
[360/1450] Building C object esp-idf/esp_timer/CMakeFiles/__idf_esp_timer.dir/src/esp_timer_init.c.obj
[361/1450] Building C object esp-idf/esp_timer/CMakeFiles/__idf_esp_timer.dir/src/system_time.c.obj
[362/1450] Building C object esp-idf/esp_timer/CMakeFiles/__idf_esp_timer.dir/src/ets_timer_legacy.c.obj
[363/1450] Building CXX object esp-idf/cxx/CMakeFiles/__idf_cxx.dir/cxx_exception_stubs.cpp.obj
[364/1450] Building C object esp-idf/esp_timer/CMakeFiles/__idf_esp_timer.dir/src/esp_timer_impl_lac.c.obj
[365/1450] Building C object esp-idf/esp_timer/CMakeFiles/__idf_esp_timer.dir/src/esp_timer.c.obj
[366/1450] Building C object esp-idf/esp_psram/CMakeFiles/__idf_esp_psram.dir/system_layer/esp_psram_mspi.c.obj
[367/1450] Building C object esp-idf/esp_driver_spi/CMakeFiles/__idf_esp_driver_spi.dir/src/gpspi/spi_dma.c.obj
[368/1450] Building C object esp-idf/esp_driver_gptimer/CMakeFiles/__idf_esp_driver_gptimer.dir/src/gptimer_common.c.obj
[369/1450] Building C object esp-idf/esp_psram/CMakeFiles/__idf_esp_psram.dir/esp32/esp_psram_extram_cache.c.obj
[370/1450] Building C object esp-idf/esp_driver_spi/CMakeFiles/__idf_esp_driver_spi.dir/src/gpspi/spi_slave.c.obj
[371/1450] Building C object esp-idf/esp_driver_gptimer/CMakeFiles/__idf_esp_driver_gptimer.dir/src/gptimer.c.obj
[372/1450] Building C object esp-idf/esp_driver_spi/CMakeFiles/__idf_esp_driver_spi.dir/src/gpspi/spi_common.c.obj
[373/1450] Building C object esp-idf/esp_psram/CMakeFiles/__idf_esp_psram.dir/system_layer/esp_psram.c.obj
[374/1450] Building C object esp-idf/esp_psram/CMakeFiles/__idf_esp_psram.dir/esp32/esp_psram_impl_quad.c.obj
[375/1450] Building C object esp-idf/esp_psram/CMakeFiles/__idf_esp_psram.dir/esp32/esp_himem.c.obj
[376/1450] Building C object esp-idf/esp_driver_uart/CMakeFiles/__idf_esp_driver_uart.dir/src/uart_wakeup.c.obj
[377/1450] Building C object esp-idf/esp_event/CMakeFiles/__idf_esp_event.dir/default_event_loop.c.obj
[378/1450] Building C object esp-idf/esp_ringbuf/CMakeFiles/__idf_esp_ringbuf.dir/ringbuf.c.obj
[379/1450] Building C object esp-idf/esp_event/CMakeFiles/__idf_esp_event.dir/esp_event_private.c.obj
[380/1450] Building C object esp-idf/esp_driver_spi/CMakeFiles/__idf_esp_driver_spi.dir/src/gpspi/spi_master.c.obj
[381/1450] Building C object esp-idf/esp_driver_uart/CMakeFiles/__idf_esp_driver_uart.dir/src/uart_vfs.c.obj
[382/1450] Building C object esp-idf/esp_event/CMakeFiles/__idf_esp_event.dir/esp_event.c.obj
[383/1450] Building C object esp-idf/esp_driver_uart/CMakeFiles/__idf_esp_driver_uart.dir/src/uart.c.obj
[384/1450] Building CXX object esp-idf/nvs_flash/CMakeFiles/__idf_nvs_flash.dir/src/nvs_item_hash_list.cpp.obj
[385/1450] Building CXX object esp-idf/nvs_flash/CMakeFiles/__idf_nvs_flash.dir/src/nvs_cxx_api.cpp.obj
[386/1450] Building CXX object esp-idf/nvs_flash/CMakeFiles/__idf_nvs_flash.dir/src/nvs_partition_lookup.cpp.obj
[387/1450] Building CXX object esp-idf/nvs_flash/CMakeFiles/__idf_nvs_flash.dir/src/nvs_handle_locked.cpp.obj
[388/1450] Building CXX object esp-idf/nvs_flash/CMakeFiles/__idf_nvs_flash.dir/src/nvs_storage.cpp.obj
[389/1450] Building CXX object esp-idf/nvs_flash/CMakeFiles/__idf_nvs_flash.dir/src/nvs_pagemanager.cpp.obj
[390/1450] Building CXX object esp-idf/nvs_flash/CMakeFiles/__idf_nvs_flash.dir/src/nvs_handle_simple.cpp.obj
[391/1450] Building CXX object esp-idf/nvs_flash/CMakeFiles/__idf_nvs_flash.dir/src/nvs_platform.cpp.obj
[392/1450] Building C object esp-idf/nvs_flash/CMakeFiles/__idf_nvs_flash.dir/src/nvs_bootloader_aes.c.obj
[393/1450] Building CXX object esp-idf/nvs_flash/CMakeFiles/__idf_nvs_flash.dir/src/nvs_partition.cpp.obj
[394/1450] Building C object esp-idf/esp_phy/CMakeFiles/__idf_esp_phy.dir/src/phy_override.c.obj
[395/1450] Building C object esp-idf/esp_phy/CMakeFiles/__idf_esp_phy.dir/esp32/phy_init_data.c.obj
[396/1450] Building C object esp-idf/nvs_flash/CMakeFiles/__idf_nvs_flash.dir/src/nvs_bootloader_xts_aes.c.obj
[397/1450] Building C object esp-idf/esp_phy/CMakeFiles/__idf_esp_phy.dir/src/lib_printf.c.obj
[398/1450] Building CXX object esp-idf/nvs_flash/CMakeFiles/__idf_nvs_flash.dir/src/nvs_api.cpp.obj
[399/1450] Building C object esp-idf/nvs_flash/CMakeFiles/__idf_nvs_flash.dir/src/nvs_bootloader.c.obj
[400/1450] Building C object esp-idf/esp_phy/CMakeFiles/__idf_esp_phy.dir/src/btbb_init.c.obj
[401/1450] Building CXX object esp-idf/nvs_flash/CMakeFiles/__idf_nvs_flash.dir/src/nvs_partition_manager.cpp.obj
[402/1450] Building CXX object esp-idf/nvs_flash/CMakeFiles/__idf_nvs_flash.dir/src/nvs_page.cpp.obj
[403/1450] Building C object esp-idf/esp_phy/CMakeFiles/__idf_esp_phy.dir/src/phy_common.c.obj
[404/1450] Building CXX object esp-idf/nvs_flash/CMakeFiles/__idf_nvs_flash.dir/src/nvs_types.cpp.obj
[405/1450] Building C object esp-idf/esp_phy/CMakeFiles/__idf_esp_phy.dir/src/phy_init.c.obj
[406/1450] Building C object esp-idf/vfs/CMakeFiles/__idf_vfs.dir/vfs_eventfd.c.obj
[407/1450] Building C object esp-idf/vfs/CMakeFiles/__idf_vfs.dir/nullfs.c.obj
[408/1450] Building C object esp-idf/lwip/CMakeFiles/__idf_lwip.dir/apps/sntp/sntp.c.obj
[409/1450] Building C object esp-idf/esp_vfs_console/CMakeFiles/__idf_esp_vfs_console.dir/vfs_console.c.obj
[410/1450] Building CXX object esp-idf/nvs_flash/CMakeFiles/__idf_nvs_flash.dir/src/nvs_encrypted_partition.cpp.obj
[411/1450] Building C object esp-idf/lwip/CMakeFiles/__idf_lwip.dir/lwip/src/api/err.c.obj
[412/1450] Building C object esp-idf/lwip/CMakeFiles/__idf_lwip.dir/lwip/src/api/if_api.c.obj
[413/1450] Building C object esp-idf/lwip/CMakeFiles/__idf_lwip.dir/lwip/src/api/netbuf.c.obj
[414/1450] Building C object esp-idf/vfs/CMakeFiles/__idf_vfs.dir/vfs_semihost.c.obj
[415/1450] Building C object esp-idf/lwip/CMakeFiles/__idf_lwip.dir/lwip/src/apps/netbiosns/netbiosns.c.obj
[416/1450] Building C object esp-idf/lwip/CMakeFiles/__idf_lwip.dir/lwip/src/api/netdb.c.obj
[417/1450] Building C object esp-idf/lwip/CMakeFiles/__idf_lwip.dir/lwip/src/api/tcpip.c.obj
[418/1450] Building C object esp-idf/lwip/CMakeFiles/__idf_lwip.dir/lwip/src/api/api_lib.c.obj
[419/1450] Building C object esp-idf/lwip/CMakeFiles/__idf_lwip.dir/lwip/src/core/init.c.obj
[420/1450] Building C object esp-idf/lwip/CMakeFiles/__idf_lwip.dir/lwip/src/apps/sntp/sntp.c.obj
[421/1450] Building C object esp-idf/lwip/CMakeFiles/__idf_lwip.dir/lwip/src/api/netifapi.c.obj
[422/1450] Building C object esp-idf/vfs/CMakeFiles/__idf_vfs.dir/vfs.c.obj
[423/1450] Building C object esp-idf/lwip/CMakeFiles/__idf_lwip.dir/lwip/src/core/mem.c.obj
[424/1450] Building C object esp-idf/lwip/CMakeFiles/__idf_lwip.dir/lwip/src/core/ip.c.obj
[425/1450] Building C object esp-idf/lwip/CMakeFiles/__idf_lwip.dir/lwip/src/core/def.c.obj
[426/1450] Building C object esp-idf/lwip/CMakeFiles/__idf_lwip.dir/lwip/src/core/memp.c.obj
[427/1450] Building C object esp-idf/lwip/CMakeFiles/__idf_lwip.dir/lwip/src/api/api_msg.c.obj
[428/1450] Performing configure step for 'bootloader'
-- Found Git: /usr/bin/git (found version "2.34.1") 
-- Minimal build - OFF
-- The C compiler identification is GNU 14.2.0
-- The CXX compiler identification is GNU 14.2.0
-- The ASM compiler identification is GNU
-- Found assembler: /home/lenovo/.espressif/tools/xtensa-esp-elf/esp-14.2.0_20251107/xtensa-esp-elf/bin/xtensa-esp32-elf-gcc
-- Detecting C compiler ABI info
-- Detecting C compiler ABI info - done
-- Check for working C compiler: /home/lenovo/.espressif/tools/xtensa-esp-elf/esp-14.2.0_20251107/xtensa-esp-elf/bin/xtensa-esp32-elf-gcc - skipped
-- Detecting C compile features
-- Detecting C compile features - done
-- Detecting CXX compiler ABI info
-- Detecting CXX compiler ABI info - done
-- Check for working CXX compiler: /home/lenovo/.espressif/tools/xtensa-esp-elf/esp-14.2.0_20251107/xtensa-esp-elf/bin/xtensa-esp32-elf-g++ - skipped
-- Detecting CXX compile features
-- Detecting CXX compile features - done
-- Building ESP-IDF components for target esp32
-- ESP-TEE is currently supported only on the esp32c6;esp32h2;esp32c5 SoCs
-- Project sdkconfig file /home/lenovo/project/sdkconfig
-- Compiler supported targets: xtensa-esp-elf
-- Adding linker script /home/lenovo/esp-idf-v5.5.3/components/soc/esp32/ld/esp32.peripherals.ld
-- Bootloader project name: "bootloader" version: 1
-- Adding linker script /home/lenovo/esp-idf-v5.5.3/components/esp_rom/esp32/ld/esp32.rom.ld
-- Adding linker script /home/lenovo/esp-idf-v5.5.3/components/esp_rom/esp32/ld/esp32.rom.api.ld
-- Adding linker script /home/lenovo/esp-idf-v5.5.3/components/esp_rom/esp32/ld/esp32.rom.libgcc.ld
-- Adding linker script /home/lenovo/esp-idf-v5.5.3/components/esp_rom/esp32/ld/esp32.rom.libc-funcs.ld
-- Adding linker script /home/lenovo/esp-idf-v5.5.3/components/bootloader/subproject/main/ld/esp32/bootloader.rom.ld
-- Components: bootloader bootloader_support efuse esp_app_format esp_bootloader_format esp_common esp_hw_support esp_rom esp_security esp_system esptool_py freertos hal log main micro-ecc newlib partition_table soc spi_flash xtensa
-- Component paths: /home/lenovo/esp-idf-v5.5.3/components/bootloader /home/lenovo/esp-idf-v5.5.3/components/bootloader_support /home/lenovo/esp-idf-v5.5.3/components/efuse /home/lenovo/esp-idf-v5.5.3/components/esp_app_format /home/lenovo/esp-idf-v5.5.3/components/esp_bootloader_format /home/lenovo/esp-idf-v5.5.3/components/esp_common /home/lenovo/esp-idf-v5.5.3/components/esp_hw_support /home/lenovo/esp-idf-v5.5.3/components/esp_rom /home/lenovo/esp-idf-v5.5.3/components/esp_security /home/lenovo/esp-idf-v5.5.3/components/esp_system /home/lenovo/esp-idf-v5.5.3/components/esptool_py /home/lenovo/esp-idf-v5.5.3/components/freertos /home/lenovo/esp-idf-v5.5.3/components/hal /home/lenovo/esp-idf-v5.5.3/components/log /home/lenovo/esp-idf-v5.5.3/components/bootloader/subproject/main /home/lenovo/esp-idf-v5.5.3/components/bootloader/subproject/components/micro-ecc /home/lenovo/esp-idf-v5.5.3/components/newlib /home/lenovo/esp-idf-v5.5.3/components/partition_table /home/lenovo/esp-idf-v5.5.3/components/soc /home/lenovo/esp-idf-v5.5.3/components/spi_flash /home/lenovo/esp-idf-v5.5.3/components/xtensa
-- Adding linker script /home/lenovo/esp-idf-v5.5.3/components/bootloader/subproject/main/ld/esp32/bootloader.ld
-- Configuring done
-- Generating done
-- Build files have been written to: /home/lenovo/project/build/bootloader
[429/1450] Building C object esp-idf/lwip/CMakeFiles/__idf_lwip.dir/lwip/src/core/dns.c.obj
[430/1450] Building C object esp-idf/lwip/CMakeFiles/__idf_lwip.dir/lwip/src/core/netif.c.obj
[431/1450] Building C object esp-idf/lwip/CMakeFiles/__idf_lwip.dir/lwip/src/core/inet_chksum.c.obj
[432/1450] Building C object esp-idf/lwip/CMakeFiles/__idf_lwip.dir/lwip/src/core/sys.c.obj
[433/1450] Building C object esp-idf/lwip/CMakeFiles/__idf_lwip.dir/lwip/src/core/stats.c.obj
[434/1450] Building C object esp-idf/lwip/CMakeFiles/__idf_lwip.dir/lwip/src/core/raw.c.obj
[435/1450] Building C object esp-idf/lwip/CMakeFiles/__idf_lwip.dir/lwip/src/core/timeouts.c.obj
[436/1450] Building C object esp-idf/lwip/CMakeFiles/__idf_lwip.dir/lwip/src/core/ipv4/autoip.c.obj
[437/1450] Building C object esp-idf/lwip/CMakeFiles/__idf_lwip.dir/lwip/src/core/ipv4/icmp.c.obj
[438/1450] Building C object esp-idf/lwip/CMakeFiles/__idf_lwip.dir/lwip/src/core/pbuf.c.obj
[439/1450] Building C object esp-idf/lwip/CMakeFiles/__idf_lwip.dir/lwip/src/core/udp.c.obj
[440/1450] Building C object esp-idf/lwip/CMakeFiles/__idf_lwip.dir/lwip/src/core/tcp.c.obj
[441/1450] Building C object esp-idf/lwip/CMakeFiles/__idf_lwip.dir/lwip/src/api/sockets.c.obj
[442/1450] Building C object esp-idf/lwip/CMakeFiles/__idf_lwip.dir/lwip/src/core/ipv6/dhcp6.c.obj
[443/1450] Building C object esp-idf/lwip/CMakeFiles/__idf_lwip.dir/lwip/src/core/tcp_out.c.obj
[444/1450] Building C object esp-idf/lwip/CMakeFiles/__idf_lwip.dir/lwip/src/core/ipv6/ethip6.c.obj
[445/1450] Building C object esp-idf/lwip/CMakeFiles/__idf_lwip.dir/lwip/src/core/ipv4/ip4_napt.c.obj
[446/1450] Building C object esp-idf/lwip/CMakeFiles/__idf_lwip.dir/lwip/src/core/ipv4/etharp.c.obj
[447/1450] Building C object esp-idf/lwip/CMakeFiles/__idf_lwip.dir/lwip/src/core/ipv4/igmp.c.obj
[448/1450] Building C object esp-idf/lwip/CMakeFiles/__idf_lwip.dir/lwip/src/core/ipv4/ip4_frag.c.obj
[449/1450] Building C object esp-idf/lwip/CMakeFiles/__idf_lwip.dir/lwip/src/core/tcp_in.c.obj
[450/1450] Building C object esp-idf/lwip/CMakeFiles/__idf_lwip.dir/lwip/src/core/ipv4/ip4.c.obj
[451/1450] Building C object esp-idf/lwip/CMakeFiles/__idf_lwip.dir/lwip/src/core/ipv4/ip4_addr.c.obj
[452/1450] Building C object esp-idf/lwip/CMakeFiles/__idf_lwip.dir/lwip/src/core/ipv4/dhcp.c.obj
[453/1450] Building C object esp-idf/lwip/CMakeFiles/__idf_lwip.dir/lwip/src/core/ipv6/inet6.c.obj
[454/1450] Building C object esp-idf/lwip/CMakeFiles/__idf_lwip.dir/lwip/src/netif/bridgeif.c.obj
[455/1450] Building C object esp-idf/lwip/CMakeFiles/__idf_lwip.dir/lwip/src/core/ipv6/ip6_frag.c.obj
[456/1450] Building C object esp-idf/lwip/CMakeFiles/__idf_lwip.dir/lwip/src/netif/ethernet.c.obj
[457/1450] Building C object esp-idf/lwip/CMakeFiles/__idf_lwip.dir/lwip/src/netif/ppp/auth.c.obj
[458/1450] Building C object esp-idf/lwip/CMakeFiles/__idf_lwip.dir/lwip/src/core/ipv6/ip6_addr.c.obj
[459/1450] Building C object esp-idf/lwip/CMakeFiles/__idf_lwip.dir/lwip/src/netif/ppp/ccp.c.obj
[460/1450] Building C object esp-idf/lwip/CMakeFiles/__idf_lwip.dir/lwip/src/netif/ppp/chap-md5.c.obj
[461/1450] Building C object esp-idf/lwip/CMakeFiles/__idf_lwip.dir/lwip/src/netif/bridgeif_fdb.c.obj
[462/1450] Building C object esp-idf/lwip/CMakeFiles/__idf_lwip.dir/lwip/src/core/ipv6/icmp6.c.obj
[463/1450] Building C object esp-idf/lwip/CMakeFiles/__idf_lwip.dir/lwip/src/core/ipv6/mld6.c.obj
[464/1450] Building C object esp-idf/lwip/CMakeFiles/__idf_lwip.dir/lwip/src/netif/ppp/eap.c.obj
[465/1450] Building C object esp-idf/lwip/CMakeFiles/__idf_lwip.dir/lwip/src/netif/ppp/ecp.c.obj
[466/1450] Building C object esp-idf/lwip/CMakeFiles/__idf_lwip.dir/lwip/src/netif/ppp/demand.c.obj
[467/1450] Building C object esp-idf/lwip/CMakeFiles/__idf_lwip.dir/lwip/src/netif/ppp/chap_ms.c.obj
[468/1450] Building C object esp-idf/lwip/CMakeFiles/__idf_lwip.dir/lwip/src/netif/ppp/eui64.c.obj
[469/1450] Building C object esp-idf/lwip/CMakeFiles/__idf_lwip.dir/lwip/src/netif/ppp/fsm.c.obj
[470/1450] Building C object esp-idf/lwip/CMakeFiles/__idf_lwip.dir/lwip/src/netif/slipif.c.obj
[471/1450] Building C object esp-idf/lwip/CMakeFiles/__idf_lwip.dir/lwip/src/netif/ppp/magic.c.obj
[472/1450] Building C object esp-idf/lwip/CMakeFiles/__idf_lwip.dir/lwip/src/netif/ppp/chap-new.c.obj
[473/1450] Building C object esp-idf/lwip/CMakeFiles/__idf_lwip.dir/lwip/src/netif/ppp/lcp.c.obj
[474/1450] Building C object esp-idf/lwip/CMakeFiles/__idf_lwip.dir/lwip/src/netif/ppp/mppe.c.obj
[475/1450] Building C object esp-idf/lwip/CMakeFiles/__idf_lwip.dir/lwip/src/netif/ppp/pppapi.c.obj
[476/1450] Building C object esp-idf/lwip/CMakeFiles/__idf_lwip.dir/lwip/src/netif/ppp/ppp.c.obj
[477/1450] Building C object esp-idf/lwip/CMakeFiles/__idf_lwip.dir/lwip/src/netif/ppp/pppos.c.obj
[478/1450] Building C object esp-idf/lwip/CMakeFiles/__idf_lwip.dir/lwip/src/netif/ppp/multilink.c.obj
[479/1450] Building C object esp-idf/lwip/CMakeFiles/__idf_lwip.dir/lwip/src/netif/ppp/ipcp.c.obj
[480/1450] Building C object esp-idf/lwip/CMakeFiles/__idf_lwip.dir/lwip/src/netif/ppp/pppoe.c.obj
[481/1450] Building C object esp-idf/lwip/CMakeFiles/__idf_lwip.dir/lwip/src/netif/ppp/ipv6cp.c.obj
[482/1450] Building C object esp-idf/lwip/CMakeFiles/__idf_lwip.dir/lwip/src/netif/ppp/pppol2tp.c.obj
[483/1450] Building C object esp-idf/lwip/CMakeFiles/__idf_lwip.dir/lwip/src/core/ipv6/ip6.c.obj
[484/1450] Building C object esp-idf/lwip/CMakeFiles/__idf_lwip.dir/lwip/src/netif/ppp/vj.c.obj
[485/1450] Building C object esp-idf/lwip/CMakeFiles/__idf_lwip.dir/lwip/src/netif/ppp/upap.c.obj
[486/1450] Building C object esp-idf/lwip/CMakeFiles/__idf_lwip.dir/lwip/src/netif/ppp/pppcrypt.c.obj
[487/1450] Building C object esp-idf/lwip/CMakeFiles/__idf_lwip.dir/lwip/src/netif/ppp/utils.c.obj
[488/1450] Building C object esp-idf/lwip/CMakeFiles/__idf_lwip.dir/port/hooks/lwip_default_hooks.c.obj
[489/1450] Building C object esp-idf/lwip/CMakeFiles/__idf_lwip.dir/lwip/src/core/ipv6/nd6.c.obj
[490/1450] Building C object esp-idf/lwip/CMakeFiles/__idf_lwip.dir/port/sockets_ext.c.obj
[491/1450] Building C object esp-idf/lwip/CMakeFiles/__idf_lwip.dir/port/acd_dhcp_check.c.obj
[492/1450] Building C object esp-idf/lwip/CMakeFiles/__idf_lwip.dir/port/esp32xx/vfs_lwip.c.obj
[493/1450] Building C object esp-idf/lwip/CMakeFiles/__idf_lwip.dir/port/hooks/tcp_isn_default.c.obj
[494/1450] Building C object esp-idf/lwip/CMakeFiles/__idf_lwip.dir/lwip/src/netif/ppp/polarssl/md5.c.obj
[495/1450] Building C object esp-idf/lwip/CMakeFiles/__idf_lwip.dir/port/if_index.c.obj
[496/1450] Building C object esp-idf/lwip/CMakeFiles/__idf_lwip.dir/apps/ping/esp_ping.c.obj
[497/1450] Building C object esp-idf/lwip/CMakeFiles/__idf_lwip.dir/apps/ping/ping.c.obj
[498/1450] Building C object esp-idf/lwip/CMakeFiles/__idf_lwip.dir/lwip/src/netif/ppp/polarssl/arc4.c.obj
[499/1450] Building C object esp-idf/lwip/CMakeFiles/__idf_lwip.dir/port/debug/lwip_debug.c.obj
[500/1450] Building C object esp-idf/lwip/CMakeFiles/__idf_lwip.dir/port/freertos/sys_arch.c.obj
[501/1450] Building C object esp-idf/lwip/CMakeFiles/__idf_lwip.dir/lwip/src/netif/ppp/polarssl/md4.c.obj
[502/1450] Building C object esp-idf/lwip/CMakeFiles/__idf_lwip.dir/lwip/src/netif/ppp/polarssl/des.c.obj
[503/1450] Building C object esp-idf/esp_netif/CMakeFiles/__idf_esp_netif.dir/esp_netif_defaults.c.obj
[504/1450] Building C object esp-idf/esp_netif/CMakeFiles/__idf_esp_netif.dir/esp_netif_handlers.c.obj
[505/1450] Building C object esp-idf/lwip/CMakeFiles/__idf_lwip.dir/apps/ping/ping_sock.c.obj
[506/1450] Building C object esp-idf/esp_netif/CMakeFiles/__idf_esp_netif.dir/esp_netif_objects.c.obj
[507/1450] Building C object esp-idf/lwip/CMakeFiles/__idf_lwip.dir/lwip/src/netif/ppp/polarssl/sha1.c.obj
[508/1450] Building C object esp-idf/esp_netif/CMakeFiles/__idf_esp_netif.dir/lwip/netif/ethernetif.c.obj
[509/1450] Building C object esp-idf/esp_netif/CMakeFiles/__idf_esp_netif.dir/lwip/netif/wlanif.c.obj
[510/1450] Building C object esp-idf/esp_netif/CMakeFiles/__idf_esp_netif.dir/lwip/esp_netif_lwip_defaults.c.obj
[511/1450] Building C object esp-idf/lwip/CMakeFiles/__idf_lwip.dir/apps/dhcpserver/dhcpserver.c.obj
[512/1450] Building C object esp-idf/esp_netif/CMakeFiles/__idf_esp_netif.dir/lwip/netif/esp_pbuf_ref.c.obj
[513/1450] Building C object esp-idf/wpa_supplicant/CMakeFiles/__idf_wpa_supplicant.dir/src/ap/pmksa_cache_auth.c.obj
[514/1450] Building C object esp-idf/esp_netif/CMakeFiles/__idf_esp_netif.dir/lwip/esp_netif_sntp.c.obj
[515/1450] Building C object esp-idf/wpa_supplicant/CMakeFiles/__idf_wpa_supplicant.dir/src/ap/ieee802_11.c.obj
[516/1450] Building C object esp-idf/wpa_supplicant/CMakeFiles/__idf_wpa_supplicant.dir/src/ap/wpa_auth_ie.c.obj
[517/1450] Building C object esp-idf/wpa_supplicant/CMakeFiles/__idf_wpa_supplicant.dir/src/common/dragonfly.c.obj
[518/1450] Building C object esp-idf/wpa_supplicant/CMakeFiles/__idf_wpa_supplicant.dir/src/ap/sta_info.c.obj
[519/1450] Building C object esp-idf/wpa_supplicant/CMakeFiles/__idf_wpa_supplicant.dir/src/crypto/ccmp.c.obj
[520/1450] Building C object esp-idf/wpa_supplicant/CMakeFiles/__idf_wpa_supplicant.dir/src/ap/comeback_token.c.obj
[521/1450] Building C object esp-idf/wpa_supplicant/CMakeFiles/__idf_wpa_supplicant.dir/src/crypto/sha256-kdf.c.obj
[522/1450] Building C object esp-idf/wpa_supplicant/CMakeFiles/__idf_wpa_supplicant.dir/src/crypto/crypto_ops.c.obj
[523/1450] Building C object esp-idf/wpa_supplicant/CMakeFiles/__idf_wpa_supplicant.dir/src/utils/bitfield.c.obj
[524/1450] Building C object esp-idf/wpa_supplicant/CMakeFiles/__idf_wpa_supplicant.dir/src/crypto/dh_group5.c.obj
[525/1450] Building C object esp-idf/esp_netif/CMakeFiles/__idf_esp_netif.dir/lwip/esp_netif_lwip.c.obj
[526/1450] Building C object esp-idf/wpa_supplicant/CMakeFiles/__idf_wpa_supplicant.dir/src/common/wpa_common.c.obj
[527/1450] Building C object esp-idf/wpa_supplicant/CMakeFiles/__idf_wpa_supplicant.dir/src/common/sae.c.obj
[528/1450] Building C object esp-idf/wpa_supplicant/CMakeFiles/__idf_wpa_supplicant.dir/src/crypto/aes-gcm.c.obj
[529/1450] Building C object esp-idf/wpa_supplicant/CMakeFiles/__idf_wpa_supplicant.dir/src/crypto/aes-siv.c.obj
[530/1450] Building C object esp-idf/wpa_supplicant/CMakeFiles/__idf_wpa_supplicant.dir/src/crypto/sha256-tlsprf.c.obj
[531/1450] Building C object esp-idf/wpa_supplicant/CMakeFiles/__idf_wpa_supplicant.dir/src/crypto/sha1-prf.c.obj
[532/1450] Building C object esp-idf/wpa_supplicant/CMakeFiles/__idf_wpa_supplicant.dir/src/crypto/sha384-tlsprf.c.obj
[533/1450] Building C object esp-idf/wpa_supplicant/CMakeFiles/__idf_wpa_supplicant.dir/src/crypto/sha256-prf.c.obj
[534/1450] Building C object esp-idf/wpa_supplicant/CMakeFiles/__idf_wpa_supplicant.dir/src/crypto/sha384-prf.c.obj
[535/1450] Building C object esp-idf/wpa_supplicant/CMakeFiles/__idf_wpa_supplicant.dir/src/ap/wpa_auth.c.obj
[536/1450] Building C object esp-idf/wpa_supplicant/CMakeFiles/__idf_wpa_supplicant.dir/src/crypto/dh_groups.c.obj
[537/1450] Building C object esp-idf/wpa_supplicant/CMakeFiles/__idf_wpa_supplicant.dir/src/crypto/sha1-tlsprf.c.obj
[538/1450] Building C object esp-idf/wpa_supplicant/CMakeFiles/__idf_wpa_supplicant.dir/src/crypto/md4-internal.c.obj
[539/1450] Building C object esp-idf/wpa_supplicant/CMakeFiles/__idf_wpa_supplicant.dir/src/eap_common/eap_wsc_common.c.obj
[540/1450] Building C object esp-idf/wpa_supplicant/CMakeFiles/__idf_wpa_supplicant.dir/src/crypto/sha1-tprf.c.obj
[541/1450] Building C object esp-idf/wpa_supplicant/CMakeFiles/__idf_wpa_supplicant.dir/src/eap_peer/chap.c.obj
[542/1450] Building C object esp-idf/wpa_supplicant/CMakeFiles/__idf_wpa_supplicant.dir/src/crypto/ms_funcs.c.obj
[543/1450] Building C object esp-idf/wpa_supplicant/CMakeFiles/__idf_wpa_supplicant.dir/src/eap_peer/eap_tls.c.obj
[544/1450] Building C object esp-idf/wpa_supplicant/CMakeFiles/__idf_wpa_supplicant.dir/src/eap_peer/eap_peap_common.c.obj
[545/1450] Building C object esp-idf/wpa_supplicant/CMakeFiles/__idf_wpa_supplicant.dir/src/common/ieee802_11_common.c.obj
[546/1450] Building C object esp-idf/wpa_supplicant/CMakeFiles/__idf_wpa_supplicant.dir/src/eap_peer/eap_common.c.obj
[547/1450] Building C object esp-idf/wpa_supplicant/CMakeFiles/__idf_wpa_supplicant.dir/src/eap_peer/eap_tls_common.c.obj
[548/1450] Building C object esp-idf/wpa_supplicant/CMakeFiles/__idf_wpa_supplicant.dir/src/eap_peer/mschapv2.c.obj
[549/1450] Building C object esp-idf/wpa_supplicant/CMakeFiles/__idf_wpa_supplicant.dir/src/eap_peer/eap_mschapv2.c.obj
[550/1450] Building C object esp-idf/wpa_supplicant/CMakeFiles/__idf_wpa_supplicant.dir/src/eap_peer/eap.c.obj
[551/1450] Building C object esp-idf/wpa_supplicant/CMakeFiles/__idf_wpa_supplicant.dir/src/eap_peer/eap_peap.c.obj
[552/1450] Building C object esp-idf/wpa_supplicant/CMakeFiles/__idf_wpa_supplicant.dir/src/eap_peer/eap_ttls.c.obj
[553/1450] Building C object esp-idf/wpa_supplicant/CMakeFiles/__idf_wpa_supplicant.dir/src/eap_peer/eap_fast_common.c.obj
[554/1450] Building C object esp-idf/wpa_supplicant/CMakeFiles/__idf_wpa_supplicant.dir/src/utils/base64.c.obj
[555/1450] Building C object esp-idf/wpa_supplicant/CMakeFiles/__idf_wpa_supplicant.dir/src/rsn_supp/pmksa_cache.c.obj
[556/1450] Building C object esp-idf/wpa_supplicant/CMakeFiles/__idf_wpa_supplicant.dir/src/utils/ext_password.c.obj
[557/1450] Building C object esp-idf/wpa_supplicant/CMakeFiles/__idf_wpa_supplicant.dir/src/utils/wpabuf.c.obj
[558/1450] Building C object esp-idf/wpa_supplicant/CMakeFiles/__idf_wpa_supplicant.dir/src/rsn_supp/wpa_ie.c.obj
[559/1450] Building C object esp-idf/wpa_supplicant/CMakeFiles/__idf_wpa_supplicant.dir/src/utils/uuid.c.obj
[560/1450] Building C object esp-idf/wpa_supplicant/CMakeFiles/__idf_wpa_supplicant.dir/src/utils/common.c.obj
[561/1450] Building C object esp-idf/wpa_supplicant/CMakeFiles/__idf_wpa_supplicant.dir/src/utils/wpa_debug.c.obj
[562/1450] Building C object esp-idf/wpa_supplicant/CMakeFiles/__idf_wpa_supplicant.dir/src/eap_peer/eap_fast_pac.c.obj
[563/1450] Building C object esp-idf/wpa_supplicant/CMakeFiles/__idf_wpa_supplicant.dir/src/utils/json.c.obj
[564/1450] Building C object esp-idf/wpa_supplicant/CMakeFiles/__idf_wpa_supplicant.dir/src/wps/wps_attr_process.c.obj
[565/1450] Building C object esp-idf/wpa_supplicant/CMakeFiles/__idf_wpa_supplicant.dir/src/wps/wps_attr_build.c.obj
[566/1450] Building C object esp-idf/wpa_supplicant/CMakeFiles/__idf_wpa_supplicant.dir/src/eap_peer/eap_fast.c.obj
[567/1450] Building C object esp-idf/wpa_supplicant/CMakeFiles/__idf_wpa_supplicant.dir/src/wps/wps_attr_parse.c.obj
[568/1450] Building C object esp-idf/wpa_supplicant/CMakeFiles/__idf_wpa_supplicant.dir/src/wps/wps_common.c.obj
[569/1450] Building C object esp-idf/wpa_supplicant/CMakeFiles/__idf_wpa_supplicant.dir/src/wps/wps.c.obj
[570/1450] Building C object esp-idf/wpa_supplicant/CMakeFiles/__idf_wpa_supplicant.dir/esp_supplicant/src/esp_wpa2_api_port.c.obj
[571/1450] Building C object esp-idf/wpa_supplicant/CMakeFiles/__idf_wpa_supplicant.dir/src/wps/wps_enrollee.c.obj
[572/1450] Building C object esp-idf/wpa_supplicant/CMakeFiles/__idf_wpa_supplicant.dir/esp_supplicant/src/esp_wpa_main.c.obj
[573/1450] Building C object esp-idf/wpa_supplicant/CMakeFiles/__idf_wpa_supplicant.dir/esp_supplicant/src/esp_wpas_glue.c.obj
[574/1450] Building C object esp-idf/wpa_supplicant/CMakeFiles/__idf_wpa_supplicant.dir/src/wps/wps_dev_attr.c.obj
[575/1450] Building C object esp-idf/wpa_supplicant/CMakeFiles/__idf_wpa_supplicant.dir/src/common/sae_pk.c.obj
[576/1450] Building C object esp-idf/wpa_supplicant/CMakeFiles/__idf_wpa_supplicant.dir/esp_supplicant/src/esp_hostap.c.obj
[577/1450] Building C object esp-idf/wpa_supplicant/CMakeFiles/__idf_wpa_supplicant.dir/esp_supplicant/src/esp_common.c.obj
[578/1450] Building C object esp-idf/wpa_supplicant/CMakeFiles/__idf_wpa_supplicant.dir/src/rsn_supp/wpa.c.obj
[579/1450] Building C object esp-idf/wpa_supplicant/CMakeFiles/__idf_wpa_supplicant.dir/esp_supplicant/src/crypto/crypto_mbedtls-bignum.c.obj
[580/1450] Building C object esp-idf/wpa_supplicant/CMakeFiles/__idf_wpa_supplicant.dir/esp_supplicant/src/esp_owe.c.obj
[581/1450] Building C object esp-idf/wpa_supplicant/CMakeFiles/__idf_wpa_supplicant.dir/esp_supplicant/src/crypto/crypto_mbedtls-rsa.c.obj
[582/1450] Building C object esp-idf/wpa_supplicant/CMakeFiles/__idf_wpa_supplicant.dir/esp_supplicant/src/crypto/tls_mbedtls.c.obj
[583/1450] Building C object esp-idf/wpa_supplicant/CMakeFiles/__idf_wpa_supplicant.dir/esp_supplicant/src/crypto/crypto_mbedtls.c.obj
[584/1450] Building C object esp-idf/esp_coex/CMakeFiles/__idf_esp_coex.dir/src/coexist_debug_diagram.c.obj
[585/1450] Building C object esp-idf/wpa_supplicant/CMakeFiles/__idf_wpa_supplicant.dir/src/crypto/rc4.c.obj
[586/1450] Building C object esp-idf/wpa_supplicant/CMakeFiles/__idf_wpa_supplicant.dir/src/crypto/aes-wrap.c.obj
[587/1450] Building C object esp-idf/wpa_supplicant/CMakeFiles/__idf_wpa_supplicant.dir/esp_supplicant/src/crypto/fastpbkdf2.c.obj
[588/1450] Building C object esp-idf/wpa_supplicant/CMakeFiles/__idf_wpa_supplicant.dir/src/crypto/aes-unwrap.c.obj
[589/1450] Building C object esp-idf/wpa_supplicant/CMakeFiles/__idf_wpa_supplicant.dir/esp_supplicant/src/esp_wpa3.c.obj
[590/1450] Building C object esp-idf/esp_coex/CMakeFiles/__idf_esp_coex.dir/src/coexist_debug.c.obj
[591/1450] Building C object esp-idf/wpa_supplicant/CMakeFiles/__idf_wpa_supplicant.dir/esp_supplicant/src/esp_wps.c.obj
[592/1450] Building C object esp-idf/esp_wifi/CMakeFiles/__idf_esp_wifi.dir/src/mesh_event.c.obj
[593/1450] Building C object esp-idf/wpa_supplicant/CMakeFiles/__idf_wpa_supplicant.dir/src/crypto/des-internal.c.obj
[594/1450] Building C object esp-idf/wpa_supplicant/CMakeFiles/__idf_wpa_supplicant.dir/src/crypto/aes-ccm.c.obj
[595/1450] Building C object esp-idf/wpa_supplicant/CMakeFiles/__idf_wpa_supplicant.dir/esp_supplicant/src/esp_eap_client.c.obj
[596/1450] Building C object esp-idf/esp_wifi/CMakeFiles/__idf_esp_wifi.dir/src/smartconfig.c.obj
[597/1450] Building C object esp-idf/esp_coex/CMakeFiles/__idf_esp_coex.dir/esp32/esp_coex_adapter.c.obj
[598/1450] Building C object esp-idf/esp_wifi/CMakeFiles/__idf_esp_wifi.dir/src/lib_printf.c.obj
[599/1450] Building C object esp-idf/wpa_supplicant/CMakeFiles/__idf_wpa_supplicant.dir/esp_supplicant/src/crypto/crypto_mbedtls-ec.c.obj
[600/1450] Building C object esp-idf/esp_wifi/CMakeFiles/__idf_esp_wifi.dir/src/wifi_default_ap.c.obj
[601/1450] Building C object esp-idf/esp_wifi/CMakeFiles/__idf_esp_wifi.dir/regulatory/esp_wifi_regulatory.c.obj
[602/1450] Building C object esp-idf/esp_wifi/CMakeFiles/__idf_esp_wifi.dir/src/wifi_netif.c.obj
[603/1450] Building C object esp-idf/esp_wifi/CMakeFiles/__idf_esp_wifi.dir/src/wifi_default.c.obj
[604/1450] Building C object esp-idf/esp_wifi/CMakeFiles/__idf_esp_wifi.dir/src/wifi_init.c.obj
[605/1450] Building ASM object esp-idf/esp_gdbstub/CMakeFiles/__idf_esp_gdbstub.dir/src/port/xtensa/gdbstub-entry.S.obj
[606/1450] Building ASM object esp-idf/esp_gdbstub/CMakeFiles/__idf_esp_gdbstub.dir/src/port/xtensa/xt_debugexception.S.obj
[607/1450] Building C object esp-idf/esp_gdbstub/CMakeFiles/__idf_esp_gdbstub.dir/src/packet.c.obj
[608/1450] Building C object esp-idf/esp_wifi/CMakeFiles/__idf_esp_wifi.dir/esp32/esp_adapter.c.obj
[609/1450] Building C object esp-idf/esp_wifi/CMakeFiles/__idf_esp_wifi.dir/src/smartconfig_ack.c.obj
[610/1450] Building C object esp-idf/esp_gdbstub/CMakeFiles/__idf_esp_gdbstub.dir/src/port/xtensa/gdbstub_xtensa.c.obj
[611/1450] Building C object esp-idf/esp_gdbstub/CMakeFiles/__idf_esp_gdbstub.dir/src/gdbstub_transport.c.obj
[612/1450] Building C object esp-idf/esp_driver_mcpwm/CMakeFiles/__idf_esp_driver_mcpwm.dir/src/mcpwm_com.c.obj
[613/1450] Building C object esp-idf/esp_gdbstub/CMakeFiles/__idf_esp_gdbstub.dir/src/gdbstub.c.obj
[614/1450] Building C object esp-idf/esp_driver_mcpwm/CMakeFiles/__idf_esp_driver_mcpwm.dir/src/mcpwm_fault.c.obj
[615/1450] Building C object esp-idf/esp_driver_mcpwm/CMakeFiles/__idf_esp_driver_mcpwm.dir/src/mcpwm_cmpr.c.obj
[616/1450] Building C object esp-idf/esp_driver_mcpwm/CMakeFiles/__idf_esp_driver_mcpwm.dir/src/mcpwm_cap.c.obj
[617/1450] Building C object esp-idf/esp_driver_pcnt/CMakeFiles/__idf_esp_driver_pcnt.dir/src/pulse_cnt.c.obj
[618/1450] Building C object esp-idf/esp_driver_mcpwm/CMakeFiles/__idf_esp_driver_mcpwm.dir/src/mcpwm_sync.c.obj
[619/1450] Building C object esp-idf/esp_driver_mcpwm/CMakeFiles/__idf_esp_driver_mcpwm.dir/src/mcpwm_timer.c.obj
[620/1450] Building C object esp-idf/esp_driver_mcpwm/CMakeFiles/__idf_esp_driver_mcpwm.dir/src/mcpwm_oper.c.obj
[621/1450] Building C object esp-idf/sdmmc/CMakeFiles/__idf_sdmmc.dir/sdmmc_init.c.obj
[622/1450] Building C object esp-idf/esp_driver_i2s/CMakeFiles/__idf_esp_driver_i2s.dir/i2s_platform.c.obj
[623/1450] Building C object esp-idf/esp_driver_i2s/CMakeFiles/__idf_esp_driver_i2s.dir/i2s_std.c.obj
[624/1450] Performing build step for 'bootloader'
[1/118] Generating project_elf_src_esp32.c
[2/118] Building C object esp-idf/soc/CMakeFiles/__idf_soc.dir/lldesc.c.obj
[3/118] Building C object esp-idf/soc/CMakeFiles/__idf_soc.dir/esp32/interrupts.c.obj
[4/118] Building C object CMakeFiles/bootloader.elf.dir/project_elf_src_esp32.c.obj
[5/118] Building C object esp-idf/soc/CMakeFiles/__idf_soc.dir/esp32/dport_access.c.obj
[6/118] Building C object esp-idf/soc/CMakeFiles/__idf_soc.dir/esp32/gpio_periph.c.obj
[7/118] Building C object esp-idf/xtensa/CMakeFiles/__idf_xtensa.dir/xt_trax.c.obj
[8/118] Building C object esp-idf/soc/CMakeFiles/__idf_soc.dir/dport_access_common.c.obj
[9/118] Building C object esp-idf/xtensa/CMakeFiles/__idf_xtensa.dir/eri.c.obj
[10/118] Building C object esp-idf/soc/CMakeFiles/__idf_soc.dir/esp32/emac_periph.c.obj
[11/118] Building C object esp-idf/soc/CMakeFiles/__idf_soc.dir/esp32/uart_periph.c.obj
[12/118] Building C object esp-idf/soc/CMakeFiles/__idf_soc.dir/esp32/adc_periph.c.obj
[13/118] Building C object esp-idf/soc/CMakeFiles/__idf_soc.dir/esp32/spi_periph.c.obj
[14/118] Building C object esp-idf/soc/CMakeFiles/__idf_soc.dir/esp32/mcpwm_periph.c.obj
[15/118] Building C object esp-idf/soc/CMakeFiles/__idf_soc.dir/esp32/i2s_periph.c.obj
[16/118] Building C object esp-idf/soc/CMakeFiles/__idf_soc.dir/esp32/ledc_periph.c.obj
[17/118] Building C object esp-idf/soc/CMakeFiles/__idf_soc.dir/esp32/pcnt_periph.c.obj
[18/118] Building C object esp-idf/soc/CMakeFiles/__idf_soc.dir/esp32/rmt_periph.c.obj
[19/118] Building C object esp-idf/soc/CMakeFiles/__idf_soc.dir/esp32/sdm_periph.c.obj
[20/118] Building C object esp-idf/soc/CMakeFiles/__idf_soc.dir/esp32/lcd_periph.c.obj
[21/118] Building C object esp-idf/soc/CMakeFiles/__idf_soc.dir/esp32/power_supply_periph.c.obj
[22/118] Building C object esp-idf/soc/CMakeFiles/__idf_soc.dir/esp32/mpi_periph.c.obj
[23/118] Building C object esp-idf/soc/CMakeFiles/__idf_soc.dir/esp32/i2c_periph.c.obj
[24/118] Building C object esp-idf/soc/CMakeFiles/__idf_soc.dir/esp32/touch_sensor_periph.c.obj
[25/118] Building C object esp-idf/soc/CMakeFiles/__idf_soc.dir/esp32/timer_periph.c.obj
[26/118] Building C object esp-idf/soc/CMakeFiles/__idf_soc.dir/esp32/twai_periph.c.obj
[27/118] Building C object esp-idf/soc/CMakeFiles/__idf_soc.dir/esp32/dac_periph.c.obj
[28/118] Building C object esp-idf/soc/CMakeFiles/__idf_soc.dir/esp32/wdt_periph.c.obj
[29/118] Building C object esp-idf/soc/CMakeFiles/__idf_soc.dir/esp32/rtc_io_periph.c.obj
[30/118] Building C object esp-idf/soc/CMakeFiles/__idf_soc.dir/esp32/sdio_slave_periph.c.obj
[31/118] Building C object esp-idf/soc/CMakeFiles/__idf_soc.dir/esp32/sdmmc_periph.c.obj
[32/118] Building C object esp-idf/hal/CMakeFiles/__idf_hal.dir/mpu_hal.c.obj
[33/118] Building C object esp-idf/hal/CMakeFiles/__idf_hal.dir/efuse_hal.c.obj
[34/118] Building C object esp-idf/spi_flash/CMakeFiles/__idf_spi_flash.dir/spi_flash_wrap.c.obj
[35/118] Building C object esp-idf/bootloader_support/CMakeFiles/__idf_bootloader_support.dir/src/bootloader_clock_init.c.obj
[36/118] Building C object esp-idf/hal/CMakeFiles/__idf_hal.dir/wdt_hal_iram.c.obj
[37/118] Building C object esp-idf/esp_bootloader_format/CMakeFiles/__idf_esp_bootloader_format.dir/esp_bootloader_desc.c.obj
[38/118] Building C object esp-idf/hal/CMakeFiles/__idf_hal.dir/hal_utils.c.obj
[39/118] Building C object esp-idf/hal/CMakeFiles/__idf_hal.dir/esp32/cache_hal_esp32.c.obj
[40/118] Building C object esp-idf/hal/CMakeFiles/__idf_hal.dir/esp32/efuse_hal.c.obj
[41/118] Building C object esp-idf/bootloader_support/CMakeFiles/__idf_bootloader_support.dir/src/bootloader_mem.c.obj
[42/118] Building C object esp-idf/bootloader_support/CMakeFiles/__idf_bootloader_support.dir/src/bootloader_random.c.obj
[43/118] Building C object esp-idf/bootloader_support/CMakeFiles/__idf_bootloader_support.dir/src/bootloader_common.c.obj
[44/118] Building C object esp-idf/bootloader_support/CMakeFiles/__idf_bootloader_support.dir/src/bootloader_efuse.c.obj
[45/118] Building C object esp-idf/bootloader_support/CMakeFiles/__idf_bootloader_support.dir/src/bootloader_common_loader.c.obj
[46/118] Building C object esp-idf/bootloader_support/CMakeFiles/__idf_bootloader_support.dir/src/bootloader_random_esp32.c.obj
[47/118] Building C object esp-idf/bootloader_support/CMakeFiles/__idf_bootloader_support.dir/src/secure_boot.c.obj
[48/118] Building C object esp-idf/bootloader_support/CMakeFiles/__idf_bootloader_support.dir/bootloader_flash/src/flash_qio_mode.c.obj
[49/118] Building C object esp-idf/bootloader_support/CMakeFiles/__idf_bootloader_support.dir/src/flash_encrypt.c.obj
[50/118] Building C object esp-idf/bootloader_support/CMakeFiles/__idf_bootloader_support.dir/src/flash_partitions.c.obj
[51/118] Building C object esp-idf/hal/CMakeFiles/__idf_hal.dir/mmu_hal.c.obj
[52/118] Building C object esp-idf/bootloader_support/CMakeFiles/__idf_bootloader_support.dir/src/bootloader_clock_loader.c.obj
[53/118] Building C object esp-idf/bootloader_support/CMakeFiles/__idf_bootloader_support.dir/src/esp32/bootloader_soc.c.obj
[54/118] Building C object esp-idf/bootloader_support/CMakeFiles/__idf_bootloader_support.dir/src/bootloader_init.c.obj
[55/118] Building C object esp-idf/bootloader_support/CMakeFiles/__idf_bootloader_support.dir/src/bootloader_console.c.obj
[56/118] Building C object esp-idf/bootloader_support/CMakeFiles/__idf_bootloader_support.dir/src/bootloader_sha.c.obj
[57/118] Building C object esp-idf/bootloader_support/CMakeFiles/__idf_bootloader_support.dir/src/bootloader_panic.c.obj
[58/118] Building C object esp-idf/efuse/CMakeFiles/__idf_efuse.dir/esp32/esp_efuse_table.c.obj
[59/118] Building C object esp-idf/bootloader_support/CMakeFiles/__idf_bootloader_support.dir/src/bootloader_utility.c.obj
[60/118] Building C object esp-idf/bootloader_support/CMakeFiles/__idf_bootloader_support.dir/src/bootloader_console_loader.c.obj
[61/118] Building C object esp-idf/efuse/CMakeFiles/__idf_efuse.dir/esp32/esp_efuse_fields.c.obj
[62/118] Building C object esp-idf/bootloader_support/CMakeFiles/__idf_bootloader_support.dir/src/esp32/bootloader_esp32.c.obj
[63/118] Building C object esp-idf/bootloader_support/CMakeFiles/__idf_bootloader_support.dir/bootloader_flash/src/bootloader_flash_config_esp32.c.obj
[64/118] Building C object esp-idf/efuse/CMakeFiles/__idf_efuse.dir/src/esp_efuse_fields.c.obj
[65/118] Building C object esp-idf/bootloader_support/CMakeFiles/__idf_bootloader_support.dir/src/esp_image_format.c.obj
[66/118] Building C object esp-idf/esp_system/CMakeFiles/__idf_esp_system.dir/esp_err.c.obj
[67/118] Building C object esp-idf/esp_hw_support/CMakeFiles/__idf_esp_hw_support.dir/port/esp32/esp_cpu_intr.c.obj
[68/118] Building C object esp-idf/esp_hw_support/CMakeFiles/__idf_esp_hw_support.dir/esp_memory_utils.c.obj
[69/118] Building C object esp-idf/efuse/CMakeFiles/__idf_efuse.dir/src/efuse_controller/keys/without_key_purposes/three_key_blocks/esp_efuse_api_key.c.obj
[70/118] Building C object esp-idf/esp_hw_support/CMakeFiles/__idf_esp_hw_support.dir/port/esp32/cpu_region_protect.c.obj
[71/118] Building C object esp-idf/esp_hw_support/CMakeFiles/__idf_esp_hw_support.dir/cpu.c.obj
[72/118] Building C object esp-idf/efuse/CMakeFiles/__idf_efuse.dir/src/esp_efuse_utility.c.obj
[73/118] Building C object esp-idf/efuse/CMakeFiles/__idf_efuse.dir/src/esp_efuse_api.c.obj
[74/118] Building C object esp-idf/bootloader_support/CMakeFiles/__idf_bootloader_support.dir/bootloader_flash/src/bootloader_flash.c.obj
[75/118] Building C object esp-idf/esp_hw_support/CMakeFiles/__idf_esp_hw_support.dir/port/esp32/chip_info.c.obj
[76/118] Building C object esp-idf/esp_common/CMakeFiles/__idf_esp_common.dir/src/esp_err_to_name.c.obj
[77/118] Building C object esp-idf/esp_rom/CMakeFiles/__idf_esp_rom.dir/patches/esp_rom_sys.c.obj
[78/118] Building C object esp-idf/efuse/CMakeFiles/__idf_efuse.dir/esp32/esp_efuse_utility.c.obj
[79/118] Building C object esp-idf/esp_hw_support/CMakeFiles/__idf_esp_hw_support.dir/port/esp32/rtc_time.c.obj
[80/118] Building C object esp-idf/esp_hw_support/CMakeFiles/__idf_esp_hw_support.dir/port/esp32/rtc_clk_init.c.obj
[81/118] Building C object esp-idf/esp_rom/CMakeFiles/__idf_esp_rom.dir/patches/esp_rom_crc.c.obj
[82/118] Building C object esp-idf/esp_rom/CMakeFiles/__idf_esp_rom.dir/patches/esp_rom_efuse.c.obj
[83/118] Building C object esp-idf/esp_rom/CMakeFiles/__idf_esp_rom.dir/patches/esp_rom_uart.c.obj
[84/118] Building C object esp-idf/esp_hw_support/CMakeFiles/__idf_esp_hw_support.dir/port/esp32/rtc_sleep.c.obj
[85/118] Building C object esp-idf/log/CMakeFiles/__idf_log.dir/src/util.c.obj
[86/118] Building ASM object esp-idf/esp_rom/CMakeFiles/__idf_esp_rom.dir/patches/esp_rom_longjmp.S.obj
[87/118] Building C object esp-idf/log/CMakeFiles/__idf_log.dir/src/log_timestamp_common.c.obj
[88/118] Building C object esp-idf/log/CMakeFiles/__idf_log.dir/src/noos/log_lock.c.obj
[89/118] Building C object esp-idf/log/CMakeFiles/__idf_log.dir/src/noos/util.c.obj
[90/118] Building C object esp-idf/esp_rom/CMakeFiles/__idf_esp_rom.dir/patches/esp_rom_print.c.obj
[91/118] Building C object esp-idf/esp_hw_support/CMakeFiles/__idf_esp_hw_support.dir/port/esp32/rtc_init.c.obj
[92/118] Building C object esp-idf/esp_rom/CMakeFiles/__idf_esp_rom.dir/patches/esp_rom_gpio.c.obj
[93/118] Building C object esp-idf/log/CMakeFiles/__idf_log.dir/src/log.c.obj
[94/118] Building C object esp-idf/log/CMakeFiles/__idf_log.dir/src/log_print.c.obj
[95/118] Building C object esp-idf/log/CMakeFiles/__idf_log.dir/src/noos/log_timestamp.c.obj
[96/118] Building C object esp-idf/log/CMakeFiles/__idf_log.dir/src/buffer/log_buffers.c.obj
[97/118] Building C object esp-idf/log/CMakeFiles/__idf_log.dir/src/log_format_text.c.obj
[98/118] Building C object esp-idf/esp_hw_support/CMakeFiles/__idf_esp_hw_support.dir/port/esp32/rtc_clk.c.obj
[99/118] Linking C static library esp-idf/log/liblog.a
[100/118] Building C object esp-idf/main/CMakeFiles/__idf_main.dir/bootloader_start.c.obj
[101/118] Building C object esp-idf/esp_rom/CMakeFiles/__idf_esp_rom.dir/patches/esp_rom_spiflash.c.obj
[102/118] Linking C static library esp-idf/esp_rom/libesp_rom.a
[103/118] Linking C static library esp-idf/esp_common/libesp_common.a
[104/118] Linking C static library esp-idf/esp_hw_support/libesp_hw_support.a
[105/118] Linking C static library esp-idf/esp_system/libesp_system.a
[106/118] Linking C static library esp-idf/efuse/libefuse.a
[107/118] Building C object esp-idf/micro-ecc/CMakeFiles/__idf_micro-ecc.dir/uECC_verify_antifault.c.obj
[108/118] Linking C static library esp-idf/bootloader_support/libbootloader_support.a
[109/118] Linking C static library esp-idf/esp_bootloader_format/libesp_bootloader_format.a
[110/118] Linking C static library esp-idf/spi_flash/libspi_flash.a
[111/118] Linking C static library esp-idf/hal/libhal.a
[112/118] Linking C static library esp-idf/micro-ecc/libmicro-ecc.a
[113/118] Linking C static library esp-idf/soc/libsoc.a
[114/118] Linking C static library esp-idf/xtensa/libxtensa.a
[115/118] Linking C static library esp-idf/main/libmain.a
[116/118] Linking C executable bootloader.elf
[117/118] Generating binary image from built executable
esptool.py v4.12.dev1
Creating esp32 image...
Merged 2 ELF sections
Successfully created esp32 image.
Generated /home/lenovo/project/build/bootloader/bootloader.bin
[118/118] cd /home/lenovo/project/build/bootloader/esp-idf/esptool_py && /home/lenovo/.espressif/python_env/idf5.5_py3.10_env/bin/python /home/lenovo/esp-idf-v5.5.3/components/partition_table/check_sizes.py --offset 0x8000 bootloader 0x1000 /home/lenovo/project/build/bootloader/bootloader.bin
Bootloader binary size 0x64e0 bytes. 0xb20 bytes (10%) free.
[625/1450] Building C object esp-idf/esp_driver_i2s/CMakeFiles/__idf_esp_driver_i2s.dir/i2s_common.c.obj
[626/1450] Building C object esp-idf/esp_driver_mcpwm/CMakeFiles/__idf_esp_driver_mcpwm.dir/src/mcpwm_gen.c.obj
[627/1450] No install step for 'bootloader'
[628/1450] Building C object esp-idf/sdmmc/CMakeFiles/__idf_sdmmc.dir/sd_pwr_ctrl/sd_pwr_ctrl.c.obj
[629/1450] Building C object esp-idf/esp_driver_i2s/CMakeFiles/__idf_esp_driver_i2s.dir/i2s_pdm.c.obj
[630/1450] Building C object esp-idf/sdmmc/CMakeFiles/__idf_sdmmc.dir/sdmmc_mmc.c.obj
[631/1450] Completed 'bootloader'
[632/1450] Building C object esp-idf/esp_driver_sdspi/CMakeFiles/__idf_esp_driver_sdspi.dir/src/sdspi_crc.c.obj
[633/1450] Building C object esp-idf/sdmmc/CMakeFiles/__idf_sdmmc.dir/sdmmc_common.c.obj
[634/1450] Building C object esp-idf/sdmmc/CMakeFiles/__idf_sdmmc.dir/sdmmc_io.c.obj
[635/1450] Building C object esp-idf/esp_driver_dac/CMakeFiles/__idf_esp_driver_dac.dir/dac_oneshot.c.obj
[636/1450] Building C object esp-idf/esp_driver_sdspi/CMakeFiles/__idf_esp_driver_sdspi.dir/src/sdspi_transaction.c.obj
[637/1450] Building C object esp-idf/sdmmc/CMakeFiles/__idf_sdmmc.dir/sdmmc_sd.c.obj
[638/1450] Building C object esp-idf/esp_driver_dac/CMakeFiles/__idf_esp_driver_dac.dir/dac_common.c.obj
[639/1450] Building C object esp-idf/esp_driver_dac/CMakeFiles/__idf_esp_driver_dac.dir/dac_cosine.c.obj
[640/1450] Building C object esp-idf/sdmmc/CMakeFiles/__idf_sdmmc.dir/sdmmc_cmd.c.obj
[641/1450] Building C object esp-idf/esp_driver_sdspi/CMakeFiles/__idf_esp_driver_sdspi.dir/src/sdspi_host.c.obj
[642/1450] Building C object esp-idf/esp_driver_sdio/CMakeFiles/__idf_esp_driver_sdio.dir/src/sdio_slave.c.obj
[643/1450] Building C object esp-idf/esp_driver_sdmmc/CMakeFiles/__idf_esp_driver_sdmmc.dir/src/sdmmc_transaction.c.obj
[644/1450] Building C object esp-idf/esp_driver_rmt/CMakeFiles/__idf_esp_driver_rmt.dir/src/rmt_encoder.c.obj
[645/1450] Building C object esp-idf/esp_driver_dac/CMakeFiles/__idf_esp_driver_dac.dir/esp32/dac_dma.c.obj
[646/1450] Building C object esp-idf/esp_driver_rmt/CMakeFiles/__idf_esp_driver_rmt.dir/src/rmt_common.c.obj
[647/1450] Building C object esp-idf/esp_driver_sdmmc/CMakeFiles/__idf_esp_driver_sdmmc.dir/src/sdmmc_host.c.obj
[648/1450] Building C object esp-idf/esp_driver_rmt/CMakeFiles/__idf_esp_driver_rmt.dir/src/rmt_encoder_copy.c.obj
[649/1450] Building C object esp-idf/esp_driver_dac/CMakeFiles/__idf_esp_driver_dac.dir/dac_continuous.c.obj
[650/1450] Building C object esp-idf/esp_driver_rmt/CMakeFiles/__idf_esp_driver_rmt.dir/src/rmt_encoder_bytes.c.obj
[651/1450] Building C object esp-idf/esp_driver_rmt/CMakeFiles/__idf_esp_driver_rmt.dir/src/rmt_encoder_simple.c.obj
[652/1450] Building C object esp-idf/esp_driver_sdm/CMakeFiles/__idf_esp_driver_sdm.dir/src/sdm.c.obj
[653/1450] Building C object esp-idf/esp_driver_i2c/CMakeFiles/__idf_esp_driver_i2c.dir/i2c_common.c.obj
[654/1450] Building C object esp-idf/esp_driver_i2c/CMakeFiles/__idf_esp_driver_i2c.dir/i2c_slave.c.obj
[655/1450] Building C object esp-idf/esp_driver_rmt/CMakeFiles/__idf_esp_driver_rmt.dir/src/rmt_tx.c.obj
[656/1450] Building C object esp-idf/esp_driver_twai/CMakeFiles/__idf_esp_driver_twai.dir/esp_twai.c.obj
[657/1450] Building C object esp-idf/esp_driver_rmt/CMakeFiles/__idf_esp_driver_rmt.dir/src/rmt_rx.c.obj
[658/1450] Building C object esp-idf/driver/CMakeFiles/__idf_driver.dir/deprecated/esp32/dac_legacy.c.obj
[659/1450] Building C object esp-idf/driver/CMakeFiles/__idf_driver.dir/deprecated/adc_legacy.c.obj
[660/1450] Building C object esp-idf/driver/CMakeFiles/__idf_driver.dir/deprecated/dac_common_legacy.c.obj
[661/1450] Building C object esp-idf/esp_driver_twai/CMakeFiles/__idf_esp_driver_twai.dir/esp_twai_onchip.c.obj
[662/1450] Building C object esp-idf/driver/CMakeFiles/__idf_driver.dir/deprecated/adc_dma_legacy.c.obj
[663/1450] Building C object esp-idf/driver/CMakeFiles/__idf_driver.dir/touch_sensor/touch_sensor_common.c.obj
[664/1450] Building C object esp-idf/esp_driver_i2c/CMakeFiles/__idf_esp_driver_i2c.dir/i2c_master.c.obj
[665/1450] Building C object esp-idf/driver/CMakeFiles/__idf_driver.dir/i2c/i2c.c.obj
[666/1450] Building C object esp-idf/driver/CMakeFiles/__idf_driver.dir/deprecated/sigma_delta_legacy.c.obj
[667/1450] Building C object esp-idf/driver/CMakeFiles/__idf_driver.dir/touch_sensor/esp32/touch_sensor.c.obj
[668/1450] Building C object esp-idf/driver/CMakeFiles/__idf_driver.dir/deprecated/timer_legacy.c.obj
[669/1450] Building C object esp-idf/esp_driver_ledc/CMakeFiles/__idf_esp_driver_ledc.dir/src/ledc.c.obj
[670/1450] Building C object esp-idf/driver/CMakeFiles/__idf_driver.dir/deprecated/adc_i2s_deprecated.c.obj
[671/1450] Building C object esp-idf/esp-tls/CMakeFiles/__idf_esp-tls.dir/esp_tls_platform_port.c.obj
[672/1450] Building C object esp-idf/esp-tls/CMakeFiles/__idf_esp-tls.dir/esp-tls-crypto/esp_tls_crypto.c.obj
[673/1450] Building C object esp-idf/driver/CMakeFiles/__idf_driver.dir/deprecated/pcnt_legacy.c.obj
[674/1450] Building C object esp-idf/esp-tls/CMakeFiles/__idf_esp-tls.dir/esp_tls_error_capture.c.obj
[675/1450] Building C object esp-idf/driver/CMakeFiles/__idf_driver.dir/twai/twai.c.obj
[676/1450] Building C object esp-idf/esp_adc/CMakeFiles/__idf_esp_adc.dir/adc_cali.c.obj
[677/1450] Building C object esp-idf/esp_adc/CMakeFiles/__idf_esp_adc.dir/deprecated/esp_adc_cal_common_legacy.c.obj
[678/1450] Building C object esp-idf/driver/CMakeFiles/__idf_driver.dir/deprecated/i2s_legacy.c.obj
[679/1450] Building C object esp-idf/esp_adc/CMakeFiles/__idf_esp_adc.dir/adc_cali_curve_fitting.c.obj
[680/1450] Building C object esp-idf/esp_adc/CMakeFiles/__idf_esp_adc.dir/adc_common.c.obj
[681/1450] Building C object esp-idf/esp_adc/CMakeFiles/__idf_esp_adc.dir/adc_oneshot.c.obj
[682/1450] Building C object esp-idf/esp_adc/CMakeFiles/__idf_esp_adc.dir/esp32/adc_dma.c.obj
[683/1450] Building C object esp-idf/esp_adc/CMakeFiles/__idf_esp_adc.dir/esp32/adc_cali_line_fitting.c.obj
[684/1450] Building C object esp-idf/esp-tls/CMakeFiles/__idf_esp-tls.dir/esp_tls_mbedtls.c.obj
[685/1450] Building C object esp-idf/esp_adc/CMakeFiles/__idf_esp_adc.dir/deprecated/esp32/esp_adc_cal_legacy.c.obj
[686/1450] Building C object esp-idf/driver/CMakeFiles/__idf_driver.dir/deprecated/rmt_legacy.c.obj
[687/1450] Building C object esp-idf/esp-tls/CMakeFiles/__idf_esp-tls.dir/esp_tls.c.obj
[688/1450] Building C object esp-idf/driver/CMakeFiles/__idf_driver.dir/deprecated/mcpwm_legacy.c.obj
[689/1450] Building C object esp-idf/tcp_transport/CMakeFiles/__idf_tcp_transport.dir/transport_socks_proxy.c.obj
[690/1450] Building C object esp-idf/tcp_transport/CMakeFiles/__idf_tcp_transport.dir/transport_internal.c.obj
[691/1450] Building C object esp-idf/tcp_transport/CMakeFiles/__idf_tcp_transport.dir/transport.c.obj
[692/1450] Building C object esp-idf/esp_adc/CMakeFiles/__idf_esp_adc.dir/adc_continuous.c.obj
[693/1450] Building C object esp-idf/esp_http_client/CMakeFiles/__idf_esp_http_client.dir/lib/http_utils.c.obj
[694/1450] Building C object esp-idf/esp_http_client/CMakeFiles/__idf_esp_http_client.dir/lib/http_header.c.obj
[695/1450] Building C object esp-idf/esp_http_client/CMakeFiles/__idf_esp_http_client.dir/lib/http_auth.c.obj
[696/1450] Building C object esp-idf/esp_http_server/CMakeFiles/__idf_esp_http_server.dir/src/httpd_ws.c.obj
[697/1450] Building C object esp-idf/tcp_transport/CMakeFiles/__idf_tcp_transport.dir/transport_ssl.c.obj
[698/1450] Building C object esp-idf/esp_http_server/CMakeFiles/__idf_esp_http_server.dir/src/httpd_sess.c.obj
[699/1450] Building C object esp-idf/esp_http_server/CMakeFiles/__idf_esp_http_server.dir/src/httpd_main.c.obj
[700/1450] Generating args.gn
[701/1450] Building C object esp-idf/http_parser/CMakeFiles/__idf_http_parser.dir/http_parser.c.obj
[702/1450] Building C object esp-idf/esp_http_server/CMakeFiles/__idf_esp_http_server.dir/src/util/ctrl_sock.c.obj
[703/1450] Building C object esp-idf/esp_http_server/CMakeFiles/__idf_esp_http_server.dir/src/httpd_parse.c.obj
[704/1450] Building C object esp-idf/tcp_transport/CMakeFiles/__idf_tcp_transport.dir/transport_ws.c.obj
[705/1450] Creating directories for 'chip_gn'
[706/1450] Building C object esp-idf/esp_http_server/CMakeFiles/__idf_esp_http_server.dir/src/httpd_txrx.c.obj
[707/1450] Building C object esp-idf/esp_http_server/CMakeFiles/__idf_esp_http_server.dir/src/httpd_uri.c.obj
[708/1450] No download step for 'chip_gn'
[709/1450] No update step for 'chip_gn'
[710/1450] No patch step for 'chip_gn'
[711/1450] Building C object esp-idf/esp_https_ota/CMakeFiles/__idf_esp_https_ota.dir/src/esp_https_ota.c.obj
[712/1450] Linking C static library esp-idf/esp_https_ota/libesp_https_ota.a
[713/1450] Linking C static library esp-idf/esp_http_server/libesp_http_server.a
[714/1450] Building C object esp-idf/esp_http_client/CMakeFiles/__idf_esp_http_client.dir/esp_http_client.c.obj
[715/1450] Linking C static library esp-idf/esp_http_client/libesp_http_client.a
[716/1450] Linking C static library esp-idf/tcp_transport/libtcp_transport.a
[717/1450] Linking C static library esp-idf/esp_adc/libesp_adc.a
[718/1450] Linking C static library esp-idf/esp-tls/libesp-tls.a
[719/1450] Linking C static library esp-idf/http_parser/libhttp_parser.a
[720/1450] Linking C static library esp-idf/driver/libdriver.a
[721/1450] Linking C static library esp-idf/esp_driver_twai/libesp_driver_twai.a
[722/1450] Linking C static library esp-idf/esp_driver_ledc/libesp_driver_ledc.a
[723/1450] Linking C static library esp-idf/esp_driver_i2c/libesp_driver_i2c.a
[724/1450] Linking C static library esp-idf/esp_driver_sdm/libesp_driver_sdm.a
[725/1450] Linking C static library esp-idf/esp_driver_rmt/libesp_driver_rmt.a
[726/1450] Linking C static library esp-idf/esp_driver_dac/libesp_driver_dac.a
[727/1450] Linking C static library esp-idf/esp_driver_sdio/libesp_driver_sdio.a
[728/1450] Performing configure step for 'chip_gn'
Done. Made 5902 targets from 465 files in 1920ms
[729/1450] Linking C static library esp-idf/esp_driver_sdspi/libesp_driver_sdspi.a
[730/1450] Linking C static library esp-idf/esp_driver_sdmmc/libesp_driver_sdmmc.a
[731/1450] Linking C static library esp-idf/sdmmc/libsdmmc.a
[732/1450] Linking C static library esp-idf/esp_driver_i2s/libesp_driver_i2s.a
[733/1450] Linking C static library esp-idf/esp_driver_mcpwm/libesp_driver_mcpwm.a
[734/1450] Linking C static library esp-idf/esp_driver_pcnt/libesp_driver_pcnt.a
[735/1450] Linking C static library esp-idf/esp_gdbstub/libesp_gdbstub.a
[736/1450] Linking C static library esp-idf/esp_wifi/libesp_wifi.a
[737/1450] Linking C static library esp-idf/esp_coex/libesp_coex.a
[738/1450] Linking C static library esp-idf/wpa_supplicant/libwpa_supplicant.a
[739/1450] Linking C static library esp-idf/esp_netif/libesp_netif.a
[740/1450] Linking C static library esp-idf/lwip/liblwip.a
[741/1450] Linking C static library esp-idf/vfs/libvfs.a
[742/1450] Linking C static library esp-idf/esp_vfs_console/libesp_vfs_console.a
[743/1450] Linking C static library esp-idf/esp_phy/libesp_phy.a
[744/1450] Linking C static library esp-idf/nvs_flash/libnvs_flash.a
[745/1450] Linking C static library esp-idf/esp_event/libesp_event.a
[746/1450] Linking C static library esp-idf/esp_driver_uart/libesp_driver_uart.a
[747/1450] Linking C static library esp-idf/esp_psram/libesp_psram.a
[748/1450] Linking C static library esp-idf/esp_driver_spi/libesp_driver_spi.a
[749/1450] Linking C static library esp-idf/esp_ringbuf/libesp_ringbuf.a
[750/1450] Linking C static library esp-idf/esp_driver_gptimer/libesp_driver_gptimer.a
[751/1450] Linking C static library esp-idf/esp_timer/libesp_timer.a
[752/1450] Linking C static library esp-idf/cxx/libcxx.a
[753/1450] Linking C static library esp-idf/pthread/libpthread.a
[754/1450] Linking C static library esp-idf/newlib/libnewlib.a
[755/1450] Linking C static library esp-idf/freertos/libfreertos.a
[756/1450] Linking C static library esp-idf/esp_hw_support/libesp_hw_support.a
[757/1450] Linking C static library esp-idf/esp_security/libesp_security.a
[758/1450] Linking C static library esp-idf/soc/libsoc.a
[759/1450] Linking C static library esp-idf/heap/libheap.a
[760/1450] Linking C static library esp-idf/log/liblog.a
[761/1450] Linking C static library esp-idf/hal/libhal.a
[762/1450] Linking C static library esp-idf/esp_rom/libesp_rom.a
[763/1450] Linking C static library esp-idf/esp_common/libesp_common.a
[764/1450] Linking C static library esp-idf/esp_system/libesp_system.a
[765/1450] Linking C static library esp-idf/spi_flash/libspi_flash.a
[766/1450] Linking C static library esp-idf/esp_mm/libesp_mm.a
[767/1450] Linking C static library esp-idf/bootloader_support/libbootloader_support.a
[768/1450] Linking C static library esp-idf/efuse/libefuse.a
[769/1450] Linking C static library esp-idf/esp_partition/libesp_partition.a
[770/1450] Linking C static library esp-idf/app_update/libapp_update.a
[771/1450] Linking C static library esp-idf/esp_bootloader_format/libesp_bootloader_format.a
[772/1450] Linking C static library esp-idf/esp_app_format/libesp_app_format.a
[773/1450] Linking CXX static library esp-idf/mbedtls/mbedtls/library/libmbedtls.a
[774/1450] Linking CXX static library esp-idf/mbedtls/mbedtls/library/libmbedx509.a
[775/1450] Linking CXX static library esp-idf/mbedtls/mbedtls/library/libmbedcrypto.a
[776/1450] Linking CXX static library esp-idf/mbedtls/mbedtls/3rdparty/p256-m/libp256m.a
[777/1450] Linking CXX static library esp-idf/mbedtls/mbedtls/3rdparty/everest/libeverest.a
[778/1450] Generating x509_crt_bundle
[779/1450] Generating ../../x509_crt_bundle.S
[780/1450] Building ASM object esp-idf/xtensa/CMakeFiles/__idf_xtensa.dir/xtensa_intr_asm.S.obj
[781/1450] Building ASM object esp-idf/xtensa/CMakeFiles/__idf_xtensa.dir/xtensa_context.S.obj
[782/1450] Building C object esp-idf/xtensa/CMakeFiles/__idf_xtensa.dir/eri.c.obj
[783/1450] Building ASM object esp-idf/xtensa/CMakeFiles/__idf_xtensa.dir/xtensa_vectors.S.obj
[784/1450] Building C object esp-idf/xtensa/CMakeFiles/__idf_xtensa.dir/xt_trax.c.obj
[785/1450] Building C object esp-idf/xtensa/CMakeFiles/__idf_xtensa.dir/xtensa_intr.c.obj
[786/1450] Building C object esp-idf/esp_driver_gpio/CMakeFiles/__idf_esp_driver_gpio.dir/src/gpio_glitch_filter_ops.c.obj
[787/1450] Building ASM object esp-idf/mbedtls/CMakeFiles/__idf_mbedtls.dir/__/__/x509_crt_bundle.S.obj
[788/1450] Building C object esp-idf/esp_pm/CMakeFiles/__idf_esp_pm.dir/pm_trace.c.obj
[789/1450] Building C object esp-idf/esp_pm/CMakeFiles/__idf_esp_pm.dir/pm_locks.c.obj
[790/1450] Building C object esp-idf/mbedtls/CMakeFiles/__idf_mbedtls.dir/esp_crt_bundle/esp_crt_bundle.c.obj
[791/1450] Linking C static library esp-idf/mbedtls/libmbedtls.a
[792/1450] Building C object esp-idf/app_trace/CMakeFiles/__idf_app_trace.dir/host_file_io.c.obj
[793/1450] Building C object esp-idf/app_trace/CMakeFiles/__idf_app_trace.dir/app_trace_util.c.obj
[794/1450] Building C object esp-idf/unity/CMakeFiles/__idf_unity.dir/unity_compat.c.obj
[795/1450] Building C object esp-idf/esp_driver_gpio/CMakeFiles/__idf_esp_driver_gpio.dir/src/rtc_io.c.obj
[796/1450] Building C object esp-idf/unity/CMakeFiles/__idf_unity.dir/unity_utils_freertos.c.obj
[797/1450] Building C object esp-idf/esp_pm/CMakeFiles/__idf_esp_pm.dir/pm_impl.c.obj
[798/1450] Building C object esp-idf/app_trace/CMakeFiles/__idf_app_trace.dir/port/port_uart.c.obj
[799/1450] Building C object esp-idf/app_trace/CMakeFiles/__idf_app_trace.dir/app_trace.c.obj
[800/1450] Linking C static library esp-idf/esp_pm/libesp_pm.a
[801/1450] Building C object esp-idf/esp_driver_touch_sens/CMakeFiles/__idf_esp_driver_touch_sens.dir/common/touch_sens_common.c.obj
[802/1450] Building C object esp-idf/unity/CMakeFiles/__idf_unity.dir/unity_utils_memory.c.obj
[803/1450] Building C object esp-idf/esp_driver_touch_sens/CMakeFiles/__idf_esp_driver_touch_sens.dir/hw_ver1/touch_version_specific.c.obj
[804/1450] Building C object esp-idf/unity/CMakeFiles/__idf_unity.dir/unity_runner.c.obj
[805/1450] Building C object esp-idf/unity/CMakeFiles/__idf_unity.dir/unity_utils_cache.c.obj
[806/1450] Building C object esp-idf/unity/CMakeFiles/__idf_unity.dir/port/esp/unity_utils_memory_esp.c.obj
[807/1450] Building C object esp-idf/unity/CMakeFiles/__idf_unity.dir/unity_port_esp32.c.obj
[808/1450] Building C object esp-idf/cmock/CMakeFiles/__idf_cmock.dir/CMock/src/cmock.c.obj
[809/1450] Building C object esp-idf/console/CMakeFiles/__idf_console.dir/split_argv.c.obj
[810/1450] Building C object esp-idf/console/CMakeFiles/__idf_console.dir/esp_console_repl_internal.c.obj
[811/1450] Building C object esp-idf/console/CMakeFiles/__idf_console.dir/esp_console_common.c.obj
[812/1450] Building C object esp-idf/console/CMakeFiles/__idf_console.dir/esp_console_repl_chip.c.obj
[813/1450] Building C object esp-idf/console/CMakeFiles/__idf_console.dir/commands.c.obj
[814/1450] Building C object esp-idf/console/CMakeFiles/__idf_console.dir/argtable3/arg_date.c.obj
[815/1450] Building C object esp-idf/console/CMakeFiles/__idf_console.dir/argtable3/arg_cmd.c.obj
[816/1450] Building C object esp-idf/console/CMakeFiles/__idf_console.dir/argtable3/arg_dbl.c.obj
[817/1450] Building C object esp-idf/console/CMakeFiles/__idf_console.dir/argtable3/arg_end.c.obj
[818/1450] Building C object esp-idf/console/CMakeFiles/__idf_console.dir/argtable3/arg_rem.c.obj
[819/1450] Building C object esp-idf/console/CMakeFiles/__idf_console.dir/argtable3/arg_file.c.obj
[820/1450] Building C object esp-idf/console/CMakeFiles/__idf_console.dir/argtable3/arg_dstr.c.obj
[821/1450] Building C object esp-idf/console/CMakeFiles/__idf_console.dir/argtable3/arg_hashtable.c.obj
[822/1450] Building C object esp-idf/console/CMakeFiles/__idf_console.dir/argtable3/arg_lit.c.obj
[823/1450] Building C object esp-idf/console/CMakeFiles/__idf_console.dir/argtable3/arg_int.c.obj
[824/1450] Building C object esp-idf/console/CMakeFiles/__idf_console.dir/argtable3/arg_utils.c.obj
[825/1450] Building C object esp-idf/console/CMakeFiles/__idf_console.dir/argtable3/arg_str.c.obj
[826/1450] Building C object esp-idf/unity/CMakeFiles/__idf_unity.dir/unity/src/unity.c.obj
[827/1450] Building C object esp-idf/esp_driver_gpio/CMakeFiles/__idf_esp_driver_gpio.dir/src/gpio.c.obj
[828/1450] Linking C static library esp-idf/esp_driver_gpio/libesp_driver_gpio.a
[829/1450] Building C object esp-idf/esp_driver_cam/CMakeFiles/__idf_esp_driver_cam.dir/dvp_share_ctrl.c.obj
[830/1450] Building C object esp-idf/console/CMakeFiles/__idf_console.dir/linenoise/linenoise.c.obj
[831/1450] Building C object esp-idf/esp_driver_cam/CMakeFiles/__idf_esp_driver_cam.dir/esp_cam_ctlr.c.obj
[832/1450] Linking C static library esp-idf/xtensa/libxtensa.a
[833/1450] Linking C static library esp-idf/esp_driver_touch_sens/libesp_driver_touch_sens.a
[834/1450] Linking C static library esp-idf/app_trace/libapp_trace.a
[835/1450] Building C object esp-idf/esp_eth/CMakeFiles/__idf_esp_eth.dir/src/esp_eth_netif_glue.c.obj
[836/1450] Linking C static library esp-idf/unity/libunity.a
[837/1450] Linking C static library esp-idf/esp_driver_cam/libesp_driver_cam.a
[838/1450] Linking C static library esp-idf/cmock/libcmock.a
[839/1450] Building C object esp-idf/esp_eth/CMakeFiles/__idf_esp_eth.dir/src/mac/esp_eth_mac_esp_dma.c.obj
[840/1450] Building C object esp-idf/esp_eth/CMakeFiles/__idf_esp_eth.dir/src/mac/esp_eth_mac_esp_gpio.c.obj
[841/1450] Building C object esp-idf/esp_eth/CMakeFiles/__idf_esp_eth.dir/src/phy/esp_eth_phy_dp83848.c.obj
[842/1450] Building C object esp-idf/esp_eth/CMakeFiles/__idf_esp_eth.dir/src/phy/esp_eth_phy_generic.c.obj
[843/1450] Building C object esp-idf/console/CMakeFiles/__idf_console.dir/argtable3/arg_rex.c.obj
[844/1450] Building C object esp-idf/console/CMakeFiles/__idf_console.dir/argtable3/argtable3.c.obj
[845/1450] Building C object esp-idf/esp_hid/CMakeFiles/__idf_esp_hid.dir/src/esp_hidd.c.obj
[846/1450] Building C object esp-idf/esp_eth/CMakeFiles/__idf_esp_eth.dir/src/phy/esp_eth_phy_ksz80xx.c.obj
[847/1450] Linking C static library esp-idf/console/libconsole.a
[848/1450] Building C object esp-idf/esp_eth/CMakeFiles/__idf_esp_eth.dir/src/phy/esp_eth_phy_rtl8201.c.obj
[849/1450] Building C object esp-idf/esp_eth/CMakeFiles/__idf_esp_eth.dir/src/phy/esp_eth_phy_ip101.c.obj
[850/1450] Building C object esp-idf/esp_eth/CMakeFiles/__idf_esp_eth.dir/src/phy/esp_eth_phy_802_3.c.obj
[851/1450] Building C object esp-idf/esp_eth/CMakeFiles/__idf_esp_eth.dir/src/phy/esp_eth_phy_lan87xx.c.obj
[852/1450] Building C object esp-idf/esp_eth/CMakeFiles/__idf_esp_eth.dir/src/esp_eth.c.obj
[853/1450] Building C object esp-idf/esp_lcd/CMakeFiles/__idf_esp_lcd.dir/src/esp_lcd_common.c.obj
[854/1450] Building C object esp-idf/esp_eth/CMakeFiles/__idf_esp_eth.dir/src/mac/esp_eth_mac_esp.c.obj
[855/1450] Linking C static library esp-idf/esp_eth/libesp_eth.a
[856/1450] Building C object esp-idf/esp_lcd/CMakeFiles/__idf_esp_lcd.dir/src/esp_lcd_panel_io.c.obj
[857/1450] Building C object esp-idf/esp_lcd/CMakeFiles/__idf_esp_lcd.dir/src/esp_lcd_panel_ops.c.obj
[858/1450] Building C object esp-idf/esp_hid/CMakeFiles/__idf_esp_hid.dir/src/esp_hid_common.c.obj
[859/1450] Building C object esp-idf/esp_https_server/CMakeFiles/__idf_esp_https_server.dir/src/https_server.c.obj
[860/1450] Linking C static library esp-idf/esp_https_server/libesp_https_server.a
[861/1450] Building C object esp-idf/esp_lcd/CMakeFiles/__idf_esp_lcd.dir/i2c/esp_lcd_panel_io_i2c_v1.c.obj
[862/1450] Building C object esp-idf/esp_lcd/CMakeFiles/__idf_esp_lcd.dir/src/esp_lcd_panel_nt35510.c.obj
[863/1450] Building C object esp-idf/esp_hid/CMakeFiles/__idf_esp_hid.dir/src/esp_hidh.c.obj
[864/1450] Linking C static library esp-idf/esp_hid/libesp_hid.a
[865/1450] Building C object esp-idf/esp_lcd/CMakeFiles/__idf_esp_lcd.dir/src/esp_lcd_panel_ssd1306.c.obj
[866/1450] Building C object esp-idf/esp_lcd/CMakeFiles/__idf_esp_lcd.dir/i2c/esp_lcd_panel_io_i2c_v2.c.obj
[867/1450] Building C object esp-idf/protocomm/CMakeFiles/__idf_protocomm.dir/proto-c/constants.pb-c.c.obj
[868/1450] Building C object esp-idf/esp_lcd/CMakeFiles/__idf_esp_lcd.dir/src/esp_lcd_panel_st7789.c.obj
[869/1450] Building C object esp-idf/protocomm/CMakeFiles/__idf_protocomm.dir/proto-c/sec0.pb-c.c.obj
[870/1450] Building C object esp-idf/protocomm/CMakeFiles/__idf_protocomm.dir/proto-c/sec1.pb-c.c.obj
[871/1450] Building C object esp-idf/protocomm/CMakeFiles/__idf_protocomm.dir/proto-c/session.pb-c.c.obj
[872/1450] Building C object esp-idf/protocomm/CMakeFiles/__idf_protocomm.dir/proto-c/sec2.pb-c.c.obj
[873/1450] Building C object esp-idf/protocomm/CMakeFiles/__idf_protocomm.dir/src/security/security0.c.obj
[874/1450] Building C object esp-idf/esp_lcd/CMakeFiles/__idf_esp_lcd.dir/spi/esp_lcd_panel_io_spi.c.obj
[875/1450] Building C object esp-idf/protocomm/CMakeFiles/__idf_protocomm.dir/src/common/protocomm.c.obj
[876/1450] Building C object esp-idf/protocomm/CMakeFiles/__idf_protocomm.dir/src/transports/protocomm_console.c.obj
[877/1450] Building C object esp-idf/protocomm/CMakeFiles/__idf_protocomm.dir/src/transports/protocomm_httpd.c.obj
[878/1450] Building C object esp-idf/protocomm/CMakeFiles/__idf_protocomm.dir/src/crypto/srp6a/esp_srp_mpi.c.obj
[879/1450] Building C object esp-idf/esp_lcd/CMakeFiles/__idf_esp_lcd.dir/i80/esp_lcd_panel_io_i2s.c.obj
[880/1450] Linking C static library esp-idf/esp_lcd/libesp_lcd.a
[881/1450] Building C object esp-idf/espcoredump/CMakeFiles/__idf_espcoredump.dir/src/core_dump_crc.c.obj
[882/1450] Building C object esp-idf/protocomm/CMakeFiles/__idf_protocomm.dir/src/crypto/srp6a/esp_srp.c.obj
[883/1450] Building C object esp-idf/espcoredump/CMakeFiles/__idf_espcoredump.dir/src/core_dump_init.c.obj
[884/1450] Building C object esp-idf/esp_local_ctrl/CMakeFiles/__idf_esp_local_ctrl.dir/src/esp_local_ctrl_transport_httpd.c.obj
[885/1450] Building C object esp-idf/esp_local_ctrl/CMakeFiles/__idf_esp_local_ctrl.dir/src/esp_local_ctrl_handler.c.obj
[886/1450] Building C object esp-idf/protocomm/CMakeFiles/__idf_protocomm.dir/src/security/security2.c.obj
[887/1450] Building C object esp-idf/esp_local_ctrl/CMakeFiles/__idf_esp_local_ctrl.dir/proto-c/esp_local_ctrl.pb-c.c.obj
[888/1450] Building C object esp-idf/esp_local_ctrl/CMakeFiles/__idf_esp_local_ctrl.dir/src/esp_local_ctrl.c.obj
[889/1450] Building C object esp-idf/protocomm/CMakeFiles/__idf_protocomm.dir/src/security/security1.c.obj
[890/1450] Building C object esp-idf/espcoredump/CMakeFiles/__idf_espcoredump.dir/src/core_dump_sha.c.obj
[891/1450] Building C object esp-idf/espcoredump/CMakeFiles/__idf_espcoredump.dir/src/core_dump_common.c.obj
[892/1450] Building ASM object esp-idf/espcoredump/CMakeFiles/__idf_espcoredump.dir/src/port/xtensa/core_dump_stack_switch.S.obj
[893/1450] Building C object esp-idf/espcoredump/CMakeFiles/__idf_espcoredump.dir/src/core_dump_binary.c.obj
[894/1450] Building C object esp-idf/espcoredump/CMakeFiles/__idf_espcoredump.dir/src/port/xtensa/core_dump_port.c.obj
[895/1450] Building C object esp-idf/espcoredump/CMakeFiles/__idf_espcoredump.dir/src/core_dump_elf.c.obj
[896/1450] Building C object esp-idf/espcoredump/CMakeFiles/__idf_espcoredump.dir/src/core_dump_uart.c.obj
[897/1450] Building CXX object esp-idf/wear_levelling/CMakeFiles/__idf_wear_levelling.dir/crc32.cpp.obj
[898/1450] Building CXX object esp-idf/wear_levelling/CMakeFiles/__idf_wear_levelling.dir/Partition.cpp.obj
[899/1450] Building C object esp-idf/espcoredump/CMakeFiles/__idf_espcoredump.dir/src/core_dump_flash.c.obj
[900/1450] Linking C static library esp-idf/espcoredump/libespcoredump.a
[901/1450] Building C object esp-idf/fatfs/CMakeFiles/__idf_fatfs.dir/port/freertos/ffsystem.c.obj
[902/1450] Building CXX object esp-idf/wear_levelling/CMakeFiles/__idf_wear_levelling.dir/SPI_Flash.cpp.obj
[903/1450] Building C object esp-idf/fatfs/CMakeFiles/__idf_fatfs.dir/diskio/diskio.c.obj
[904/1450] Building CXX object esp-idf/wear_levelling/CMakeFiles/__idf_wear_levelling.dir/wear_levelling.cpp.obj
[905/1450] Building CXX object esp-idf/wear_levelling/CMakeFiles/__idf_wear_levelling.dir/WL_Ext_Perf.cpp.obj
[906/1450] Building C object esp-idf/fatfs/CMakeFiles/__idf_fatfs.dir/diskio/diskio_rawflash.c.obj
[907/1450] Building CXX object esp-idf/wear_levelling/CMakeFiles/__idf_wear_levelling.dir/WL_Ext_Safe.cpp.obj
[908/1450] Building C object esp-idf/fatfs/CMakeFiles/__idf_fatfs.dir/src/ffunicode.c.obj
[909/1450] Building C object esp-idf/fatfs/CMakeFiles/__idf_fatfs.dir/diskio/diskio_wl.c.obj
[910/1450] Building C object esp-idf/fatfs/CMakeFiles/__idf_fatfs.dir/diskio/diskio_sdmmc.c.obj
[911/1450] Building C object esp-idf/fatfs/CMakeFiles/__idf_fatfs.dir/vfs/vfs_fat_spiflash.c.obj
[912/1450] Building C object esp-idf/protobuf-c/CMakeFiles/__idf_protobuf-c.dir/protobuf-c/protobuf-c/protobuf-c.c.obj
[913/1450] Building CXX object esp-idf/wear_levelling/CMakeFiles/__idf_wear_levelling.dir/WL_Flash.cpp.obj
[914/1450] Linking C static library esp-idf/protobuf-c/libprotobuf-c.a
[915/1450] Building C object esp-idf/fatfs/CMakeFiles/__idf_fatfs.dir/vfs/vfs_fat_sdmmc.c.obj
[916/1450] Linking C static library esp-idf/wear_levelling/libwear_levelling.a
[917/1450] Linking C static library esp-idf/protocomm/libprotocomm.a
[918/1450] Building C object esp-idf/nvs_sec_provider/CMakeFiles/__idf_nvs_sec_provider.dir/nvs_sec_provider.c.obj
[919/1450] Building C object esp-idf/mqtt/CMakeFiles/__idf_mqtt.dir/esp-mqtt/lib/mqtt_outbox.c.obj
[920/1450] Linking C static library esp-idf/nvs_sec_provider/libnvs_sec_provider.a
[921/1450] Building C object esp-idf/mqtt/CMakeFiles/__idf_mqtt.dir/esp-mqtt/lib/platform_esp32_idf.c.obj
[922/1450] Building C object esp-idf/perfmon/CMakeFiles/__idf_perfmon.dir/xtensa_perfmon_masks.c.obj
[923/1450] Building C object esp-idf/json/CMakeFiles/__idf_json.dir/cJSON/cJSON_Utils.c.obj
[924/1450] Building C object esp-idf/fatfs/CMakeFiles/__idf_fatfs.dir/vfs/vfs_fat.c.obj
[925/1450] Building C object esp-idf/perfmon/CMakeFiles/__idf_perfmon.dir/xtensa_perfmon_access.c.obj
[926/1450] Building C object esp-idf/perfmon/CMakeFiles/__idf_perfmon.dir/xtensa_perfmon_apis.c.obj
[927/1450] Building C object esp-idf/rt/CMakeFiles/__idf_rt.dir/FreeRTOS_POSIX_utils.c.obj
[928/1450] Linking C static library esp-idf/perfmon/libperfmon.a
[929/1450] Building C object esp-idf/rt/CMakeFiles/__idf_rt.dir/FreeRTOS_POSIX_mqueue.c.obj
[930/1450] Linking C static library esp-idf/rt/librt.a
[931/1450] Building C object esp-idf/mqtt/CMakeFiles/__idf_mqtt.dir/esp-mqtt/lib/mqtt_msg.c.obj
[932/1450] Building C object esp-idf/spiffs/CMakeFiles/__idf_spiffs.dir/spiffs_api.c.obj
[933/1450] Building C object esp-idf/json/CMakeFiles/__idf_json.dir/cJSON/cJSON.c.obj
[934/1450] Building C object esp-idf/spiffs/CMakeFiles/__idf_spiffs.dir/spiffs/src/spiffs_cache.c.obj
[935/1450] Linking C static library esp-idf/json/libjson.a
[936/1450] Building C object esp-idf/temco_IO_control/CMakeFiles/__idf_temco_IO_control.dir/src/outputs.c.obj
/home/lenovo/esp-idf-v5.5.3/components/temco_IO_control/src/outputs.c: In function 'control_output':
/home/lenovo/esp-idf-v5.5.3/components/temco_IO_control/src/outputs.c:17:15: warning: unused variable 'value' [-Wunused-variable]
   17 |         U32_T value;
      |               ^~~~~
/home/lenovo/esp-idf-v5.5.3/components/temco_IO_control/src/outputs.c:15:15: warning: variable 'val' set but not used [-Wunused-but-set-variable]
   15 |         U32_T val;
      |               ^~~
[937/1450] Building C object esp-idf/temco_IO_control/CMakeFiles/__idf_temco_IO_control.dir/src/inputs.c.obj
[938/1450] Building C object esp-idf/temco_bacnet/CMakeFiles/__idf_temco_bacnet.dir/src/ai.c.obj
[939/1450] Building C object esp-idf/spiffs/CMakeFiles/__idf_spiffs.dir/spiffs/src/spiffs_gc.c.obj
[940/1450] Linking C static library esp-idf/temco_IO_control/libtemco_IO_control.a
[941/1450] Building C object esp-idf/spiffs/CMakeFiles/__idf_spiffs.dir/spiffs/src/spiffs_check.c.obj
[942/1450] Building C object esp-idf/temco_bacnet/CMakeFiles/__idf_temco_bacnet.dir/src/abort.c.obj
[943/1450] Building C object esp-idf/temco_bacnet/CMakeFiles/__idf_temco_bacnet.dir/src/bacaddr.c.obj
[944/1450] Building C object esp-idf/temco_bacnet/CMakeFiles/__idf_temco_bacnet.dir/src/av.c.obj
/home/lenovo/esp-idf-v5.5.3/components/temco_bacnet/src/av.c: In function 'Analog_Value_Encode_Property_APDU':
/home/lenovo/esp-idf-v5.5.3/components/temco_bacnet/src/av.c:295:22: warning: unused variable 'state' [-Wunused-variable]
  295 |                 bool state = false;
      |                      ^~~~~
[945/1450] Building C object esp-idf/mqtt/CMakeFiles/__idf_mqtt.dir/esp-mqtt/mqtt_client.c.obj
[946/1450] Building C object esp-idf/fatfs/CMakeFiles/__idf_fatfs.dir/src/ff.c.obj
[947/1450] Building C object esp-idf/spiffs/CMakeFiles/__idf_spiffs.dir/spiffs/src/spiffs_hydrogen.c.obj
[948/1450] Building C object esp-idf/temco_bacnet/CMakeFiles/__idf_temco_bacnet.dir/src/ao.c.obj
/home/lenovo/esp-idf-v5.5.3/components/temco_bacnet/src/ao.c:63:13: warning: 'Analog_Output_Initialized' defined but not used [-Wunused-variable]
   63 | static bool Analog_Output_Initialized = false;
      |             ^~~~~~~~~~~~~~~~~~~~~~~~~
/home/lenovo/esp-idf-v5.5.3/components/temco_bacnet/src/ao.c:60:13: warning: 'Analog_Output_Out_Of_Service' defined but not used [-Wunused-variable]
   60 | static bool Analog_Output_Out_Of_Service[MAX_AOS];
      |             ^~~~~~~~~~~~~~~~~~~~~~~~~~~~
[949/1450] Linking C static library esp-idf/mqtt/libmqtt.a
[950/1450] Building C object esp-idf/spiffs/CMakeFiles/__idf_spiffs.dir/esp_spiffs.c.obj
[951/1450] Linking C static library esp-idf/fatfs/libfatfs.a
[952/1450] Building C object esp-idf/temco_bacnet/CMakeFiles/__idf_temco_bacnet.dir/src/address.c.obj
/home/lenovo/esp-idf-v5.5.3/components/temco_bacnet/src/address.c:57:1: warning: ignoring attribute 'section (".ext_ram.bss.1")' because it conflicts with previous 'section (".ext_ram.bss.0")' [-Wattributes]
   57 | EXT_RAM_BSS_ATTR Address_Cache_Entry Address_Cache[MAX_ADDRESS_CACHE];
      | ^~~~~~~~~~~~~~~~
In file included from /home/lenovo/esp-idf-v5.5.3/components/temco_bacnet/include/bacnet.h:148,
                 from /home/lenovo/esp-idf-v5.5.3/components/temco_bacnet/src/address.c:39:
/home/lenovo/esp-idf-v5.5.3/components/temco_bacnet/include/address.h:51:45: note: previous declaration here
   51 | extern EXT_RAM_BSS_ATTR Address_Cache_Entry Address_Cache[MAX_ADDRESS_CACHE];
      |                                             ^~~~~~~~~~~~~
/home/lenovo/esp-idf-v5.5.3/components/temco_bacnet/src/address.c:199:20: warning: 'Address_Cache_Filename' defined but not used [-Wunused-variable]
  199 | static const char *Address_Cache_Filename = "address_cache";
      |                    ^~~~~~~~~~~~~~~~~~~~~~
[953/1450] Building C object esp-idf/temco_bacnet/CMakeFiles/__idf_temco_bacnet.dir/src/bactimevalue.c.obj
[954/1450] Building C object esp-idf/temco_bacnet/CMakeFiles/__idf_temco_bacnet.dir/src/bacfile.c.obj
[955/1450] Building C object esp-idf/temco_bacnet/CMakeFiles/__idf_temco_bacnet.dir/src/apdu.c.obj
/home/lenovo/esp-idf-v5.5.3/components/temco_bacnet/src/apdu.c: In function 'apdu_set_confirmed_simple_ack_handler':
/home/lenovo/esp-idf-v5.5.3/components/temco_bacnet/src/apdu.c:279:17: warning: cast between incompatible function types from 'confirmed_simple_ack_function' {aka 'void (*)(BACNET_ADDRESS *, unsigned char)'} to 'void (*)(uint8_t *, uint16_t)' {aka 'void (*)(unsigned char *, short unsigned int)'} [-Wcast-function-type]
  279 |                 (confirmed_ack_function) pFunction;
      |                 ^
/home/lenovo/esp-idf-v5.5.3/components/temco_bacnet/src/apdu.c: In function 'apdu_handler':
/home/lenovo/esp-idf-v5.5.3/components/temco_bacnet/src/apdu.c:481:10: warning: variable 'server' set but not used [-Wunused-but-set-variable]
  481 |     bool server = false;
      |          ^~~~~~
/home/lenovo/esp-idf-v5.5.3/components/temco_bacnet/src/apdu.c:480:17: warning: variable 'reason' set but not used [-Wunused-but-set-variable]
  480 |     uint8_t far reason = 0;
      |                 ^~~~~~
/home/lenovo/esp-idf-v5.5.3/components/temco_bacnet/src/apdu.c:471:17: warning: variable 'invoke_id' set but not used [-Wunused-but-set-variable]
  471 |     uint8_t far invoke_id = 0;
      |                 ^~~~~~~~~
/home/lenovo/esp-idf-v5.5.3/components/temco_bacnet/src/apdu.c: At top level:
/home/lenovo/esp-idf-v5.5.3/components/temco_bacnet/src/apdu.c:431:13: warning: 'apdu_unconfirmed_dcc_disabled' defined but not used [-Wunused-function]
  431 | static bool apdu_unconfirmed_dcc_disabled(
      |             ^~~~~~~~~~~~~~~~~~~~~~~~~~~~~
/home/lenovo/esp-idf-v5.5.3/components/temco_bacnet/src/apdu.c:403:13: warning: 'apdu_confirmed_dcc_disabled' defined but not used [-Wunused-function]
  403 | static bool apdu_confirmed_dcc_disabled(
      |             ^~~~~~~~~~~~~~~~~~~~~~~~~~~
[956/1450] Building C object esp-idf/temco_bacnet/CMakeFiles/__idf_temco_bacnet.dir/src/bacdevobjpropref.c.obj
[957/1450] Building C object esp-idf/temco_bacnet/CMakeFiles/__idf_temco_bacnet.dir/src/bacprop.c.obj
[958/1450] Building C object esp-idf/temco_bacnet/CMakeFiles/__idf_temco_bacnet.dir/src/bacerror.c.obj
[959/1450] Building C object esp-idf/temco_bacnet/CMakeFiles/__idf_temco_bacnet.dir/src/bacint.c.obj
[960/1450] Building C object esp-idf/temco_bacnet/CMakeFiles/__idf_temco_bacnet.dir/src/bacpropstates.c.obj
[961/1450] Building C object esp-idf/temco_bacnet/CMakeFiles/__idf_temco_bacnet.dir/src/bacreal.c.obj
[962/1450] Building C object esp-idf/temco_bacnet/CMakeFiles/__idf_temco_bacnet.dir/src/calendar.c.obj
/home/lenovo/esp-idf-v5.5.3/components/temco_bacnet/src/calendar.c: In function 'Calendar_Encode_Property_APDU':
/home/lenovo/esp-idf-v5.5.3/components/temco_bacnet/src/calendar.c:160:26: warning: variable 'len' set but not used [-Wunused-but-set-variable]
  160 |                 int  far len = 0;
      |                          ^~~
[963/1450] Building C object esp-idf/temco_bacnet/CMakeFiles/__idf_temco_bacnet.dir/src/bacstr.c.obj
[964/1450] Building C object esp-idf/temco_bacnet/CMakeFiles/__idf_temco_bacnet.dir/src/s_cov.c.obj
/home/lenovo/esp-idf-v5.5.3/components/temco_bacnet/src/s_cov.c: In function 'Send_COV_Subscribe':
/home/lenovo/esp-idf-v5.5.3/components/temco_bacnet/src/s_cov.c:124:9: warning: variable 'bytes_sent' set but not used [-Wunused-but-set-variable]
  124 |     int bytes_sent = 0;
      |         ^~~~~~~~~~
[965/1450] Building C object esp-idf/temco_bacnet/CMakeFiles/__idf_temco_bacnet.dir/src/bacapp.c.obj
[966/1450] Building C object esp-idf/temco_bacnet/CMakeFiles/__idf_temco_bacnet.dir/src/h_ucov.c.obj
/home/lenovo/esp-idf-v5.5.3/components/temco_bacnet/src/h_ucov.c: In function 'handler_ucov_notification':
/home/lenovo/esp-idf-v5.5.3/components/temco_bacnet/src/h_ucov.c:70:9: warning: variable 'len' set but not used [-Wunused-but-set-variable]
   70 |     int len = 0;
      |         ^~~
[967/1450] Building C object esp-idf/temco_bacnet/CMakeFiles/__idf_temco_bacnet.dir/src/cov.c.obj
[968/1450] Building C object esp-idf/temco_bacnet/CMakeFiles/__idf_temco_bacnet.dir/src/bv.c.obj
[969/1450] Building C object esp-idf/temco_bacnet/CMakeFiles/__idf_temco_bacnet.dir/src/bi.c.obj
/home/lenovo/esp-idf-v5.5.3/components/temco_bacnet/src/bi.c: In function 'Binary_Input_Init':
/home/lenovo/esp-idf-v5.5.3/components/temco_bacnet/src/bi.c:171:14: warning: unused variable 'i' [-Wunused-variable]
  171 |     unsigned i;
      |              ^
/home/lenovo/esp-idf-v5.5.3/components/temco_bacnet/src/bi.c:170:17: warning: unused variable 'initialized' [-Wunused-variable]
  170 |     static bool initialized = false;
      |                 ^~~~~~~~~~~
/home/lenovo/esp-idf-v5.5.3/components/temco_bacnet/src/bi.c: In function 'Binary_Input_Present_Value':
/home/lenovo/esp-idf-v5.5.3/components/temco_bacnet/src/bi.c:207:18: warning: unused variable 'index' [-Wunused-variable]
  207 |     unsigned far index = 0;
      |                  ^~~~~
/home/lenovo/esp-idf-v5.5.3/components/temco_bacnet/src/bi.c: In function 'Binary_Input_Out_Of_Service':
/home/lenovo/esp-idf-v5.5.3/components/temco_bacnet/src/bi.c:221:18: warning: unused variable 'index' [-Wunused-variable]
  221 |     unsigned far index = 0;
      |                  ^~~~~
/home/lenovo/esp-idf-v5.5.3/components/temco_bacnet/src/bi.c: In function 'Binary_Input_Present_Value_Set':
/home/lenovo/esp-idf-v5.5.3/components/temco_bacnet/src/bi.c:308:14: warning: unused variable 'index' [-Wunused-variable]
  308 |     unsigned index = 0;
      |              ^~~~~
/home/lenovo/esp-idf-v5.5.3/components/temco_bacnet/src/bi.c: In function 'Binary_Input_Out_Of_Service_Set':
/home/lenovo/esp-idf-v5.5.3/components/temco_bacnet/src/bi.c:328:14: warning: variable 'index' set but not used [-Wunused-but-set-variable]
  328 |     unsigned index = 0;
      |              ^~~~~
[970/1450] Building C object esp-idf/temco_bacnet/CMakeFiles/__idf_temco_bacnet.dir/src/dcc.c.obj
[971/1450] Building C object esp-idf/temco_bacnet/CMakeFiles/__idf_temco_bacnet.dir/src/fifo.c.obj
[972/1450] Building C object esp-idf/temco_bacnet/CMakeFiles/__idf_temco_bacnet.dir/src/crc.c.obj
[973/1450] Building C object esp-idf/temco_bacnet/CMakeFiles/__idf_temco_bacnet.dir/src/h_ccov.c.obj
[974/1450] Building C object esp-idf/temco_bacnet/CMakeFiles/__idf_temco_bacnet.dir/src/bacdcode.c.obj
[975/1450] Building C object esp-idf/temco_bacnet/CMakeFiles/__idf_temco_bacnet.dir/src/bo.c.obj
/home/lenovo/esp-idf-v5.5.3/components/temco_bacnet/src/bo.c: In function 'Binary_Output_Encode_Property_APDU':
/home/lenovo/esp-idf-v5.5.3/components/temco_bacnet/src/bo.c:290:25: warning: unused variable 'polarity' [-Wunused-variable]
  290 |     BACNET_POLARITY far polarity = POLARITY_NORMAL;
      |                         ^~~~~~~~
[976/1450] Building C object esp-idf/temco_bacnet/CMakeFiles/__idf_temco_bacnet.dir/src/datalink.c.obj
[977/1450] Building C object esp-idf/temco_bacnet/CMakeFiles/__idf_temco_bacnet.dir/src/memcopy.c.obj
[978/1450] Building C object esp-idf/spiffs/CMakeFiles/__idf_spiffs.dir/spiffs/src/spiffs_nucleus.c.obj
[979/1450] Building C object esp-idf/temco_bacnet/CMakeFiles/__idf_temco_bacnet.dir/src/indtext.c.obj
[980/1450] Linking C static library esp-idf/spiffs/libspiffs.a
[981/1450] Building C object esp-idf/temco_bacnet/CMakeFiles/__idf_temco_bacnet.dir/src/h_iam.c.obj
[982/1450] Building C object esp-idf/temco_bacnet/CMakeFiles/__idf_temco_bacnet.dir/src/h_cov.c.obj
/home/lenovo/esp-idf-v5.5.3/components/temco_bacnet/src/h_cov.c: In function 'handler_cov_task':
/home/lenovo/esp-idf-v5.5.3/components/temco_bacnet/src/h_cov.c:683:21: warning: unused variable 'i' [-Wunused-variable]
  683 |                 int i;
      |                     ^
[983/1450] Building C object esp-idf/temco_bacnet/CMakeFiles/__idf_temco_bacnet.dir/src/device.c.obj
/home/lenovo/esp-idf-v5.5.3/components/temco_bacnet/src/device.c: In function 'Device_Init':
/home/lenovo/esp-idf-v5.5.3/components/temco_bacnet/src/device.c:330:14: warning: unused variable 'i' [-Wunused-variable]
  330 |         U8_T i;
      |              ^
/home/lenovo/esp-idf-v5.5.3/components/temco_bacnet/src/device.c: In function 'Device_Write_Property':
/home/lenovo/esp-idf-v5.5.3/components/temco_bacnet/src/device.c:1332:39: warning: unused variable 'value' [-Wunused-variable]
 1332 |     BACNET_APPLICATION_DATA_VALUE far value;
      |                                       ^~~~~
/home/lenovo/esp-idf-v5.5.3/components/temco_bacnet/src/device.c:1331:14: warning: unused variable 'len' [-Wunused-variable]
 1331 |     int  far len = 0;
      |              ^~~
/home/lenovo/esp-idf-v5.5.3/components/temco_bacnet/src/device.c: In function 'Read_Property_Common':
/home/lenovo/esp-idf-v5.5.3/components/temco_bacnet/src/device.c:1504:33: warning: unused variable 'char_string' [-Wunused-variable]
 1504 |     BACNET_CHARACTER_STRING far char_string;
      |                                 ^~~~~~~~~~~
/home/lenovo/esp-idf-v5.5.3/components/temco_bacnet/src/device.c: In function 'Device_Valid_Object_Id':
/home/lenovo/esp-idf-v5.5.3/components/temco_bacnet/src/device.c:1942:30: warning: unused variable 'name' [-Wunused-variable]
 1942 |     BACNET_CHARACTER_STRING *name = NULL;  /* return value */
      |                              ^~~~
[984/1450] Building C object esp-idf/temco_bacnet/CMakeFiles/__idf_temco_bacnet.dir/src/h_npdu.c.obj
[985/1450] Building C object esp-idf/temco_bacnet/CMakeFiles/__idf_temco_bacnet.dir/src/bvlc.c.obj
/home/lenovo/esp-idf-v5.5.3/components/temco_bacnet/src/bvlc.c: In function 'bvlc_receive':
/home/lenovo/esp-idf-v5.5.3/components/temco_bacnet/src/bvlc.c:898:9: warning: variable 'max' set but not used [-Wunused-but-set-variable]
  898 |     int max = 0;
      |         ^~~
[986/1450] Building C object esp-idf/temco_bacnet/CMakeFiles/__idf_temco_bacnet.dir/src/datetime.c.obj
/home/lenovo/esp-idf-v5.5.3/components/temco_bacnet/src/datetime.c:129:13: warning: 'day_of_year_into_md' defined but not used [-Wunused-function]
  129 | static void day_of_year_into_md(
      |             ^~~~~~~~~~~~~~~~~~~
[987/1450] Building C object esp-idf/temco_bacnet/CMakeFiles/__idf_temco_bacnet.dir/src/h_rp.c.obj
/home/lenovo/esp-idf-v5.5.3/components/temco_bacnet/src/h_rp.c: In function 'handler_read_property':
/home/lenovo/esp-idf-v5.5.3/components/temco_bacnet/src/h_rp.c:236:13: warning: variable 'bytes_sent' set but not used [-Wunused-but-set-variable]
  236 |     int far bytes_sent = 0;
      |             ^~~~~~~~~~
[988/1450] Building C object esp-idf/temco_bacnet/CMakeFiles/__idf_temco_bacnet.dir/src/h_ts.c.obj
[989/1450] Building C object esp-idf/temco_bacnet/CMakeFiles/__idf_temco_bacnet.dir/src/h_whois.c.obj
[990/1450] Building C object esp-idf/temco_bacnet/CMakeFiles/__idf_temco_bacnet.dir/src/h_whohas.c.obj
[991/1450] Building C object esp-idf/temco_bacnet/CMakeFiles/__idf_temco_bacnet.dir/src/iam.c.obj
[992/1450] Building C object esp-idf/temco_bacnet/CMakeFiles/__idf_temco_bacnet.dir/src/h_wp.c.obj
/home/lenovo/esp-idf-v5.5.3/components/temco_bacnet/src/h_wp.c: In function 'handler_write_property':
/home/lenovo/esp-idf-v5.5.3/components/temco_bacnet/src/h_wp.c:75:13: warning: variable 'bytes_sent' set but not used [-Wunused-but-set-variable]
   75 |     int far bytes_sent = 0;
      |             ^~~~~~~~~~
[993/1450] Building C object esp-idf/temco_bacnet/CMakeFiles/__idf_temco_bacnet.dir/src/dlmstp.c.obj
/home/lenovo/esp-idf-v5.5.3/components/temco_bacnet/src/dlmstp.c: In function 'dlmstp_send_pdu':
/home/lenovo/esp-idf-v5.5.3/components/temco_bacnet/src/dlmstp.c:1262:13: warning: unused variable 'count' [-Wunused-variable]
 1262 |         int count;
      |             ^~~~~
[994/1450] Building C object esp-idf/temco_bacnet/CMakeFiles/__idf_temco_bacnet.dir/src/h_rpm.c.obj
[995/1450] Building C object esp-idf/temco_bacnet/CMakeFiles/__idf_temco_bacnet.dir/src/s_dcc.c.obj
[996/1450] Building C object esp-idf/temco_bacnet/CMakeFiles/__idf_temco_bacnet.dir/src/msv.c.obj
[997/1450] Building C object esp-idf/temco_bacnet/CMakeFiles/__idf_temco_bacnet.dir/src/h_wpm.c.obj
[998/1450] Building C object esp-idf/temco_bacnet/CMakeFiles/__idf_temco_bacnet.dir/src/ihave.c.obj
[999/1450] Building C object esp-idf/temco_bacnet/CMakeFiles/__idf_temco_bacnet.dir/src/proprietary.c.obj
/home/lenovo/esp-idf-v5.5.3/components/temco_bacnet/src/proprietary.c: In function 'TemcoVars_Present_Value':
/home/lenovo/esp-idf-v5.5.3/components/temco_bacnet/src/proprietary.c:99:14: warning: unused variable 'i' [-Wunused-variable]
   99 |     unsigned i = 0;
      |              ^
/home/lenovo/esp-idf-v5.5.3/components/temco_bacnet/src/proprietary.c: In function 'TemcoVars_Present_Value_Set':
/home/lenovo/esp-idf-v5.5.3/components/temco_bacnet/src/proprietary.c:116:10: warning: unused variable 'status' [-Wunused-variable]
  116 |     bool status = false;
      |          ^~~~~~
/home/lenovo/esp-idf-v5.5.3/components/temco_bacnet/src/proprietary.c: In function 'TemcoVars_Encode_Property_APDU':
/home/lenovo/esp-idf-v5.5.3/components/temco_bacnet/src/proprietary.c:146:22: warning: unused variable 'state' [-Wunused-variable]
  146 |                 bool state = false;
      |                      ^~~~~
/home/lenovo/esp-idf-v5.5.3/components/temco_bacnet/src/proprietary.c:145:17: warning: unused variable 'real_value' [-Wunused-variable]
  145 |           float real_value = (float) 1.414;
      |                 ^~~~~~~~~~
/home/lenovo/esp-idf-v5.5.3/components/temco_bacnet/src/proprietary.c:144:21: warning: unused variable 'len' [-Wunused-variable]
  144 |                 int len = 0;
      |                     ^~~
/home/lenovo/esp-idf-v5.5.3/components/temco_bacnet/src/proprietary.c:143:26: warning: unused variable 'i' [-Wunused-variable]
  143 |                 unsigned i = 0;
      |                          ^
/home/lenovo/esp-idf-v5.5.3/components/temco_bacnet/src/proprietary.c:140:27: warning: unused variable 'bit_string' [-Wunused-variable]
  140 |     BACNET_BIT_STRING far bit_string;
      |                           ^~~~~~~~~~
[1000/1450] Building C object esp-idf/temco_bacnet/CMakeFiles/__idf_temco_bacnet.dir/src/rpm.c.obj
[1001/1450] Building C object esp-idf/temco_bacnet/CMakeFiles/__idf_temco_bacnet.dir/src/noserv.c.obj
[1002/1450] Building C object esp-idf/temco_bacnet/CMakeFiles/__idf_temco_bacnet.dir/src/ringbuf.c.obj
[1003/1450] Building C object esp-idf/temco_bacnet/CMakeFiles/__idf_temco_bacnet.dir/src/proplist.c.obj
[1004/1450] Building C object esp-idf/temco_bacnet/CMakeFiles/__idf_temco_bacnet.dir/src/s_whois.c.obj
/home/lenovo/esp-idf-v5.5.3/components/temco_bacnet/src/s_whois.c: In function 'Send_WhoIs_To_Network':
/home/lenovo/esp-idf-v5.5.3/components/temco_bacnet/src/s_whois.c:71:14: warning: variable 'bytes_sent' set but not used [-Wunused-but-set-variable]
   71 |     int  far bytes_sent = 0;
      |              ^~~~~~~~~~
[1005/1450] Building C object esp-idf/temco_bacnet/CMakeFiles/__idf_temco_bacnet.dir/src/reject.c.obj
[1006/1450] Building C object esp-idf/temco_bacnet/CMakeFiles/__idf_temco_bacnet.dir/src/rp.c.obj
[1007/1450] Building C object esp-idf/temco_bacnet/CMakeFiles/__idf_temco_bacnet.dir/src/ms-input.c.obj
[1008/1450] Building C object esp-idf/temco_bacnet/CMakeFiles/__idf_temco_bacnet.dir/src/s_upt.c.obj
/home/lenovo/esp-idf-v5.5.3/components/temco_bacnet/src/s_upt.c: In function 'Send_UnconfirmedPrivateTransfer':
/home/lenovo/esp-idf-v5.5.3/components/temco_bacnet/src/s_upt.c:57:9: warning: unused variable 'bytes_sent' [-Wunused-variable]
   57 |     int bytes_sent = 0;
      |         ^~~~~~~~~~
[1009/1450] Building C object esp-idf/temco_bacnet/CMakeFiles/__idf_temco_bacnet.dir/src/s_readrange.c.obj
/home/lenovo/esp-idf-v5.5.3/components/temco_bacnet/src/s_readrange.c: In function 'Send_ReadRange_Request':
/home/lenovo/esp-idf-v5.5.3/components/temco_bacnet/src/s_readrange.c:62:9: warning: variable 'bytes_sent' set but not used [-Wunused-but-set-variable]
   62 |     int bytes_sent = 0;
      |         ^~~~~~~~~~
[1010/1450] Building C object esp-idf/temco_bacnet/CMakeFiles/__idf_temco_bacnet.dir/src/s_ihave.c.obj
[1011/1450] Building C object esp-idf/temco_bacnet/CMakeFiles/__idf_temco_bacnet.dir/src/s_wp.c.obj
/home/lenovo/esp-idf-v5.5.3/components/temco_bacnet/src/s_wp.c: In function 'Send_Write_Property_Request_Data':
/home/lenovo/esp-idf-v5.5.3/components/temco_bacnet/src/s_wp.c:67:9: warning: variable 'bytes_sent' set but not used [-Wunused-but-set-variable]
   67 |     int bytes_sent = 0;
      |         ^~~~~~~~~~
[1012/1450] Building C object esp-idf/temco_bacnet/CMakeFiles/__idf_temco_bacnet.dir/src/npdu.c.obj
[1013/1450] Building C object esp-idf/temco_bacnet/CMakeFiles/__idf_temco_bacnet.dir/src/s_iam.c.obj
[1014/1450] Building C object esp-idf/temco_bacnet/CMakeFiles/__idf_temco_bacnet.dir/src/timer.c.obj
[1015/1450] Building C object esp-idf/temco_bacnet/CMakeFiles/__idf_temco_bacnet.dir/src/s_ts.c.obj
/home/lenovo/esp-idf-v5.5.3/components/temco_bacnet/src/s_ts.c: In function 'Send_TimeSync_Remote':
/home/lenovo/esp-idf-v5.5.3/components/temco_bacnet/src/s_ts.c:63:9: warning: variable 'bytes_sent' set but not used [-Wunused-but-set-variable]
   63 |     int bytes_sent = 0;
      |         ^~~~~~~~~~
/home/lenovo/esp-idf-v5.5.3/components/temco_bacnet/src/s_ts.c: In function 'Send_TimeSyncUTC':
/home/lenovo/esp-idf-v5.5.3/components/temco_bacnet/src/s_ts.c:120:9: warning: variable 'bytes_sent' set but not used [-Wunused-but-set-variable]
  120 |     int bytes_sent = 0;
      |         ^~~~~~~~~~
[1016/1450] Building C object esp-idf/temco_bacnet/CMakeFiles/__idf_temco_bacnet.dir/src/s_rp.c.obj
/home/lenovo/esp-idf-v5.5.3/components/temco_bacnet/src/s_rp.c: In function 'Send_Read_Property_Request_Address':
/home/lenovo/esp-idf-v5.5.3/components/temco_bacnet/src/s_rp.c:75:9: warning: variable 'bytes_sent' set but not used [-Wunused-but-set-variable]
   75 |     int bytes_sent = 0;
      |         ^~~~~~~~~~
[1017/1450] Building C object esp-idf/temco_bacnet/CMakeFiles/__idf_temco_bacnet.dir/src/whois.c.obj
[1018/1450] Building C object esp-idf/temco_bacnet/CMakeFiles/__idf_temco_bacnet.dir/src/wp.c.obj
[1019/1450] Building C object esp-idf/temco_bacnet/CMakeFiles/__idf_temco_bacnet.dir/src/h_rr.c.obj
/home/lenovo/esp-idf-v5.5.3/components/temco_bacnet/src/h_rr.c: In function 'handler_read_range':
/home/lenovo/esp-idf-v5.5.3/components/temco_bacnet/src/h_rr.c:102:9: warning: variable 'bytes_sent' set but not used [-Wunused-but-set-variable]
  102 |     int bytes_sent = 0;
      |         ^~~~~~~~~~
[1020/1450] Building C object esp-idf/temco_bacnet/CMakeFiles/__idf_temco_bacnet.dir/src/txbuf.c.obj
[1021/1450] Building C object esp-idf/temco_bacnet/CMakeFiles/__idf_temco_bacnet.dir/src/h_rr_a.c.obj
/home/lenovo/esp-idf-v5.5.3/components/temco_bacnet/src/h_rr_a.c: In function 'PrintReadRangeData':
/home/lenovo/esp-idf-v5.5.3/components/temco_bacnet/src/h_rr_a.c:57:10: warning: variable 'print_brace' set but not used [-Wunused-but-set-variable]
   57 |     bool print_brace = false;
      |          ^~~~~~~~~~~
/home/lenovo/esp-idf-v5.5.3/components/temco_bacnet/src/h_rr_a.c:51:34: warning: variable 'object_value' set but not used [-Wunused-but-set-variable]
   51 |     BACNET_OBJECT_PROPERTY_VALUE object_value;  /* for bacapp printing */
      |                                  ^~~~~~~~~~~~
[1022/1450] Building C object esp-idf/temco_bacnet/CMakeFiles/__idf_temco_bacnet.dir/src/timesync.c.obj
[1023/1450] Building C object esp-idf/temco_bacnet/CMakeFiles/__idf_temco_bacnet.dir/src/whohas.c.obj
[1024/1450] Building C object esp-idf/temco_bacnet/CMakeFiles/__idf_temco_bacnet.dir/private/rs485.c.obj
/home/lenovo/esp-idf-v5.5.3/components/temco_bacnet/private/rs485.c: In function 'RS485_Send_Data':
/home/lenovo/esp-idf-v5.5.3/components/temco_bacnet/private/rs485.c:236:18: warning: unused variable 'count' [-Wunused-variable]
  236 |         uint16_t count = 0;
      |                  ^~~~~
[1025/1450] Building C object esp-idf/temco_bacnet/CMakeFiles/__idf_temco_bacnet.dir/src/tsm.c.obj
[1026/1450] Building C object esp-idf/temco_bacnet/CMakeFiles/__idf_temco_bacnet.dir/src/schedule.c.obj
/home/lenovo/esp-idf-v5.5.3/components/temco_bacnet/src/schedule.c: In function 'Schedule_Encode_Property_APDU':
/home/lenovo/esp-idf-v5.5.3/components/temco_bacnet/src/schedule.c:172:26: warning: unused variable 'len' [-Wunused-variable]
  172 |                 int  far len = 0;
      |                          ^~~
[1027/1450] Building C object esp-idf/temco_bacnet/CMakeFiles/__idf_temco_bacnet.dir/src/wpm.c.obj
[1028/1450] Building C object esp-idf/temco_bacnet/CMakeFiles/__idf_temco_bacnet.dir/private/alarm.c.obj
In file included from /home/lenovo/esp-idf-v5.5.3/components/temco_bacnet/private/user_data.h:4,
                 from /home/lenovo/esp-idf-v5.5.3/components/temco_bacnet/private/alarm.c:4:
/home/lenovo/esp-idf-v5.5.3/components/temco_bacnet/private/ud_str.h:98:9: warning: "BAC_BV" redefined
   98 | #define BAC_BV                  21
      |         ^~~~~~
In file included from /home/lenovo/esp-idf-v5.5.3/components/temco_bacnet/private/alarm.c:1:
/home/lenovo/esp-idf-v5.5.3/components/temco_bacnet/include/bacnet.h:223:9: note: this is the location of the previous definition
  223 | #define BAC_BV                          1
      |         ^~~~~~
/home/lenovo/esp-idf-v5.5.3/components/temco_bacnet/private/ud_str.h:99:9: warning: "BAC_BI" redefined
   99 | #define BAC_BI                  20
      |         ^~~~~~
/home/lenovo/esp-idf-v5.5.3/components/temco_bacnet/include/bacnet.h:222:9: note: this is the location of the previous definition
  222 | #define BAC_BI                          1
      |         ^~~~~~
[1029/1450] Building C object esp-idf/temco_bacnet/CMakeFiles/__idf_temco_bacnet.dir/private/bac_control.c.obj
In file included from /home/lenovo/esp-idf-v5.5.3/components/temco_bacnet/private/user_data.h:7,
                 from /home/lenovo/esp-idf-v5.5.3/components/temco_bacnet/private/bac_control.c:3:
/home/lenovo/esp-idf-v5.5.3/components/temco_bacnet/include/bacnet.h:222:9: warning: "BAC_BI" redefined
  222 | #define BAC_BI                          1
      |         ^~~~~~
In file included from /home/lenovo/esp-idf-v5.5.3/components/temco_bacnet/private/bac_point.h:4,
                 from /home/lenovo/esp-idf-v5.5.3/components/temco_bacnet/private/bac_control.c:2:
/home/lenovo/esp-idf-v5.5.3/components/temco_bacnet/private/ud_str.h:99:9: note: this is the location of the previous definition
   99 | #define BAC_BI                  20
      |         ^~~~~~
/home/lenovo/esp-idf-v5.5.3/components/temco_bacnet/include/bacnet.h:223:9: warning: "BAC_BV" redefined
  223 | #define BAC_BV                          1
      |         ^~~~~~
/home/lenovo/esp-idf-v5.5.3/components/temco_bacnet/private/ud_str.h:98:9: note: this is the location of the previous definition
   98 | #define BAC_BV                  21
      |         ^~~~~~
/home/lenovo/esp-idf-v5.5.3/components/temco_bacnet/private/bac_control.c: In function 'pid_controller':
/home/lenovo/esp-idf-v5.5.3/components/temco_bacnet/private/bac_control.c:41:15: warning: unused variable 'value' [-Wunused-variable]
   41 |         S32_T value = 0;
      |               ^~~~~
/home/lenovo/esp-idf-v5.5.3/components/temco_bacnet/private/bac_control.c:40:16: warning: unused variable 'pt1' [-Wunused-variable]
   40 |         Point *pt1 = NULL;
      |                ^~~
/home/lenovo/esp-idf-v5.5.3/components/temco_bacnet/private/bac_control.c: In function 'check_weekly_routines':
/home/lenovo/esp-idf-v5.5.3/components/temco_bacnet/private/bac_control.c:169:22: warning: unused variable 'pt' [-Wunused-variable]
  169 |         Time_on_off *pt = NULL;
      |                      ^~
/home/lenovo/esp-idf-v5.5.3/components/temco_bacnet/private/bac_control.c:168:35: warning: unused variable 'pw' [-Wunused-variable]
  168 |         Str_weekly_routine_point *pw = NULL;
      |                                   ^~
/home/lenovo/esp-idf-v5.5.3/components/temco_bacnet/private/bac_control.c:167:15: warning: unused variable 'value' [-Wunused-variable]
  167 |         S32_T value;
      |               ^~~~~
/home/lenovo/esp-idf-v5.5.3/components/temco_bacnet/private/bac_control.c:166:20: warning: unused variable 'j' [-Wunused-variable]
  166 |         S8_T w, i, j;
      |                    ^
/home/lenovo/esp-idf-v5.5.3/components/temco_bacnet/private/bac_control.c:166:17: warning: unused variable 'i' [-Wunused-variable]
  166 |         S8_T w, i, j;
      |                 ^
/home/lenovo/esp-idf-v5.5.3/components/temco_bacnet/private/bac_control.c:166:14: warning: unused variable 'w' [-Wunused-variable]
  166 |         S8_T w, i, j;
      |              ^
/home/lenovo/esp-idf-v5.5.3/components/temco_bacnet/private/bac_control.c: In function 'check_annual_routines':
/home/lenovo/esp-idf-v5.5.3/components/temco_bacnet/private/bac_control.c:261:35: warning: variable 'pr' set but not used [-Wunused-but-set-variable]
  261 |         Str_annual_routine_point *pr;
      |                                   ^~
/home/lenovo/esp-idf-v5.5.3/components/temco_bacnet/private/bac_control.c:260:14: warning: unused variable 'octet_index' [-Wunused-variable]
  260 |         S8_T octet_index;
      |              ^~~~~~~~~~~
/home/lenovo/esp-idf-v5.5.3/components/temco_bacnet/private/bac_control.c:259:14: warning: unused variable 'mask' [-Wunused-variable]
  259 |         S8_T mask;
      |              ^~~~
/home/lenovo/esp-idf-v5.5.3/components/temco_bacnet/private/bac_control.c:258:14: warning: unused variable 'i' [-Wunused-variable]
  258 |         S8_T i;
      |              ^
/home/lenovo/esp-idf-v5.5.3/components/temco_bacnet/private/bac_control.c: In function 'check_trendlog_1s':
/home/lenovo/esp-idf-v5.5.3/components/temco_bacnet/private/bac_control.c:365:21: warning: variable 'count_1s' set but not used [-Wunused-but-set-variable]
  365 |         static U8_T count_1s = 0;
      |                     ^~~~~~~~
[1030/1450] Building C object esp-idf/temco_bacnet/CMakeFiles/__idf_temco_bacnet.dir/private/bip.c.obj
/home/lenovo/esp-idf-v5.5.3/components/temco_bacnet/private/bip.c: In function 'bip_receive':
/home/lenovo/esp-idf-v5.5.3/components/temco_bacnet/private/bip.c:366:14: warning: unused variable 'status' [-Wunused-variable]
  366 |         bool status = false;
      |              ^~~~~~
/home/lenovo/esp-idf-v5.5.3/components/temco_bacnet/private/bip.c:365:18: warning: unused variable 'result_code' [-Wunused-variable]
  365 |         uint16_t result_code = 0;
      |                  ^~~~~~~~~~~
/home/lenovo/esp-idf-v5.5.3/components/temco_bacnet/private/bip.c:364:18: warning: unused variable 'time_to_live' [-Wunused-variable]
  364 |         uint16_t time_to_live = 0;
      |                  ^~~~~~~~~~~~
/home/lenovo/esp-idf-v5.5.3/components/temco_bacnet/private/bip.c:361:18: warning: unused variable 'npdu_len' [-Wunused-variable]
  361 |         uint16_t npdu_len = 0;      /* return value */
      |                  ^~~~~~~~
/home/lenovo/esp-idf-v5.5.3/components/temco_bacnet/private/bip.c:359:28: warning: variable 'dest' set but not used [-Wunused-but-set-variable]
  359 |         struct sockaddr_in dest = {0};
      |                            ^~~~
/home/lenovo/esp-idf-v5.5.3/components/temco_bacnet/private/bip.c:358:28: warning: variable 'original_sin' set but not used [-Wunused-but-set-variable]
  358 |         struct sockaddr_in original_sin = {0};
      |                            ^~~~~~~~~~~~
/home/lenovo/esp-idf-v5.5.3/components/temco_bacnet/private/bip.c: In function 'bip_get_my_address':
/home/lenovo/esp-idf-v5.5.3/components/temco_bacnet/private/bip.c:727:18: warning: unused variable 'port' [-Wunused-variable]
  727 |         uint16_t port;
      |                  ^~~~
/home/lenovo/esp-idf-v5.5.3/components/temco_bacnet/private/bip.c:725:9: warning: unused variable 'i' [-Wunused-variable]
  725 |     int i = 0;
      |         ^
/home/lenovo/esp-idf-v5.5.3/components/temco_bacnet/private/bip.c: At top level:
/home/lenovo/esp-idf-v5.5.3/components/temco_bacnet/private/bip.c:75:23: warning: 'BIP_Address' defined but not used [-Wunused-variable]
   75 | static struct in_addr BIP_Address;
      |                       ^~~~~~~~~~~
[1031/1450] Building C object esp-idf/temco_bacnet/CMakeFiles/__idf_temco_bacnet.dir/src/readrange.c.obj
[1032/1450] Building C object esp-idf/wifi_provisioning/CMakeFiles/__idf_wifi_provisioning.dir/src/wifi_config.c.obj
[1033/1450] Building C object esp-idf/wifi_provisioning/CMakeFiles/__idf_wifi_provisioning.dir/src/wifi_scan.c.obj
[1034/1450] Building C object esp-idf/wifi_provisioning/CMakeFiles/__idf_wifi_provisioning.dir/src/scheme_console.c.obj
[1035/1450] Building C object esp-idf/wifi_provisioning/CMakeFiles/__idf_wifi_provisioning.dir/src/handlers.c.obj
[1036/1450] Building C object esp-idf/wifi_provisioning/CMakeFiles/__idf_wifi_provisioning.dir/src/wifi_ctrl.c.obj
[1037/1450] Building C object esp-idf/temco_bacnet/CMakeFiles/__idf_temco_bacnet.dir/src/trendlog.c.obj
[1038/1450] Building C object esp-idf/wifi_provisioning/CMakeFiles/__idf_wifi_provisioning.dir/proto-c/wifi_ctrl.pb-c.c.obj
[1039/1450] Building C object esp-idf/wifi_provisioning/CMakeFiles/__idf_wifi_provisioning.dir/proto-c/wifi_config.pb-c.c.obj
[1040/1450] Building C object esp-idf/wifi_provisioning/CMakeFiles/__idf_wifi_provisioning.dir/proto-c/wifi_constants.pb-c.c.obj
[1041/1450] Building C object esp-idf/wifi_provisioning/CMakeFiles/__idf_wifi_provisioning.dir/proto-c/wifi_scan.pb-c.c.obj
[1042/1450] Building C object esp-idf/temco_bacnet/CMakeFiles/__idf_temco_bacnet.dir/private/decode.c.obj
In file included from /home/lenovo/esp-idf-v5.5.3/components/temco_bacnet/private/user_data.h:7,
                 from /home/lenovo/esp-idf-v5.5.3/components/temco_bacnet/private/decode.c:6:
/home/lenovo/esp-idf-v5.5.3/components/temco_bacnet/include/bacnet.h:222:9: warning: "BAC_BI" redefined
  222 | #define BAC_BI                          1
      |         ^~~~~~
In file included from /home/lenovo/esp-idf-v5.5.3/components/temco_bacnet/private/bac_point.h:4,
                 from /home/lenovo/esp-idf-v5.5.3/components/temco_bacnet/private/decode.c:2:
/home/lenovo/esp-idf-v5.5.3/components/temco_bacnet/private/ud_str.h:99:9: note: this is the location of the previous definition
   99 | #define BAC_BI                  20
      |         ^~~~~~
/home/lenovo/esp-idf-v5.5.3/components/temco_bacnet/include/bacnet.h:223:9: warning: "BAC_BV" redefined
  223 | #define BAC_BV                          1
      |         ^~~~~~
/home/lenovo/esp-idf-v5.5.3/components/temco_bacnet/private/ud_str.h:98:9: note: this is the location of the previous definition
   98 | #define BAC_BV                  21
      |         ^~~~~~
/home/lenovo/esp-idf-v5.5.3/components/temco_bacnet/private/decode.c: In function 'exec_program':
/home/lenovo/esp-idf-v5.5.3/components/temco_bacnet/private/decode.c:229:15: warning: unused variable 'tempval' [-Wunused-variable]
  229 |         S32_T tempval = 0;
      |               ^~~~~~~
/home/lenovo/esp-idf-v5.5.3/components/temco_bacnet/private/decode.c: In function 'get_ay_elem':
/home/lenovo/esp-idf-v5.5.3/components/temco_bacnet/private/decode.c:929:14: warning: variable 'point_type' set but not used [-Wunused-but-set-variable]
  929 |         Byte point_type,num_point;
      |              ^~~~~~~~~~
/home/lenovo/esp-idf-v5.5.3/components/temco_bacnet/private/decode.c: In function 'veval_exp':
/home/lenovo/esp-idf-v5.5.3/components/temco_bacnet/private/decode.c:1372:42: warning: unused variable 'addr' [-Wunused-variable]
 1372 |                                 uint16_t addr;
      |                                          ^~~~
/home/lenovo/esp-idf-v5.5.3/components/temco_bacnet/private/decode.c:1371:41: warning: unused variable 'sub_id' [-Wunused-variable]
 1371 |                          {uint8_t panel,sub_id,len;
      |                                         ^~~~~~
/home/lenovo/esp-idf-v5.5.3/components/temco_bacnet/private/decode.c:1371:35: warning: unused variable 'panel' [-Wunused-variable]
 1371 |                          {uint8_t panel,sub_id,len;
      |                                   ^~~~~
/home/lenovo/esp-idf-v5.5.3/components/temco_bacnet/private/decode.c:1401:42: warning: unused variable 'addr' [-Wunused-variable]
 1401 |                                 uint16_t addr;
      |                                          ^~~~
/home/lenovo/esp-idf-v5.5.3/components/temco_bacnet/private/decode.c:1400:41: warning: unused variable 'sub_id' [-Wunused-variable]
 1400 |                          {uint8_t panel,sub_id,len;
      |                                         ^~~~~~
/home/lenovo/esp-idf-v5.5.3/components/temco_bacnet/private/decode.c:1400:35: warning: unused variable 'panel' [-Wunused-variable]
 1400 |                          {uint8_t panel,sub_id,len;
      |                                   ^~~~~
/home/lenovo/esp-idf-v5.5.3/components/temco_bacnet/private/decode.c:1030:24: warning: variable 'sptr' set but not used [-Wunused-but-set-variable]
 1030 |         Str_points_ptr sptr;
      |                        ^~~~
/home/lenovo/esp-idf-v5.5.3/components/temco_bacnet/private/decode.c:1025:14: warning: unused variable 'time_sign' [-Wunused-variable]
 1025 |         U8_T time_sign;
      |              ^~~~~~~~~
/home/lenovo/esp-idf-v5.5.3/components/temco_bacnet/private/decode.c: In function 'operand':
/home/lenovo/esp-idf-v5.5.3/components/temco_bacnet/private/decode.c:1677:15: warning: variable 'num' set but not used [-Wunused-but-set-variable]
 1677 |         S16_T num;
      |               ^~~
[1043/1450] Building C object esp-idf/wifi_provisioning/CMakeFiles/__idf_wifi_provisioning.dir/src/scheme_softap.c.obj
[1044/1450] Building C object esp-idf/espressif__esp_delta_ota/CMakeFiles/__idf_espressif__esp_delta_ota.dir/src/esp_delta_ota.c.obj
[1045/1450] Building C object esp-idf/espressif__esp_delta_ota/CMakeFiles/__idf_espressif__esp_delta_ota.dir/detools/c/heatshrink/heatshrink_decoder.c.obj
[1046/1450] Building C object esp-idf/temco_bacnet/CMakeFiles/__idf_temco_bacnet.dir/private/ptransfer.c.obj
In file included from /home/lenovo/esp-idf-v5.5.3/components/temco_bacnet/private/bac_point.h:4,
                 from /home/lenovo/esp-idf-v5.5.3/components/temco_bacnet/private/ptransfer.c:42:
/home/lenovo/esp-idf-v5.5.3/components/temco_bacnet/private/ud_str.h:98:9: warning: "BAC_BV" redefined
   98 | #define BAC_BV                  21
      |         ^~~~~~
In file included from /home/lenovo/esp-idf-v5.5.3/components/temco_bacnet/private/ptransfer.c:41:
/home/lenovo/esp-idf-v5.5.3/components/temco_bacnet/include/bacnet.h:223:9: note: this is the location of the previous definition
  223 | #define BAC_BV                          1
      |         ^~~~~~
/home/lenovo/esp-idf-v5.5.3/components/temco_bacnet/private/ud_str.h:99:9: warning: "BAC_BI" redefined
   99 | #define BAC_BI                  20
      |         ^~~~~~
/home/lenovo/esp-idf-v5.5.3/components/temco_bacnet/include/bacnet.h:222:9: note: this is the location of the previous definition
  222 | #define BAC_BI                          1
      |         ^~~~~~
/home/lenovo/esp-idf-v5.5.3/components/temco_bacnet/private/ptransfer.c: In function 'Transfer_Bip_To_Mstp_pdu':
/home/lenovo/esp-idf-v5.5.3/components/temco_bacnet/private/ptransfer.c:432:14: warning: unused variable 'start' [-Wunused-variable]
  432 |         U8_T start = 0;
      |              ^~~~~
/home/lenovo/esp-idf-v5.5.3/components/temco_bacnet/private/ptransfer.c:431:14: warning: unused variable 'i' [-Wunused-variable]
  431 |         U8_T i;
      |              ^
/home/lenovo/esp-idf-v5.5.3/components/temco_bacnet/private/ptransfer.c: In function 'Handler_Complex_Ack':
/home/lenovo/esp-idf-v5.5.3/components/temco_bacnet/private/ptransfer.c:587:70: warning: comparison is always true due to limited range of data type [-Wtype-limits]
  587 |                         if(apdu[1] == invokeid_mstp && invokeid_mstp >= 0)
      |                                                                      ^~
/home/lenovo/esp-idf-v5.5.3/components/temco_bacnet/private/ptransfer.c:608:58: warning: unused variable 'reg' [-Wunused-variable]
  608 |                                                 uint16_t reg;
      |                                                          ^~~
/home/lenovo/esp-idf-v5.5.3/components/temco_bacnet/private/ptransfer.c:622:58: warning: variable 'reg' set but not used [-Wunused-but-set-variable]
  622 |                                                 uint16_t reg;
      |                                                          ^~~
/home/lenovo/esp-idf-v5.5.3/components/temco_bacnet/private/ptransfer.c:690:50: warning: variable 'reg' set but not used [-Wunused-but-set-variable]
  690 |                                         uint16_t reg;
      |                                                  ^~~
/home/lenovo/esp-idf-v5.5.3/components/temco_bacnet/private/ptransfer.c: In function 'handler_conf_private_trans_ack':
/home/lenovo/esp-idf-v5.5.3/components/temco_bacnet/private/ptransfer.c:799:9: warning: variable 'len' set but not used [-Wunused-but-set-variable]
  799 |     int len;
      |         ^~~
/home/lenovo/esp-idf-v5.5.3/components/temco_bacnet/private/ptransfer.c: In function 'WriteRemotePoint':
/home/lenovo/esp-idf-v5.5.3/components/temco_bacnet/private/ptransfer.c:938:38: warning: comparison is always true due to limited range of data type [-Wtype-limits]
  938 |                         if(invoke_id >= 0)
      |                                      ^~
/home/lenovo/esp-idf-v5.5.3/components/temco_bacnet/private/ptransfer.c: In function 'GetPrivateBacnetToModbusData':
/home/lenovo/esp-idf-v5.5.3/components/temco_bacnet/private/ptransfer.c:1101:13: warning: unused variable 'i' [-Wunused-variable]
 1101 |         int i;
      |             ^
/home/lenovo/esp-idf-v5.5.3/components/temco_bacnet/private/ptransfer.c:1099:9: warning: variable 'HEADER_LENGTH' set but not used [-Wunused-but-set-variable]
 1099 |     int HEADER_LENGTH = USER_DATA_HEADER_LEN;
      |         ^~~~~~~~~~~~~
/home/lenovo/esp-idf-v5.5.3/components/temco_bacnet/private/ptransfer.c:1090:9: warning: unused variable 'apdu_len' [-Wunused-variable]
 1090 |     int apdu_len = 0;
      |         ^~~~~~~~
/home/lenovo/esp-idf-v5.5.3/components/temco_bacnet/private/ptransfer.c:1088:13: warning: unused variable 'apdu' [-Wunused-variable]
 1088 |     uint8_t apdu[50] = { 0 };
      |             ^~~~
/home/lenovo/esp-idf-v5.5.3/components/temco_bacnet/private/ptransfer.c:1086:9: warning: unused variable 'n_ret' [-Wunused-variable]
 1086 |     int n_ret = 0;
      |         ^~~~~
/home/lenovo/esp-idf-v5.5.3/components/temco_bacnet/private/ptransfer.c: In function 'WritePrivateBacnetToModbusData':
/home/lenovo/esp-idf-v5.5.3/components/temco_bacnet/private/ptransfer.c:1152:21: warning: unused variable 'i' [-Wunused-variable]
 1152 |                 int i;
      |                     ^
/home/lenovo/esp-idf-v5.5.3/components/temco_bacnet/private/ptransfer.c:1151:9: warning: unused variable 'HEADER_LENGTH' [-Wunused-variable]
 1151 |     int HEADER_LENGTH = USER_DATA_HEADER_LEN;
      |         ^~~~~~~~~~~~~
/home/lenovo/esp-idf-v5.5.3/components/temco_bacnet/private/ptransfer.c:1150:12: warning: unused variable 'temp_buffer' [-Wunused-variable]
 1150 |     char * temp_buffer = SendBuffer;
      |            ^~~~~~~~~~~
/home/lenovo/esp-idf-v5.5.3/components/temco_bacnet/private/ptransfer.c:1143:9: warning: unused variable 'apdu_len' [-Wunused-variable]
 1143 |     int apdu_len = 0;
      |         ^~~~~~~~
/home/lenovo/esp-idf-v5.5.3/components/temco_bacnet/private/ptransfer.c:1141:13: warning: unused variable 'apdu' [-Wunused-variable]
 1141 |     uint8_t apdu[50] = { 0 };
      |             ^~~~
/home/lenovo/esp-idf-v5.5.3/components/temco_bacnet/private/ptransfer.c:1138:9: warning: unused variable 'n_ret' [-Wunused-variable]
 1138 |     int n_ret = 0;
      |         ^~~~~
/home/lenovo/esp-idf-v5.5.3/components/temco_bacnet/private/ptransfer.c: In function 'Send_Ptransfer_to_Sub':
/home/lenovo/esp-idf-v5.5.3/components/temco_bacnet/private/ptransfer.c:1217:14: warning: variable 'status' set but not used [-Wunused-but-set-variable]
 1217 |         bool status = false;
      |              ^~~~~~
/home/lenovo/esp-idf-v5.5.3/components/temco_bacnet/private/ptransfer.c: In function 'handler_private_transfer':
/home/lenovo/esp-idf-v5.5.3/components/temco_bacnet/private/ptransfer.c:1786:54: warning: variable 'i' set but not used [-Wunused-but-set-variable]
 1786 |                                                 char i;
      |                                                      ^
/home/lenovo/esp-idf-v5.5.3/components/temco_bacnet/private/ptransfer.c:1928:42: warning: comparison is always true due to limited range of data type [-Wtype-limits]
 1928 |                         if((transfer_len >= 0) && (transfer_len <= 500 ))
      |                                          ^~
/home/lenovo/esp-idf-v5.5.3/components/temco_bacnet/private/ptransfer.c:1314:25: warning: variable 'delay_write_setting' set but not used [-Wunused-but-set-variable]
 1314 |                 uint8_t delay_write_setting;
      |                         ^~~~~~~~~~~~~~~~~~~
/home/lenovo/esp-idf-v5.5.3/components/temco_bacnet/private/ptransfer.c:1311:25: warning: unused variable 'flag_write_pic' [-Wunused-variable]
 1311 |                 uint8_t flag_write_pic;
      |                         ^~~~~~~~~~~~~~
/home/lenovo/esp-idf-v5.5.3/components/temco_bacnet/private/ptransfer.c:1306:21: warning: unused variable 'bytes_sent' [-Wunused-variable]
 1306 |                 int bytes_sent = 0;
      |                     ^~~~~~~~~~
/home/lenovo/esp-idf-v5.5.3/components/temco_bacnet/private/ptransfer.c:1304:21: warning: unused variable 'property_len' [-Wunused-variable]
 1304 |                 int property_len = 0;
      |                     ^~~~~~~~~~~~
/home/lenovo/esp-idf-v5.5.3/components/temco_bacnet/private/ptransfer.c:1302:21: warning: variable 'len' set but not used [-Wunused-but-set-variable]
 1302 |                 int len = 0;
      |                     ^~~
/home/lenovo/esp-idf-v5.5.3/components/temco_bacnet/private/ptransfer.c:1301:25: warning: unused variable 'test_value' [-Wunused-variable]
 1301 |                 uint8_t test_value[MAX_APDU] = { 0 };
      |                         ^~~~~~~~~~
/home/lenovo/esp-idf-v5.5.3/components/temco_bacnet/private/ptransfer.c:1295:35: warning: unused variable 'rec_data_value' [-Wunused-variable]
 1295 |     BACNET_APPLICATION_DATA_VALUE rec_data_value = { 0 };
      |                                   ^~~~~~~~~~~~~~
[1047/1450] Building C object esp-idf/espressif__rmaker_common/CMakeFiles/__idf_espressif__rmaker_common.dir/src/work_queue.c.obj
[1048/1450] Building C object esp-idf/temco_bacnet/CMakeFiles/__idf_temco_bacnet.dir/private/bac_interface.c.obj
In file included from /home/lenovo/esp-idf-v5.5.3/components/temco_bacnet/private/user_data.h:4,
                 from /home/lenovo/esp-idf-v5.5.3/components/temco_bacnet/private/bac_interface.c:3:
/home/lenovo/esp-idf-v5.5.3/components/temco_bacnet/private/ud_str.h:98:9: warning: "BAC_BV" redefined
   98 | #define BAC_BV                  21
      |         ^~~~~~
In file included from /home/lenovo/esp-idf-v5.5.3/components/temco_bacnet/private/bac_interface.c:2:
/home/lenovo/esp-idf-v5.5.3/components/temco_bacnet/include/bacnet.h:223:9: note: this is the location of the previous definition
  223 | #define BAC_BV                          1
      |         ^~~~~~
/home/lenovo/esp-idf-v5.5.3/components/temco_bacnet/private/ud_str.h:99:9: warning: "BAC_BI" redefined
   99 | #define BAC_BI                  20
      |         ^~~~~~
/home/lenovo/esp-idf-v5.5.3/components/temco_bacnet/include/bacnet.h:222:9: note: this is the location of the previous definition
  222 | #define BAC_BI                          1
      |         ^~~~~~
/home/lenovo/esp-idf-v5.5.3/components/temco_bacnet/private/bac_interface.c: In function 'Get_AOx_by_index':
/home/lenovo/esp-idf-v5.5.3/components/temco_bacnet/private/bac_interface.c:77:14: warning: unused variable 'i' [-Wunused-variable]
   77 |         U8_T i;
      |              ^
/home/lenovo/esp-idf-v5.5.3/components/temco_bacnet/private/bac_interface.c: In function 'Get_BOx_by_index':
/home/lenovo/esp-idf-v5.5.3/components/temco_bacnet/private/bac_interface.c:94:14: warning: unused variable 'i' [-Wunused-variable]
   94 |         U8_T i;
      |              ^
/home/lenovo/esp-idf-v5.5.3/components/temco_bacnet/private/bac_interface.c: In function 'Get_index_by_AVx':
/home/lenovo/esp-idf-v5.5.3/components/temco_bacnet/private/bac_interface.c:110:14: warning: unused variable 'i' [-Wunused-variable]
  110 |         U8_T i;
      |              ^
/home/lenovo/esp-idf-v5.5.3/components/temco_bacnet/private/bac_interface.c: In function 'Get_index_by_BVx':
/home/lenovo/esp-idf-v5.5.3/components/temco_bacnet/private/bac_interface.c:127:14: warning: unused variable 'i' [-Wunused-variable]
  127 |         U8_T i;
      |              ^
/home/lenovo/esp-idf-v5.5.3/components/temco_bacnet/private/bac_interface.c: In function 'Get_index_by_AIx':
/home/lenovo/esp-idf-v5.5.3/components/temco_bacnet/private/bac_interface.c:144:14: warning: unused variable 'i' [-Wunused-variable]
  144 |         U8_T i;
      |              ^
/home/lenovo/esp-idf-v5.5.3/components/temco_bacnet/private/bac_interface.c: In function 'Get_index_by_BIx':
/home/lenovo/esp-idf-v5.5.3/components/temco_bacnet/private/bac_interface.c:162:14: warning: unused variable 'i' [-Wunused-variable]
  162 |         U8_T i;
      |              ^
/home/lenovo/esp-idf-v5.5.3/components/temco_bacnet/private/bac_interface.c: In function 'Get_index_by_AOx':
/home/lenovo/esp-idf-v5.5.3/components/temco_bacnet/private/bac_interface.c:180:14: warning: unused variable 'i' [-Wunused-variable]
  180 |         U8_T i;
      |              ^
/home/lenovo/esp-idf-v5.5.3/components/temco_bacnet/private/bac_interface.c: In function 'Get_index_by_BOx':
/home/lenovo/esp-idf-v5.5.3/components/temco_bacnet/private/bac_interface.c:199:14: warning: unused variable 'i' [-Wunused-variable]
  199 |         U8_T i;
      |              ^
/home/lenovo/esp-idf-v5.5.3/components/temco_bacnet/private/bac_interface.c: In function 'Get_temcovars_string_from_buf':
/home/lenovo/esp-idf-v5.5.3/components/temco_bacnet/private/bac_interface.c:2610:32: warning: function returns address of local variable [-Wreturn-local-addr]
 2610 |                         return (char *)(str);
      |                                ^~~~~~~~~~~~~
/home/lenovo/esp-idf-v5.5.3/components/temco_bacnet/private/bac_interface.c:2616:32: warning: function returns address of local variable [-Wreturn-local-addr]
 2616 |                         return (char *)(str);
      |                                ^~~~~~~~~~~~~
/home/lenovo/esp-idf-v5.5.3/components/temco_bacnet/private/bac_interface.c: In function 'Write_temcovars_string_to_buf':
/home/lenovo/esp-idf-v5.5.3/components/temco_bacnet/private/bac_interface.c:2628:14: warning: unused variable 'type' [-Wunused-variable]
 2628 |         char type,num = 0;
      |              ^~~~
/home/lenovo/esp-idf-v5.5.3/components/temco_bacnet/private/bac_interface.c: In function 'Send_UserList_Broadcast':
/home/lenovo/esp-idf-v5.5.3/components/temco_bacnet/private/bac_interface.c:2675:14: warning: variable 'status' set but not used [-Wunused-but-set-variable]
 2675 |         bool status = false;
      |              ^~~~~~
/home/lenovo/esp-idf-v5.5.3/components/temco_bacnet/private/bac_interface.c: In function 'Get_bacnet_value_from_buf':
/home/lenovo/esp-idf-v5.5.3/components/temco_bacnet/private/bac_interface.c:639:27: warning: this statement may fall through [-Wimplicit-fallthrough=]
  639 |                         if(ptr.pin->range > 0)
      |                           ^
/home/lenovo/esp-idf-v5.5.3/components/temco_bacnet/private/bac_interface.c:673:17: note: here
  673 |                 case AI:
      |                 ^~~~
/home/lenovo/esp-idf-v5.5.3/components/temco_bacnet/private/bac_interface.c:676:27: warning: this statement may fall through [-Wimplicit-fallthrough=]
  676 |                         if(ptr.pin->range > 0)
      |                           ^
/home/lenovo/esp-idf-v5.5.3/components/temco_bacnet/private/bac_interface.c:684:17: note: here
  684 |                 case AO:
      |                 ^~~~
[1049/1450] Building C object esp-idf/espressif__rmaker_common/CMakeFiles/__idf_espressif__rmaker_common.dir/src/timezone.c.obj
[1050/1450] Building C object esp-idf/espressif__esp_encrypted_img/CMakeFiles/__idf_espressif__esp_encrypted_img.dir/src/esp_encrypted_img.c.obj
[1051/1450] Building C object esp-idf/espressif__rmaker_common/CMakeFiles/__idf_espressif__rmaker_common.dir/src/factory.c.obj
[1052/1450] Linking C static library esp-idf/espressif__esp_encrypted_img/libespressif__esp_encrypted_img.a
[1053/1450] Building C object esp-idf/wifi_provisioning/CMakeFiles/__idf_wifi_provisioning.dir/src/manager.c.obj
[1054/1450] Building C object esp-idf/espressif__esp_diagnostics/CMakeFiles/__idf_espressif__esp_diagnostics.dir/src/esp_diagnostics_wifi_metrics.c.obj
[1055/1450] Linking C static library esp-idf/wifi_provisioning/libwifi_provisioning.a
[1056/1450] Building C object esp-idf/espressif__esp_delta_ota/CMakeFiles/__idf_espressif__esp_delta_ota.dir/detools/c/detools.c.obj
[1057/1450] Linking C static library esp-idf/espressif__esp_delta_ota/libespressif__esp_delta_ota.a
[1058/1450] Building C object esp-idf/espressif__rmaker_common/CMakeFiles/__idf_espressif__rmaker_common.dir/src/console/rmaker_console.c.obj
[1059/1450] Building C object esp-idf/espressif__rmaker_common/CMakeFiles/__idf_espressif__rmaker_common.dir/src/console/rmaker_common_cmds.c.obj
[1060/1450] Building C object esp-idf/espressif__rmaker_common/CMakeFiles/__idf_espressif__rmaker_common.dir/src/time.c.obj
[1061/1450] Building C object esp-idf/espressif__rmaker_common/CMakeFiles/__idf_espressif__rmaker_common.dir/src/utils.c.obj
[1062/1450] Building C object esp-idf/espressif__esp_diagnostics/CMakeFiles/__idf_espressif__esp_diagnostics.dir/src/esp_diagnostics_utils.c.obj
[1063/1450] Building C object esp-idf/espressif__rmaker_common/CMakeFiles/__idf_espressif__rmaker_common.dir/src/create_APN3_PPI_string.c.obj
[1064/1450] Building C object esp-idf/espressif__esp_diagnostics/CMakeFiles/__idf_espressif__esp_diagnostics.dir/src/esp_diagnostics_metrics.c.obj
[1065/1450] Building C object esp-idf/espressif__esp_diagnostics/CMakeFiles/__idf_espressif__esp_diagnostics.dir/src/esp_diagnostics_log_hook.c.obj
[1066/1450] Building C object esp-idf/espressif__esp_diagnostics/CMakeFiles/__idf_espressif__esp_diagnostics.dir/src/esp_diagnostics_heap_metrics.c.obj
[1067/1450] Building C object esp-idf/espressif__cbor/CMakeFiles/__idf_espressif__cbor.dir/tinycbor/src/cborencoder_float.c.obj
[1068/1450] Building C object esp-idf/espressif__cbor/CMakeFiles/__idf_espressif__cbor.dir/tinycbor/src/cborencoder_close_container_checked.c.obj
[1069/1450] Building C object esp-idf/espressif__esp_diagnostics/CMakeFiles/__idf_espressif__esp_diagnostics.dir/src/esp_diagnostics_variables.c.obj
[1070/1450] Building C object esp-idf/espressif__esp_diagnostics/CMakeFiles/__idf_espressif__esp_diagnostics.dir/src/esp_diagnostics_network_variables.c.obj
[1071/1450] Building C object esp-idf/espressif__rmaker_common/CMakeFiles/__idf_espressif__rmaker_common.dir/src/cmd_resp.c.obj
[1072/1450] Building C object esp-idf/espressif__cbor/CMakeFiles/__idf_espressif__cbor.dir/tinycbor/src/cborparser_dup_string.c.obj
[1073/1450] Building C object esp-idf/espressif__cbor/CMakeFiles/__idf_espressif__cbor.dir/tinycbor/src/cborerrorstrings.c.obj
[1074/1450] Building C object esp-idf/espressif__cbor/CMakeFiles/__idf_espressif__cbor.dir/tinycbor/src/cborencoder.c.obj
[1075/1450] Building C object esp-idf/espressif__cbor/CMakeFiles/__idf_espressif__cbor.dir/tinycbor/src/cborpretty_stdio.c.obj
[1076/1450] Building C object esp-idf/espressif__cbor/CMakeFiles/__idf_espressif__cbor.dir/tinycbor/src/cborparser_float.c.obj
[1077/1450] Building C object esp-idf/espressif__cbor/CMakeFiles/__idf_espressif__cbor.dir/tinycbor/src/open_memstream.c.obj
[1078/1450] Building C object esp-idf/espressif__rmaker_common/CMakeFiles/__idf_espressif__rmaker_common.dir/src/esp-mqtt/esp-mqtt-glue.c.obj
[1079/1450] Building C object esp-idf/espressif__esp_diag_data_store/CMakeFiles/__idf_espressif__esp_diag_data_store.dir/src/esp_diag_data_store.c.obj
[1080/1450] Linking C static library esp-idf/espressif__rmaker_common/libespressif__rmaker_common.a
[1081/1450] Building C object esp-idf/temco_bacnet/CMakeFiles/__idf_temco_bacnet.dir/private/user_data.c.obj
In file included from /home/lenovo/esp-idf-v5.5.3/components/temco_bacnet/private/bac_point.h:4,
                 from /home/lenovo/esp-idf-v5.5.3/components/temco_bacnet/private/user_data.c:4:
/home/lenovo/esp-idf-v5.5.3/components/temco_bacnet/private/ud_str.h:98:9: warning: "BAC_BV" redefined
   98 | #define BAC_BV                  21
      |         ^~~~~~
In file included from /home/lenovo/esp-idf-v5.5.3/components/temco_bacnet/private/user_data.c:1:
/home/lenovo/esp-idf-v5.5.3/components/temco_bacnet/include/bacnet.h:223:9: note: this is the location of the previous definition
  223 | #define BAC_BV                          1
      |         ^~~~~~
/home/lenovo/esp-idf-v5.5.3/components/temco_bacnet/private/ud_str.h:99:9: warning: "BAC_BI" redefined
   99 | #define BAC_BI                  20
      |         ^~~~~~
/home/lenovo/esp-idf-v5.5.3/components/temco_bacnet/include/bacnet.h:222:9: note: this is the location of the previous definition
  222 | #define BAC_BI                          1
      |         ^~~~~~
In file included from /home/lenovo/esp-idf-v5.5.3/components/xtensa/include/xt_utils.h:17,
                 from /home/lenovo/esp-idf-v5.5.3/components/esp_hw_support/include/esp_cpu.h:16,
                 from /home/lenovo/esp-idf-v5.5.3/components/esp_hw_support/include/spinlock.h:11,
                 from /home/lenovo/esp-idf-v5.5.3/components/freertos/FreeRTOS-Kernel/portable/xtensa/include/freertos/portmacro.h:49,
                 from /home/lenovo/esp-idf-v5.5.3/components/freertos/FreeRTOS-Kernel/include/freertos/portable.h:57,
                 from /home/lenovo/esp-idf-v5.5.3/components/freertos/FreeRTOS-Kernel/include/freertos/FreeRTOS.h:69,
                 from /home/lenovo/esp-idf-v5.5.3/components/esp_system/include/esp_task.h:24,
                 from /home/lenovo/esp-idf-v5.5.3/components/lwip/port/include/lwipopts.h:20,
                 from /home/lenovo/esp-idf-v5.5.3/components/lwip/lwip/src/include/lwip/opt.h:51,
                 from /home/lenovo/esp-idf-v5.5.3/components/lwip/lwip/src/include/lwip/netdb.h:37,
                 from /home/lenovo/esp-idf-v5.5.3/components/lwip/include/lwip/netdb.h:9,
                 from /home/lenovo/esp-idf-v5.5.3/components/temco_bacnet/private/user_data.c:17:
/home/lenovo/esp-idf-v5.5.3/components/esp_common/include/esp_bit_defs.h:14:9: warning: "BIT27" redefined
   14 | #define BIT27   0x08000000
      |         ^~~~~
In file included from /home/lenovo/esp-idf-v5.5.3/components/temco_bacnet/include/bacnet.h:5:
/home/lenovo/esp-idf-v5.5.3/components/temco_bacnet/include/types.h:134:9: note: this is the location of the previous definition
  134 | #define BIT27 0x8000000
      |         ^~~~~
/home/lenovo/esp-idf-v5.5.3/components/esp_common/include/esp_bit_defs.h:15:9: warning: "BIT26" redefined
   15 | #define BIT26   0x04000000
      |         ^~~~~
/home/lenovo/esp-idf-v5.5.3/components/temco_bacnet/include/types.h:131:9: note: this is the location of the previous definition
  131 | #define BIT26 0x4000000
      |         ^~~~~
/home/lenovo/esp-idf-v5.5.3/components/esp_common/include/esp_bit_defs.h:16:9: warning: "BIT25" redefined
   16 | #define BIT25   0x02000000
      |         ^~~~~
/home/lenovo/esp-idf-v5.5.3/components/temco_bacnet/include/types.h:127:9: note: this is the location of the previous definition
  127 | #define BIT25 0x2000000
      |         ^~~~~
/home/lenovo/esp-idf-v5.5.3/components/esp_common/include/esp_bit_defs.h:17:9: warning: "BIT24" redefined
   17 | #define BIT24   0x01000000
      |         ^~~~~
/home/lenovo/esp-idf-v5.5.3/components/temco_bacnet/include/types.h:124:9: note: this is the location of the previous definition
  124 | #define BIT24 0x1000000
      |         ^~~~~
/home/lenovo/esp-idf-v5.5.3/components/esp_common/include/esp_bit_defs.h:18:9: warning: "BIT23" redefined
   18 | #define BIT23   0x00800000
      |         ^~~~~
/home/lenovo/esp-idf-v5.5.3/components/temco_bacnet/include/types.h:121:9: note: this is the location of the previous definition
  121 | #define BIT23 0x800000
      |         ^~~~~
/home/lenovo/esp-idf-v5.5.3/components/esp_common/include/esp_bit_defs.h:19:9: warning: "BIT22" redefined
   19 | #define BIT22   0x00400000
      |         ^~~~~
/home/lenovo/esp-idf-v5.5.3/components/temco_bacnet/include/types.h:118:9: note: this is the location of the previous definition
  118 | #define BIT22 0x400000
      |         ^~~~~
/home/lenovo/esp-idf-v5.5.3/components/esp_common/include/esp_bit_defs.h:20:9: warning: "BIT21" redefined
   20 | #define BIT21   0x00200000
      |         ^~~~~
/home/lenovo/esp-idf-v5.5.3/components/temco_bacnet/include/types.h:115:9: note: this is the location of the previous definition
  115 | #define BIT21 0x200000
      |         ^~~~~
/home/lenovo/esp-idf-v5.5.3/components/esp_common/include/esp_bit_defs.h:21:9: warning: "BIT20" redefined
   21 | #define BIT20   0x00100000
      |         ^~~~~
/home/lenovo/esp-idf-v5.5.3/components/temco_bacnet/include/types.h:112:9: note: this is the location of the previous definition
  112 | #define BIT20 0x100000
      |         ^~~~~
/home/lenovo/esp-idf-v5.5.3/components/esp_common/include/esp_bit_defs.h:22:9: warning: "BIT19" redefined
   22 | #define BIT19   0x00080000
      |         ^~~~~
/home/lenovo/esp-idf-v5.5.3/components/temco_bacnet/include/types.h:109:9: note: this is the location of the previous definition
  109 | #define BIT19 0x080000
      |         ^~~~~
/home/lenovo/esp-idf-v5.5.3/components/esp_common/include/esp_bit_defs.h:23:9: warning: "BIT18" redefined
   23 | #define BIT18   0x00040000
      |         ^~~~~
/home/lenovo/esp-idf-v5.5.3/components/temco_bacnet/include/types.h:106:9: note: this is the location of the previous definition
  106 | #define BIT18 0x040000
      |         ^~~~~
/home/lenovo/esp-idf-v5.5.3/components/esp_common/include/esp_bit_defs.h:24:9: warning: "BIT17" redefined
   24 | #define BIT17   0x00020000
      |         ^~~~~
/home/lenovo/esp-idf-v5.5.3/components/temco_bacnet/include/types.h:103:9: note: this is the location of the previous definition
  103 | #define BIT17 0x20000
      |         ^~~~~
/home/lenovo/esp-idf-v5.5.3/components/esp_common/include/esp_bit_defs.h:25:9: warning: "BIT16" redefined
   25 | #define BIT16   0x00010000
      |         ^~~~~
/home/lenovo/esp-idf-v5.5.3/components/temco_bacnet/include/types.h:100:9: note: this is the location of the previous definition
  100 | #define BIT16 0x10000
      |         ^~~~~
/home/lenovo/esp-idf-v5.5.3/components/esp_common/include/esp_bit_defs.h:26:9: warning: "BIT15" redefined
   26 | #define BIT15   0x00008000
      |         ^~~~~
/home/lenovo/esp-idf-v5.5.3/components/temco_bacnet/include/types.h:96:9: note: this is the location of the previous definition
   96 | #define BIT15 0x8000
      |         ^~~~~
/home/lenovo/esp-idf-v5.5.3/components/esp_common/include/esp_bit_defs.h:27:9: warning: "BIT14" redefined
   27 | #define BIT14   0x00004000
      |         ^~~~~
/home/lenovo/esp-idf-v5.5.3/components/temco_bacnet/include/types.h:92:9: note: this is the location of the previous definition
   92 | #define BIT14 0x4000
      |         ^~~~~
/home/lenovo/esp-idf-v5.5.3/components/esp_common/include/esp_bit_defs.h:28:9: warning: "BIT13" redefined
   28 | #define BIT13   0x00002000
      |         ^~~~~
/home/lenovo/esp-idf-v5.5.3/components/temco_bacnet/include/types.h:89:9: note: this is the location of the previous definition
   89 | #define BIT13 0x2000
      |         ^~~~~
/home/lenovo/esp-idf-v5.5.3/components/esp_common/include/esp_bit_defs.h:29:9: warning: "BIT12" redefined
   29 | #define BIT12   0x00001000
      |         ^~~~~
/home/lenovo/esp-idf-v5.5.3/components/temco_bacnet/include/types.h:85:9: note: this is the location of the previous definition
   85 | #define BIT12 0x1000
      |         ^~~~~
/home/lenovo/esp-idf-v5.5.3/components/esp_common/include/esp_bit_defs.h:30:9: warning: "BIT11" redefined
   30 | #define BIT11   0x00000800
      |         ^~~~~
/home/lenovo/esp-idf-v5.5.3/components/temco_bacnet/include/types.h:82:9: note: this is the location of the previous definition
   82 | #define BIT11 0x800
      |         ^~~~~
/home/lenovo/esp-idf-v5.5.3/components/esp_common/include/esp_bit_defs.h:31:9: warning: "BIT10" redefined
   31 | #define BIT10   0x00000400
      |         ^~~~~
/home/lenovo/esp-idf-v5.5.3/components/temco_bacnet/include/types.h:79:9: note: this is the location of the previous definition
   79 | #define BIT10 0x400
      |         ^~~~~
/home/lenovo/esp-idf-v5.5.3/components/esp_common/include/esp_bit_defs.h:32:9: warning: "BIT9" redefined
   32 | #define BIT9     0x00000200
      |         ^~~~
/home/lenovo/esp-idf-v5.5.3/components/temco_bacnet/include/types.h:75:9: note: this is the location of the previous definition
   75 | #define BIT9 0x200
      |         ^~~~
/home/lenovo/esp-idf-v5.5.3/components/esp_common/include/esp_bit_defs.h:33:9: warning: "BIT8" redefined
   33 | #define BIT8     0x00000100
      |         ^~~~
/home/lenovo/esp-idf-v5.5.3/components/temco_bacnet/include/types.h:72:9: note: this is the location of the previous definition
   72 | #define BIT8 0x100
      |         ^~~~
/home/lenovo/esp-idf-v5.5.3/components/esp_common/include/esp_bit_defs.h:34:9: warning: "BIT7" redefined
   34 | #define BIT7     0x00000080
      |         ^~~~
/home/lenovo/esp-idf-v5.5.3/components/temco_bacnet/include/types.h:69:9: note: this is the location of the previous definition
   69 | #define BIT7 0x80
      |         ^~~~
/home/lenovo/esp-idf-v5.5.3/components/esp_common/include/esp_bit_defs.h:35:9: warning: "BIT6" redefined
   35 | #define BIT6     0x00000040
      |         ^~~~
/home/lenovo/esp-idf-v5.5.3/components/temco_bacnet/include/types.h:66:9: note: this is the location of the previous definition
   66 | #define BIT6 0x40
      |         ^~~~
/home/lenovo/esp-idf-v5.5.3/components/esp_common/include/esp_bit_defs.h:36:9: warning: "BIT5" redefined
   36 | #define BIT5     0x00000020
      |         ^~~~
/home/lenovo/esp-idf-v5.5.3/components/temco_bacnet/include/types.h:63:9: note: this is the location of the previous definition
   63 | #define BIT5 0x20
      |         ^~~~
/home/lenovo/esp-idf-v5.5.3/components/esp_common/include/esp_bit_defs.h:37:9: warning: "BIT4" redefined
   37 | #define BIT4     0x00000010
      |         ^~~~
/home/lenovo/esp-idf-v5.5.3/components/temco_bacnet/include/types.h:60:9: note: this is the location of the previous definition
   60 | #define BIT4 0x10
      |         ^~~~
/home/lenovo/esp-idf-v5.5.3/components/esp_common/include/esp_bit_defs.h:38:9: warning: "BIT3" redefined
   38 | #define BIT3     0x00000008
      |         ^~~~
/home/lenovo/esp-idf-v5.5.3/components/temco_bacnet/include/types.h:57:9: note: this is the location of the previous definition
   57 | #define BIT3 0x08
      |         ^~~~
/home/lenovo/esp-idf-v5.5.3/components/esp_common/include/esp_bit_defs.h:39:9: warning: "BIT2" redefined
   39 | #define BIT2     0x00000004
      |         ^~~~
/home/lenovo/esp-idf-v5.5.3/components/temco_bacnet/include/types.h:54:9: note: this is the location of the previous definition
   54 | #define BIT2 0x04
      |         ^~~~
/home/lenovo/esp-idf-v5.5.3/components/esp_common/include/esp_bit_defs.h:40:9: warning: "BIT1" redefined
   40 | #define BIT1     0x00000002
      |         ^~~~
/home/lenovo/esp-idf-v5.5.3/components/temco_bacnet/include/types.h:51:9: note: this is the location of the previous definition
   51 | #define BIT1 0x02
      |         ^~~~
/home/lenovo/esp-idf-v5.5.3/components/esp_common/include/esp_bit_defs.h:41:9: warning: "BIT0" redefined
   41 | #define BIT0     0x00000001
      |         ^~~~
/home/lenovo/esp-idf-v5.5.3/components/temco_bacnet/include/types.h:48:9: note: this is the location of the previous definition
   48 | #define BIT0 0x01
      |         ^~~~
/home/lenovo/esp-idf-v5.5.3/components/temco_bacnet/private/user_data.c:129:1: warning: ignoring attribute 'section (".ext_ram.bss.32")' because it conflicts with previous 'section (".ext_ram.bss.11")' [-Wattributes]
  129 | EXT_RAM_BSS_ATTR Str_Extio_point  extio_points[MAX_EXTIO];
      | ^~~~~~~~~~~~~~~~
In file included from /home/lenovo/esp-idf-v5.5.3/components/temco_bacnet/private/user_data.c:5:
/home/lenovo/esp-idf-v5.5.3/components/temco_bacnet/private/user_data.h:405:42: note: previous declaration here
  405 | extern EXT_RAM_BSS_ATTR Str_Extio_point  extio_points[MAX_EXTIO];
      |                                          ^~~~~~~~~~~~
/home/lenovo/esp-idf-v5.5.3/components/temco_bacnet/private/user_data.c:136:1: warning: ignoring attribute 'section (".ext_ram.bss.33")' because it conflicts with previous 'section (".ext_ram.bss.6")' [-Wattributes]
  136 | EXT_RAM_BSS_ATTR        Str_in_point                    inputs[MAX_INS];// _at_ 0x20000;
      | ^~~~~~~~~~~~~~~~
/home/lenovo/esp-idf-v5.5.3/components/temco_bacnet/private/user_data.h:384:39: note: previous declaration here
  384 | extern EXT_RAM_BSS_ATTR Str_in_point  inputs[MAX_INS];
      |                                       ^~~~~~
/home/lenovo/esp-idf-v5.5.3/components/temco_bacnet/private/user_data.c:137:1: warning: ignoring attribute 'section (".ext_ram.bss.34")' because it conflicts with previous 'section (".ext_ram.bss.7")' [-Wattributes]
  137 | EXT_RAM_BSS_ATTR        Str_out_point                   outputs[MAX_OUTS];//_at_ 0x22000;
      | ^~~~~~~~~~~~~~~~
/home/lenovo/esp-idf-v5.5.3/components/temco_bacnet/private/user_data.h:385:41: note: previous declaration here
  385 | extern EXT_RAM_BSS_ATTR Str_out_point   outputs[MAX_OUTS];
      |                                         ^~~~~~~
/home/lenovo/esp-idf-v5.5.3/components/temco_bacnet/private/user_data.c:138:1: warning: ignoring attribute 'section (".ext_ram.bss.35")' because it conflicts with previous 'section (".ext_ram.bss.14")' [-Wattributes]
  138 | EXT_RAM_BSS_ATTR        Str_variable_point              vars[MAX_VARS];// _at_ 0x18000;
      | ^~~~~~~~~~~~~~~~
/home/lenovo/esp-idf-v5.5.3/components/temco_bacnet/private/user_data.h:428:74: note: previous declaration here
  428 | extern EXT_RAM_BSS_ATTR Str_variable_point                               vars[MAX_VARS];
      |                                                                          ^~~~
/home/lenovo/esp-idf-v5.5.3/components/temco_bacnet/private/user_data.c:147:1: warning: ignoring attribute 'section (".ext_ram.bss.36")' because it conflicts with previous 'section (".ext_ram.bss.10")' [-Wattributes]
  147 | EXT_RAM_BSS_ATTR S8_T                                                           var_unit[MAX_VAR_UNIT][VAR_UNIT_SIZE];
      | ^~~~~~~~~~~~~~~~
/home/lenovo/esp-idf-v5.5.3/components/temco_bacnet/private/user_data.h:404:32: note: previous declaration here
  404 | extern EXT_RAM_BSS_ATTR S8_T   var_unit[MAX_VAR_UNIT][VAR_UNIT_SIZE];
      |                                ^~~~~~~~
/home/lenovo/esp-idf-v5.5.3/components/temco_bacnet/private/user_data.c:150:1: warning: ignoring attribute 'section (".ext_ram.bss.37")' because it conflicts with previous 'section (".ext_ram.bss.5")' [-Wattributes]
  150 | EXT_RAM_BSS_ATTR Str_Special                                            Write_Special;
      | ^~~~~~~~~~~~~~~~
/home/lenovo/esp-idf-v5.5.3/components/temco_bacnet/private/user_data.h:378:38: note: previous declaration here
  378 | extern EXT_RAM_BSS_ATTR Str_Special  Write_Special;
      |                                      ^~~~~~~~~~~~~
/home/lenovo/esp-idf-v5.5.3/components/temco_bacnet/private/user_data.c:151:1: warning: ignoring attribute 'section (".ext_ram.bss.38")' because it conflicts with previous 'section (".ext_ram.bss.4")' [-Wattributes]
  151 | EXT_RAM_BSS_ATTR Str_MISC                                               MISC_Info;
      | ^~~~~~~~~~~~~~~~
/home/lenovo/esp-idf-v5.5.3/components/temco_bacnet/private/user_data.h:377:89: note: previous declaration here
  377 | extern EXT_RAM_BSS_ATTR Str_MISC                                                        MISC_Info;
      |                                                                                         ^~~~~~~~~
/home/lenovo/esp-idf-v5.5.3/components/temco_bacnet/private/user_data.c:152:1: warning: ignoring attribute 'section (".ext_ram.bss.39")' because it conflicts with previous 'section (".ext_ram.bss.1")' [-Wattributes]
  152 | EXT_RAM_BSS_ATTR Str_Remote_TstDB                       Remote_tst_db;// _at_ 0x10000;
      | ^~~~~~~~~~~~~~~~
/home/lenovo/esp-idf-v5.5.3/components/temco_bacnet/private/user_data.h:374:49: note: previous declaration here
  374 | extern EXT_RAM_BSS_ATTR Str_Remote_TstDB        Remote_tst_db;
      |                                                 ^~~~~~~~~~~~~
/home/lenovo/esp-idf-v5.5.3/components/temco_bacnet/private/user_data.c:153:1: warning: ignoring attribute 'section (".ext_ram.bss.40")' because it conflicts with previous 'section (".ext_ram.bss.2")' [-Wattributes]
  153 | EXT_RAM_BSS_ATTR Str_Panel_Info                                         Panel_Info;
      | ^~~~~~~~~~~~~~~~
/home/lenovo/esp-idf-v5.5.3/components/temco_bacnet/private/user_data.h:375:57: note: previous declaration here
  375 | extern EXT_RAM_BSS_ATTR Str_Panel_Info                  Panel_Info;
      |                                                         ^~~~~~~~~~
/home/lenovo/esp-idf-v5.5.3/components/temco_bacnet/private/user_data.c:154:1: warning: ignoring attribute 'section (".ext_ram.bss.41")' because it conflicts with previous 'section (".ext_ram.bss.3")' [-Wattributes]
  154 | EXT_RAM_BSS_ATTR Str_Setting_Info                               Setting_Info;
      | ^~~~~~~~~~~~~~~~
/home/lenovo/esp-idf-v5.5.3/components/temco_bacnet/private/user_data.h:376:57: note: previous declaration here
  376 | extern EXT_RAM_BSS_ATTR Str_Setting_Info                Setting_Info;
      |                                                         ^~~~~~~~~~~~
/home/lenovo/esp-idf-v5.5.3/components/temco_bacnet/private/user_data.c:163:1: warning: ignoring attribute 'section (".ext_ram.bss.42")' because it conflicts with previous 'section (".ext_ram.bss.9")' [-Wattributes]
  163 | EXT_RAM_BSS_ATTR Mon_Data                                                       *Graphi_data;
      | ^~~~~~~~~~~~~~~~
/home/lenovo/esp-idf-v5.5.3/components/temco_bacnet/private/user_data.h:401:74: note: previous declaration here
  401 | extern EXT_RAM_BSS_ATTR Mon_Data                                        *Graphi_data;
      |                                                                          ^~~~~~~~~~~
/home/lenovo/esp-idf-v5.5.3/components/temco_bacnet/private/user_data.c:171:1: warning: ignoring attribute 'section (".ext_ram.bss.47")' because it conflicts with previous 'section (".ext_ram.bss.12")' [-Wattributes]
  171 | EXT_RAM_BSS_ATTR Units_element                                  digi_units[MAX_DIG_UNIT];
      | ^~~~~~~~~~~~~~~~
/home/lenovo/esp-idf-v5.5.3/components/temco_bacnet/private/user_data.h:422:82: note: previous declaration here
  422 | extern EXT_RAM_BSS_ATTR Units_element                                            digi_units[MAX_DIG_UNIT];
      |                                                                                  ^~~~~~~~~~
/home/lenovo/esp-idf-v5.5.3/components/temco_bacnet/private/user_data.c:173:1: warning: ignoring attribute 'section (".ext_ram.bss.48")' because it conflicts with previous 'section (".ext_ram.bss.13")' [-Wattributes]
  173 | EXT_RAM_BSS_ATTR Password_point                                         passwords[ MAX_PASSW ];
      | ^~~~~~~~~~~~~~~~
/home/lenovo/esp-idf-v5.5.3/components/temco_bacnet/private/user_data.h:424:81: note: previous declaration here
  424 | extern EXT_RAM_BSS_ATTR Password_point                                          passwords[ MAX_PASSW ];
      |                                                                                 ^~~~~~~~~
/home/lenovo/esp-idf-v5.5.3/components/temco_bacnet/private/user_data.c:174:1: warning: ignoring attribute 'section (".ext_ram.bss.49")' because it conflicts with previous 'section (".ext_ram.bss.26")' [-Wattributes]
  174 | EXT_RAM_BSS_ATTR Str_program_point                              programs[MAX_PRGS];// _at_ 0x24000;
      | ^~~~~~~~~~~~~~~~
/home/lenovo/esp-idf-v5.5.3/components/temco_bacnet/private/user_data.h:455:74: note: previous declaration here
  455 | extern EXT_RAM_BSS_ATTR Str_program_point                                programs[MAX_PRGS];
      |                                                                          ^~~~~~~~
/home/lenovo/esp-idf-v5.5.3/components/temco_bacnet/private/user_data.c:175:1: warning: ignoring attribute 'section (".ext_ram.bss.50")' because it conflicts with previous 'section (".ext_ram.bss.15")' [-Wattributes]
  175 | EXT_RAM_BSS_ATTR Str_controller_point                           controllers[MAX_CONS];// _at_ 0x25000;
      | ^~~~~~~~~~~~~~~~
/home/lenovo/esp-idf-v5.5.3/components/temco_bacnet/private/user_data.h:429:74: note: previous declaration here
  429 | extern EXT_RAM_BSS_ATTR Str_controller_point                             controllers[MAX_CONS];
      |                                                                          ^~~~~~~~~~~
/home/lenovo/esp-idf-v5.5.3/components/temco_bacnet/private/user_data.c:176:1: warning: ignoring attribute 'section (".ext_ram.bss.51")' because it conflicts with previous 'section (".ext_ram.bss.16")' [-Wattributes]
  176 | EXT_RAM_BSS_ATTR Str_totalizer_point                    totalizers[MAX_TOTALIZERS];// _at_ 0x12500;
      | ^~~~~~~~~~~~~~~~
/home/lenovo/esp-idf-v5.5.3/components/temco_bacnet/private/user_data.h:430:55: note: previous declaration here
  430 | extern EXT_RAM_BSS_ATTR Str_totalizer_point           totalizers[MAX_TOTALIZERS];
      |                                                       ^~~~~~~~~~
/home/lenovo/esp-idf-v5.5.3/components/temco_bacnet/private/user_data.c:179:1: warning: ignoring attribute 'section (".ext_ram.bss.53")' because it conflicts with previous 'section (".ext_ram.bss.17")' [-Wattributes]
  179 | EXT_RAM_BSS_ATTR Str_monitor_point                                      monitors[MAX_MONITORS];// _at_ 0x12800;
      | ^~~~~~~~~~~~~~~~
/home/lenovo/esp-idf-v5.5.3/components/temco_bacnet/private/user_data.h:431:90: note: previous declaration here
  431 | extern EXT_RAM_BSS_ATTR Str_monitor_point                                                monitors[MAX_MONITORS];
      |                                                                                          ^~~~~~~~
/home/lenovo/esp-idf-v5.5.3/components/temco_bacnet/private/user_data.c:180:1: warning: ignoring attribute 'section (".ext_ram.bss.54")' because it conflicts with previous 'section (".ext_ram.bss.18")' [-Wattributes]
  180 | EXT_RAM_BSS_ATTR Str_monitor_point                                      backup_monitors[MAX_MONITORS];// _at_ 0x2e000;
      | ^~~~~~~~~~~~~~~~
/home/lenovo/esp-idf-v5.5.3/components/temco_bacnet/private/user_data.h:432:81: note: previous declaration here
  432 | extern EXT_RAM_BSS_ATTR Str_monitor_point                                       backup_monitors[MAX_MONITORS]/* _at_ 0x12800*/;
      |                                                                                 ^~~~~~~~~~~~~~~
/home/lenovo/esp-idf-v5.5.3/components/temco_bacnet/private/user_data.c:192:1: warning: ignoring attribute 'section (".ext_ram.bss.55")' because it conflicts with previous 'section (".ext_ram.bss.19")' [-Wattributes]
  192 | EXT_RAM_BSS_ATTR Control_group_point                    control_groups[MAX_GRPS];// _at_ 0x14000;
      | ^~~~~~~~~~~~~~~~
/home/lenovo/esp-idf-v5.5.3/components/temco_bacnet/private/user_data.h:435:73: note: previous declaration here
  435 | extern EXT_RAM_BSS_ATTR Control_group_point                             control_groups[MAX_GRPS];
      |                                                                         ^~~~~~~~~~~~~~
/home/lenovo/esp-idf-v5.5.3/components/temco_bacnet/private/user_data.c:195:1: warning: ignoring attribute 'section (".ext_ram.bss.56")' because it conflicts with previous 'section (".ext_ram.bss.20")' [-Wattributes]
  195 | EXT_RAM_BSS_ATTR Str_grp_element_new            group_data_new;
      | ^~~~~~~~~~~~~~~~
/home/lenovo/esp-idf-v5.5.3/components/temco_bacnet/private/user_data.h:437:57: note: previous declaration here
  437 | extern EXT_RAM_BSS_ATTR Str_grp_element_new             group_data_new;
      |                                                         ^~~~~~~~~~~~~~
/home/lenovo/esp-idf-v5.5.3/components/temco_bacnet/private/user_data.c:201:1: warning: ignoring attribute 'section (".ext_ram.bss.57")' because it conflicts with previous 'section (".ext_ram.bss.21")' [-Wattributes]
  201 | EXT_RAM_BSS_ATTR Str_weekly_routine_point       far             weekly_routines[MAX_WR];//_at_ 0x28000; // _at_ 0x15200;
      | ^~~~~~~~~~~~~~~~
/home/lenovo/esp-idf-v5.5.3/components/temco_bacnet/private/user_data.h:449:66: note: previous declaration here
  449 | extern EXT_RAM_BSS_ATTR Str_weekly_routine_point                 weekly_routines[MAX_WR] ;
      |                                                                  ^~~~~~~~~~~~~~~
/home/lenovo/esp-idf-v5.5.3/components/temco_bacnet/private/user_data.c:202:1: warning: ignoring attribute 'section (".ext_ram.bss.58")' because it conflicts with previous 'section (".ext_ram.bss.22")' [-Wattributes]
  202 | EXT_RAM_BSS_ATTR Wr_one_day                                     far             wr_times[MAX_WR][MAX_SCHEDULES_PER_WEEK];//_at_ 0x29000 ;//_at_ 0x16000;
      | ^~~~~~~~~~~~~~~~
/home/lenovo/esp-idf-v5.5.3/components/temco_bacnet/private/user_data.h:450:81: note: previous declaration here
  450 | extern EXT_RAM_BSS_ATTR Wr_one_day                                              wr_times[MAX_WR][MAX_SCHEDULES_PER_WEEK];
      |                                                                                 ^~~~~~~~
/home/lenovo/esp-idf-v5.5.3/components/temco_bacnet/private/user_data.c:203:1: warning: ignoring attribute 'section (".ext_ram.bss.59")' because it conflicts with previous 'section (".ext_ram.bss.25")' [-Wattributes]
  203 | EXT_RAM_BSS_ATTR U8_T  wr_time_on_off[MAX_WR][MAX_SCHEDULES_PER_WEEK][8];
      | ^~~~~~~~~~~~~~~~
/home/lenovo/esp-idf-v5.5.3/components/temco_bacnet/private/user_data.h:453:35: note: previous declaration here
  453 | extern EXT_RAM_BSS_ATTR U8_T      wr_time_on_off[MAX_WR][MAX_SCHEDULES_PER_WEEK][8];
      |                                   ^~~~~~~~~~~~~~
/home/lenovo/esp-idf-v5.5.3/components/temco_bacnet/private/user_data.c:204:1: warning: ignoring attribute 'section (".ext_ram.bss.60")' because it conflicts with previous 'section (".ext_ram.bss.23")' [-Wattributes]
  204 | EXT_RAM_BSS_ATTR Str_annual_routine_point       far             annual_routines[MAX_AR];// _at_ 0x2a000;//_at_ 0x16500;
      | ^~~~~~~~~~~~~~~~
/home/lenovo/esp-idf-v5.5.3/components/temco_bacnet/private/user_data.h:451:66: note: previous declaration here
  451 | extern EXT_RAM_BSS_ATTR Str_annual_routine_point                 annual_routines[MAX_AR];
      |                                                                  ^~~~~~~~~~~~~~~
/home/lenovo/esp-idf-v5.5.3/components/temco_bacnet/private/user_data.c:205:1: warning: ignoring attribute 'section (".ext_ram.bss.61")' because it conflicts with previous 'section (".ext_ram.bss.24")' [-Wattributes]
  205 | EXT_RAM_BSS_ATTR U8_T                                        ar_dates[MAX_AR][AR_DATES_SIZE];//_at_ 0x2b000 ;//_at_ 0x17000;
      | ^~~~~~~~~~~~~~~~
/home/lenovo/esp-idf-v5.5.3/components/temco_bacnet/private/user_data.h:452:54: note: previous declaration here
  452 | extern EXT_RAM_BSS_ATTR U8_T                         ar_dates[MAX_AR][AR_DATES_SIZE];
      |                                                      ^~~~~~~~
/home/lenovo/esp-idf-v5.5.3/components/temco_bacnet/private/user_data.c:216:1: warning: ignoring attribute 'section (".ext_ram.bss.62")' because it conflicts with previous 'section (".ext_ram.bss.27")' [-Wattributes]
  216 | EXT_RAM_BSS_ATTR U8_T                                                   prg_code[MAX_PRGS][CODE_ELEMENT * MAX_CODE];// _at_ 0x8000;
      | ^~~~~~~~~~~~~~~~
/home/lenovo/esp-idf-v5.5.3/components/temco_bacnet/private/user_data.h:457:81: note: previous declaration here
  457 | extern EXT_RAM_BSS_ATTR U8_T                                                    prg_code[MAX_PRGS][MAX_CODE * CODE_ELEMENT];
      |                                                                                 ^~~~~~~~
/home/lenovo/esp-idf-v5.5.3/components/temco_bacnet/private/user_data.c:233:1: warning: ignoring attribute 'section (".ext_ram.bss.63")' because it conflicts with previous 'section (".ext_ram.bss.29")' [-Wattributes]
  233 | EXT_RAM_BSS_ATTR NETWORK_POINTS                  network_points_list[MAXNETWORKPOINTS];  /* points wanted by others */
      | ^~~~~~~~~~~~~~~~
/home/lenovo/esp-idf-v5.5.3/components/temco_bacnet/private/user_data.h:487:58: note: previous declaration here
  487 | extern EXT_RAM_BSS_ATTR NETWORK_POINTS                   network_points_list[MAXNETWORKPOINTS];  /* points wanted by others */
      |                                                          ^~~~~~~~~~~~~~~~~~~
/home/lenovo/esp-idf-v5.5.3/components/temco_bacnet/private/user_data.c:237:1: warning: ignoring attribute 'section (".ext_ram.bss.64")' because it conflicts with previous 'section (".ext_ram.bss.30")' [-Wattributes]
  237 | EXT_RAM_BSS_ATTR REMOTE_POINTS                            remote_points_list[MAXREMOTEPOINTS];
      | ^~~~~~~~~~~~~~~~
/home/lenovo/esp-idf-v5.5.3/components/temco_bacnet/private/user_data.h:491:67: note: previous declaration here
  491 | extern EXT_RAM_BSS_ATTR REMOTE_POINTS                             remote_points_list[MAXREMOTEPOINTS];
      |                                                                   ^~~~~~~~~~~~~~~~~~
/home/lenovo/esp-idf-v5.5.3/components/temco_bacnet/private/user_data.c:251:1: warning: ignoring attribute 'section (".ext_ram.bss.66")' because it conflicts with previous 'section (".ext_ram.bss.31")' [-Wattributes]
  251 | EXT_RAM_BSS_ATTR STR_REMOTE_PANEL_DB  remote_panel_db[MAX_REMOTE_PANEL_NUMBER];
      | ^~~~~~~~~~~~~~~~
/home/lenovo/esp-idf-v5.5.3/components/temco_bacnet/private/user_data.h:504:46: note: previous declaration here
  504 | extern EXT_RAM_BSS_ATTR STR_REMOTE_PANEL_DB  remote_panel_db[MAX_REMOTE_PANEL_NUMBER];
      |                                              ^~~~~~~~~~~~~~~
/home/lenovo/esp-idf-v5.5.3/components/temco_bacnet/private/user_data.c: In function 'init_info_table':
/home/lenovo/esp-idf-v5.5.3/components/temco_bacnet/private/user_data.c:301:16: warning: unused variable 'pt1' [-Wunused-variable]
  301 |         Point *pt1 = NULL;
      |                ^~~
/home/lenovo/esp-idf-v5.5.3/components/temco_bacnet/private/user_data.c: In function 'init_panel':
/home/lenovo/esp-idf-v5.5.3/components/temco_bacnet/private/user_data.c:529:23: warning: comparison is always true due to limited range of data type [-Wtype-limits]
  529 |                 if((i >= 0) && (i < 12))
      |                       ^~
/home/lenovo/esp-idf-v5.5.3/components/temco_bacnet/private/user_data.c:415:15: warning: unused variable 'temp' [-Wunused-variable]
  415 |         uint8 temp[2];
      |               ^~~~
/home/lenovo/esp-idf-v5.5.3/components/temco_bacnet/private/user_data.c: In function 'Sync_Panel_Info':
/home/lenovo/esp-idf-v5.5.3/components/temco_bacnet/private/user_data.c:777:15: warning: unused variable 'temp' [-Wunused-variable]
  777 |         uint8 temp[2];
      |               ^~~~
/home/lenovo/esp-idf-v5.5.3/components/temco_bacnet/private/user_data.c: In function 'Send_whois_to_mstp':
/home/lenovo/esp-idf-v5.5.3/components/temco_bacnet/private/user_data.c:980:14: warning: unused variable 'count' [-Wunused-variable]
  980 |         U8_T count;
      |              ^~~~~
/home/lenovo/esp-idf-v5.5.3/components/temco_bacnet/private/user_data.c: In function 'find_network_point':
/home/lenovo/esp-idf-v5.5.3/components/temco_bacnet/private/user_data.c:1668:14: warning: unused variable 'flag' [-Wunused-variable]
 1668 |         U8_T flag;
      |              ^~~~
/home/lenovo/esp-idf-v5.5.3/components/temco_bacnet/private/user_data.c: In function 'find_remote_point':
/home/lenovo/esp-idf-v5.5.3/components/temco_bacnet/private/user_data.c:1703:14: warning: unused variable 'flag' [-Wunused-variable]
 1703 |         U8_T flag;
      |              ^~~~
/home/lenovo/esp-idf-v5.5.3/components/temco_bacnet/private/user_data.c: In function 'find_local_point':
/home/lenovo/esp-idf-v5.5.3/components/temco_bacnet/private/user_data.c:1734:14: warning: unused variable 'flag' [-Wunused-variable]
 1734 |         U8_T flag;
      |              ^~~~
/home/lenovo/esp-idf-v5.5.3/components/temco_bacnet/private/user_data.c: In function 'check_remote_point_list':
/home/lenovo/esp-idf-v5.5.3/components/temco_bacnet/private/user_data.c:1800:33: warning: unused variable 'object_type' [-Wunused-variable]
 1800 |                         uint8_t object_type;
      |                                 ^~~~~~~~~~~
/home/lenovo/esp-idf-v5.5.3/components/temco_bacnet/private/user_data.c: In function 'insert_local_point':
/home/lenovo/esp-idf-v5.5.3/components/temco_bacnet/private/user_data.c:2048:14: warning: unused variable 'point_type' [-Wunused-variable]
 2048 |         U8_T point_type;
      |              ^~~~~~~~~~
/home/lenovo/esp-idf-v5.5.3/components/temco_bacnet/private/user_data.c: In function 'insert_remote_point':
/home/lenovo/esp-idf-v5.5.3/components/temco_bacnet/private/user_data.c:2123:47: warning: unused variable 'addr' [-Wunused-variable]
 2123 |                                         U8_T *addr;
      |                                               ^~~~
/home/lenovo/esp-idf-v5.5.3/components/temco_bacnet/private/user_data.c: In function 'Test_Array':
/home/lenovo/esp-idf-v5.5.3/components/temco_bacnet/private/user_data.c:2964:15: warning: unused variable 'p' [-Wunused-variable]
 2964 |         long *p;
      |               ^
/home/lenovo/esp-idf-v5.5.3/components/temco_bacnet/private/user_data.c: In function 'put_net_point_value':
/home/lenovo/esp-idf-v5.5.3/components/temco_bacnet/private/user_data.c:3029:38: warning: unused variable 'flag' [-Wunused-variable]
 3029 |                                 U8_T flag;
      |                                      ^~~~
/home/lenovo/esp-idf-v5.5.3/components/temco_bacnet/private/user_data.c:2991:15: warning: unused variable 'reg' [-Wunused-variable]
 2991 |         U16_T reg = 0;
      |               ^~~
/home/lenovo/esp-idf-v5.5.3/components/temco_bacnet/private/user_data.c: In function 'Write_SD':
/home/lenovo/esp-idf-v5.5.3/components/temco_bacnet/private/user_data.c:4336:15: warning: unused variable 'file_index' [-Wunused-variable]
 4336 |         uint8 file_index;  // range is  0 - 23
      |               ^~~~~~~~~~
/home/lenovo/esp-idf-v5.5.3/components/temco_bacnet/private/user_data.c:4334:15: warning: unused variable 'ret' [-Wunused-variable]
 4334 |         uint8 ret;//, loop = 50;
      |               ^~~
/home/lenovo/esp-idf-v5.5.3/components/temco_bacnet/private/user_data.c: In function 'Read_SD':
/home/lenovo/esp-idf-v5.5.3/components/temco_bacnet/private/user_data.c:4352:17: warning: unused variable 'file_index' [-Wunused-variable]
 4352 |         uint8_t file_index;
      |                 ^~~~~~~~~~
/home/lenovo/esp-idf-v5.5.3/components/temco_bacnet/private/user_data.c:4351:15: warning: unused variable 'ret' [-Wunused-variable]
 4351 |         uint8 ret;
      |               ^~~
[1082/1450] Linking C static library esp-idf/espressif__esp_diagnostics/libespressif__esp_diagnostics.a
[1083/1450] Building C object esp-idf/espressif__cbor/CMakeFiles/__idf_espressif__cbor.dir/tinycbor/src/cborvalidation.c.obj
[1084/1450] Building C object esp-idf/espressif__cbor/CMakeFiles/__idf_espressif__cbor.dir/tinycbor/src/cborparser.c.obj
[1085/1450] Building C object esp-idf/espressif__cbor/CMakeFiles/__idf_espressif__cbor.dir/tinycbor/src/cborpretty.c.obj
[1086/1450] Linking C static library esp-idf/temco_bacnet/libtemco_bacnet.a
[1087/1450] Building C object esp-idf/espressif__esp_diag_data_store/CMakeFiles/__idf_espressif__esp_diag_data_store.dir/src/rtc_store/rtc_store.c.obj
[1088/1450] Linking C static library esp-idf/espressif__esp_diag_data_store/libespressif__esp_diag_data_store.a
[1089/1450] Building C object esp-idf/espressif__mdns/CMakeFiles/__idf_espressif__mdns.dir/mdns_utils.c.obj
[1090/1450] Building C object esp-idf/espressif__cbor/CMakeFiles/__idf_espressif__cbor.dir/tinycbor/src/cbortojson.c.obj
[1091/1450] Linking C static library esp-idf/espressif__cbor/libespressif__cbor.a
[1092/1450] Generating ../../https_server.crt.S
[1093/1450] Building C object esp-idf/espressif__mdns/CMakeFiles/__idf_espressif__mdns.dir/mdns_service.c.obj
[1094/1450] Building C object esp-idf/espressif__mdns/CMakeFiles/__idf_espressif__mdns.dir/mdns_debug.c.obj
[1095/1450] Building C object esp-idf/espressif__esp_insights/CMakeFiles/__idf_espressif__esp_insights.dir/src/esp_insights_encoder.c.obj
[1096/1450] Building C object esp-idf/espressif__esp_insights/CMakeFiles/__idf_espressif__esp_insights.dir/src/esp_insights_cmd_resp.c.obj
[1097/1450] Building C object esp-idf/espressif__esp_insights/CMakeFiles/__idf_espressif__esp_insights.dir/src/esp_insights.c.obj
[1098/1450] Building C object esp-idf/espressif__mdns/CMakeFiles/__idf_espressif__mdns.dir/mdns_browser.c.obj
[1099/1450] Building C object esp-idf/espressif__mdns/CMakeFiles/__idf_espressif__mdns.dir/mdns_netif.c.obj
[1100/1450] Building ASM object esp-idf/espressif__esp_insights/CMakeFiles/__idf_espressif__esp_insights.dir/__/__/https_server.crt.S.obj
[1101/1450] Building C object esp-idf/espressif__mdns/CMakeFiles/__idf_espressif__mdns.dir/mdns_querier.c.obj
[1102/1450] Building C object esp-idf/espressif__esp_insights/CMakeFiles/__idf_espressif__esp_insights.dir/src/esp_insights_transport.c.obj
[1103/1450] Building C object esp-idf/espressif__esp_insights/CMakeFiles/__idf_espressif__esp_insights.dir/src/esp_insights_client_data.c.obj
[1104/1450] Building C object esp-idf/espressif__mdns/CMakeFiles/__idf_espressif__mdns.dir/mdns_receive.c.obj
[1105/1450] Building C object esp-idf/espressif__esp_insights/CMakeFiles/__idf_espressif__esp_insights.dir/src/transport/esp_insights_https.c.obj
[1106/1450] Building C object esp-idf/espressif__mdns/CMakeFiles/__idf_espressif__mdns.dir/mdns_mem_caps.c.obj
[1107/1450] Building C object esp-idf/espressif__esp-serial-flasher/CMakeFiles/__idf_espressif__esp-serial-flasher.dir/src/slip.c.obj
[1108/1450] Building C object esp-idf/espressif__esp_insights/CMakeFiles/__idf_espressif__esp_insights.dir/src/esp_insights_cbor_encoder.c.obj
[1109/1450] Building C object esp-idf/espressif__mdns/CMakeFiles/__idf_espressif__mdns.dir/mdns_responder.c.obj
[1110/1450] Building C object esp-idf/espressif__mdns/CMakeFiles/__idf_espressif__mdns.dir/mdns_pcb.c.obj
[1111/1450] Building C object esp-idf/espressif__esp-serial-flasher/CMakeFiles/__idf_espressif__esp-serial-flasher.dir/src/esp_loader.c.obj
[1112/1450] Building C object esp-idf/espressif__esp_insights/CMakeFiles/__idf_espressif__esp_insights.dir/src/esp_insights_cbor_decoder.c.obj
[1113/1450] Building C object esp-idf/espressif__mdns/CMakeFiles/__idf_espressif__mdns.dir/mdns_networking_lwip.c.obj
[1114/1450] Building C object esp-idf/espressif__esp-serial-flasher/CMakeFiles/__idf_espressif__esp-serial-flasher.dir/src/esp_targets.c.obj
[1115/1450] Linking C static library esp-idf/espressif__esp_insights/libespressif__esp_insights.a
[1116/1450] Building C object esp-idf/espressif__mdns/CMakeFiles/__idf_espressif__mdns.dir/mdns_send.c.obj
[1117/1450] Building C object esp-idf/espressif__esp-serial-flasher/CMakeFiles/__idf_espressif__esp-serial-flasher.dir/src/md5_hash.c.obj
[1118/1450] Building C object esp-idf/espressif__esp-serial-flasher/CMakeFiles/__idf_espressif__esp-serial-flasher.dir/port/esp32_port.c.obj
[1119/1450] Building C object esp-idf/espressif__esp-serial-flasher/CMakeFiles/__idf_espressif__esp-serial-flasher.dir/src/protocol.c.obj
[1120/1450] Linking C static library esp-idf/espressif__esp-serial-flasher/libespressif__esp-serial-flasher.a
[1121/1450] Building C object esp-idf/espressif__esp_secure_cert_mgr/CMakeFiles/__idf_espressif__esp_secure_cert_mgr.dir/srcs/esp_secure_cert_crypto.c.obj
[1122/1450] Building C object esp-idf/espressif__led_strip/CMakeFiles/__idf_espressif__led_strip.dir/src/led_strip_rmt_encoder.c.obj
[1123/1450] Building C object esp-idf/espressif__esp_rcp_update/CMakeFiles/__idf_espressif__esp_rcp_update.dir/src/esp_rcp_ota.c.obj
[1124/1450] Building C object esp-idf/led_driver/CMakeFiles/__idf_led_driver.dir/gpio/led_driver.c.obj
[1125/1450] Building C object esp-idf/espressif__esp_rcp_update/CMakeFiles/__idf_espressif__esp_rcp_update.dir/src/esp_rcp_update.c.obj
[1126/1450] Building C object esp-idf/espressif__esp_secure_cert_mgr/CMakeFiles/__idf_espressif__esp_secure_cert_mgr.dir/srcs/esp_secure_cert_tlv_read.c.obj
[1127/1450] Building C object esp-idf/led_driver/CMakeFiles/__idf_led_driver.dir/utils/color_format.c.obj
[1128/1450] Linking C static library esp-idf/espressif__esp_rcp_update/libespressif__esp_rcp_update.a
[1129/1450] Building C object esp-idf/espressif__esp_secure_cert_mgr/CMakeFiles/__idf_espressif__esp_secure_cert_mgr.dir/srcs/esp_secure_cert_tlv_write.c.obj
[1130/1450] Linking C static library esp-idf/espressif__esp_secure_cert_mgr/libespressif__esp_secure_cert_mgr.a
[1131/1450] Building C object esp-idf/device/CMakeFiles/__idf_device.dir/esp32_devkit_c/device.c.obj
[1132/1450] Building C object esp-idf/espressif__led_strip/CMakeFiles/__idf_espressif__led_strip.dir/src/led_strip_rmt_dev.c.obj
[1133/1450] Building C object esp-idf/espressif__led_strip/CMakeFiles/__idf_espressif__led_strip.dir/src/led_strip_api.c.obj
[1134/1450] Building C object esp-idf/espressif__mdns/CMakeFiles/__idf_espressif__mdns.dir/mdns_console.c.obj
[1135/1450] Building C object esp-idf/espressif__led_strip/CMakeFiles/__idf_espressif__led_strip.dir/src/led_strip_spi_dev.c.obj
[1136/1450] Linking C static library esp-idf/espressif__mdns/libespressif__mdns.a
[1137/1450] Linking C static library esp-idf/espressif__led_strip/libespressif__led_strip.a
[1138/1450] Linking C static library esp-idf/esp_local_ctrl/libesp_local_ctrl.a
[1139/1450] Linking C static library esp-idf/led_driver/libled_driver.a
[1140/1450] Building C object esp-idf/espressif__json_generator/CMakeFiles/__idf_espressif__json_generator.dir/src/json_generator.c.obj
[1141/1450] Linking C static library esp-idf/device/libdevice.a
[1142/1450] Linking C static library esp-idf/espressif__json_generator/libespressif__json_generator.a
[1143/1450] Building C object esp-idf/espressif__json_parser/CMakeFiles/__idf_espressif__json_parser.dir/src/json_parser.c.obj
[1144/1450] Linking C static library esp-idf/espressif__json_parser/libespressif__json_parser.a
[1145/1450] Performing build step for 'chip_gn'
[1/341] ACTION //third_party/connectedhomeip/src/access:gen_access_buildconfig(//third_party/connectedhomeip/config/esp32/toolchain:esp32)
[2/341] ACTION //third_party/connectedhomeip/src/inet:gen_inet_buildconfig(//third_party/connectedhomeip/config/esp32/toolchain:esp32)
[3/341] ACTION //third_party/connectedhomeip/src/app:gen_app_buildconfig(//third_party/connectedhomeip/config/esp32/toolchain:esp32)
[4/341] ACTION //third_party/connectedhomeip/src/app/icd/server:gen_icd-server-buildconfig(//third_party/connectedhomeip/config/esp32/toolchain:esp32)
[5/341] ACTION //third_party/connectedhomeip/src/ble:gen_ble_buildconfig(//third_party/connectedhomeip/config/esp32/toolchain:esp32)
[6/341] ACTION //third_party/connectedhomeip/src/crypto:gen_crypto_buildconfig(//third_party/connectedhomeip/config/esp32/toolchain:esp32)
[7/341] ACTION //third_party/connectedhomeip/src/lib/dnssd/minimal_mdns:gen_buildconfig(//third_party/connectedhomeip/config/esp32/toolchain:esp32)
[8/341] ACTION //third_party/connectedhomeip/src/data-model-providers/codegen:gen_processing-buildconfig(//third_party/connectedhomeip/config/esp32/toolchain:esp32)
[9/341] ACTION //third_party/connectedhomeip/src/credentials:gen_build_time_header(//third_party/connectedhomeip/config/esp32/toolchain:esp32)
[10/341] ACTION //third_party/connectedhomeip/src/lib/core:gen_chip_buildconfig(//third_party/connectedhomeip/config/esp32/toolchain:esp32)
[11/341] ACTION //third_party/connectedhomeip/src/platform:gen_platform_buildconfig(//third_party/connectedhomeip/config/esp32/toolchain:esp32)
[12/341] ACTION //third_party/connectedhomeip/src/lib/asn1:gen_asn1oid(//third_party/connectedhomeip/config/esp32/toolchain:esp32)
[13/341] ACTION //third_party/connectedhomeip/src/lib/support:gen_chip_version(//third_party/connectedhomeip/config/esp32/toolchain:esp32)
[14/341] ACTION //third_party/connectedhomeip/src/tracing:gen_tracing_buildconfig(//third_party/connectedhomeip/config/esp32/toolchain:esp32)
[15/341] ACTION //third_party/connectedhomeip/src/lwip:gen_lwip_buildconfig(//third_party/connectedhomeip/config/esp32/toolchain:esp32)
[16/341] ACTION //third_party/connectedhomeip/src/setup_payload:gen_additional_data_payload_buildconfig(//third_party/connectedhomeip/config/esp32/toolchain:esp32)
[17/341] ACTION //third_party/connectedhomeip/src/system:gen_system_buildconfig(//third_party/connectedhomeip/config/esp32/toolchain:esp32)
[18/341] c++ obj/third_party/connectedhomeip/src/app/MessageDef/MessageDef.StructBuilder.cpp.o
[19/341] c++ obj/third_party/connectedhomeip/src/app/MessageDef/MessageDef.Parser.cpp.o
[20/341] c++ obj/third_party/connectedhomeip/src/app/MessageDef/MessageDef.ReportDataMessage.cpp.o
[21/341] c++ obj/third_party/connectedhomeip/src/app/MessageDef/MessageDef.StatusIB.cpp.o
[22/341] c++ obj/third_party/connectedhomeip/src/app/MessageDef/MessageDef.StructParser.cpp.o
[23/341] c++ obj/third_party/connectedhomeip/src/app/MessageDef/MessageDef.ReadRequestMessage.cpp.o
[24/341] c++ obj/third_party/connectedhomeip/src/app/MessageDef/MessageDef.StatusResponseMessage.cpp.o
[25/341] c++ obj/third_party/connectedhomeip/src/app/MessageDef/MessageDef.InvokeRequests.cpp.o
[26/341] c++ obj/third_party/connectedhomeip/src/app/MessageDef/MessageDef.InvokeRequestMessage.cpp.o
[27/341] c++ obj/third_party/connectedhomeip/src/app/MessageDef/MessageDef.EventStatusIB.cpp.o
[28/341] c++ obj/third_party/connectedhomeip/src/app/MessageDef/MessageDef.TimedRequestMessage.cpp.o
[29/341] c++ obj/third_party/connectedhomeip/src/app/MessageDef/MessageDef.SubscribeResponseMessage.cpp.o
[30/341] c++ obj/third_party/connectedhomeip/src/app/MessageDef/MessageDef.SubscribeRequestMessage.cpp.o
[31/341] c++ obj/third_party/connectedhomeip/src/app/MessageDef/MessageDef.WriteRequestMessage.cpp.o
[32/341] c++ obj/third_party/connectedhomeip/src/app/MessageDef/MessageDef.AttributePathIB.cpp.o
[33/341] c++ obj/third_party/connectedhomeip/src/app/MessageDef/MessageDef.AttributePathIBs.cpp.o
[34/341] c++ obj/third_party/connectedhomeip/src/app/MessageDef/MessageDef.ClusterPathIB.cpp.o
[35/341] c++ obj/third_party/connectedhomeip/src/app/MessageDef/MessageDef.CommandDataIB.cpp.o
[36/341] c++ obj/third_party/connectedhomeip/src/app/MessageDef/MessageDef.CommandPathIB.cpp.o
[37/341] c++ obj/third_party/connectedhomeip/src/app/command-handler.CommandHandler.cpp.o
[38/341] c++ obj/third_party/connectedhomeip/src/app/attribute-access.AttributeReportBuilder.cpp.o
[39/341] c++ obj/third_party/connectedhomeip/src/app/MessageDef/MessageDef.InvokeResponseIB.cpp.o
[40/341] c++ obj/third_party/connectedhomeip/src/app/attribute-access.AttributeAccessInterfaceRegistry.cpp.o
[41/341] c++ obj/third_party/connectedhomeip/src/app/attribute-access.AttributeValueEncoder.cpp.o
[42/341] c++ obj/third_party/connectedhomeip/src/app/MessageDef/MessageDef.ListBuilder.cpp.o
[43/341] c++ obj/third_party/connectedhomeip/src/app/MessageDef/MessageDef.InvokeResponseMessage.cpp.o
[44/341] c++ obj/third_party/connectedhomeip/src/app/MessageDef/MessageDef.InvokeResponseIBs.cpp.o
[45/341] c++ obj/third_party/connectedhomeip/src/app/libCHIPDataModel.FailSafeContext.cpp.o
[46/341] c++ obj/third_party/connectedhomeip/src/access/examples/libaccess.ExampleAccessControlDelegate.cpp.o
[47/341] c++ obj/third_party/connectedhomeip/src/app/libCHIPDataModel.ChunkedWriteCallback.cpp.o
[48/341] c++ obj/third_party/connectedhomeip/src/access/libaccess.AccessControl.cpp.o
[49/341] c++ obj/third_party/connectedhomeip/src/access/examples/libaccess.PermissiveAccessControlDelegate.cpp.o
[50/341] c++ obj/third_party/connectedhomeip/src/app/libCHIPDataModel.BufferedReadCallback.cpp.o
[51/341] c++ obj/third_party/connectedhomeip/src/app/interaction-model.PendingResponseTrackerImpl.cpp.o
[52/341] c++ obj/third_party/connectedhomeip/src/app/libCHIPDataModel.EventManagement.cpp.o
[53/341] c++ obj/third_party/connectedhomeip/src/app/libCHIPDataModel.CommandResponseSender.cpp.o
[54/341] c++ obj/third_party/connectedhomeip/src/app/libCHIPDataModel.WriteHandler.cpp.o
[55/341] c++ obj/third_party/connectedhomeip/src/app/libCHIPDataModel.ReadHandler.cpp.o
[56/341] c++ obj/third_party/connectedhomeip/src/app/interaction-model.InteractionModelDelegatePointers.cpp.o
[57/341] c++ obj/third_party/connectedhomeip/src/app/interaction-model.OperationalSessionSetup.cpp.o
[58/341] c++ obj/third_party/connectedhomeip/src/app/interaction-model.CommandSender.cpp.o
[59/341] c++ obj/third_party/connectedhomeip/src/app/interaction-model.WriteClient.cpp.o
[60/341] c++ obj/third_party/connectedhomeip/src/app/interaction-model.CASEClient.cpp.o
[61/341] c++ obj/third_party/connectedhomeip/src/app/reporting/interaction-model.ReportSchedulerImpl.cpp.o
[62/341] c++ obj/third_party/connectedhomeip/src/app/interaction-model.SimpleSubscriptionResumptionStorage.cpp.o
[63/341] c++ obj/third_party/connectedhomeip/src/app/libCHIPDataModel.ClusterStateCache.cpp.o
[64/341] c++ obj/third_party/connectedhomeip/src/app/MessageDef/MessageDef.ArrayBuilder.cpp.o
[65/341] c++ obj/third_party/connectedhomeip/src/app/MessageDef/MessageDef.ArrayParser.cpp.o
[66/341] c++ obj/third_party/connectedhomeip/src/app/interaction-model.CASESessionManager.cpp.o
[67/341] c++ obj/third_party/connectedhomeip/src/app/reporting/interaction-model.SynchronizedReportSchedulerImpl.cpp.o
[68/341] c++ obj/third_party/connectedhomeip/src/app/status-response.StatusResponse.cpp.o
[69/341] c++ obj/third_party/connectedhomeip/src/app/reporting/interaction-model.reporting.cpp.o
[70/341] c++ obj/third_party/connectedhomeip/src/app/MessageDef/MessageDef.EventPathIB.cpp.o
[71/341] c++ obj/third_party/connectedhomeip/src/app/MessageDef/MessageDef.EventPathIBs.cpp.o
[72/341] c++ obj/third_party/connectedhomeip/src/app/MessageDef/MessageDef.EventReportIB.cpp.o
[73/341] c++ obj/third_party/connectedhomeip/src/app/MessageDef/MessageDef.CommandStatusIB.cpp.o
[74/341] c++ obj/third_party/connectedhomeip/src/app/reporting/interaction-model.Engine.cpp.o
[75/341] c++ obj/third_party/connectedhomeip/src/app/MessageDef/MessageDef.EventReportIBs.cpp.o
[76/341] c++ obj/third_party/connectedhomeip/src/app/MessageDef/MessageDef.DataVersionFilterIB.cpp.o
[77/341] c++ obj/third_party/connectedhomeip/src/app/interaction-model.SubscriptionResumptionSessionEstablisher.cpp.o
[78/341] c++ obj/third_party/connectedhomeip/src/app/MessageDef/MessageDef.DataVersionFilterIBs.cpp.o
[79/341] c++ obj/third_party/connectedhomeip/src/app/interaction-model.InteractionModelEngine.cpp.o
[80/341] c++ obj/third_party/connectedhomeip/src/app/MessageDef/MessageDef.AttributeStatusIB.cpp.o
[81/341] c++ obj/third_party/connectedhomeip/src/app/MessageDef/MessageDef.Builder.cpp.o
[82/341] c++ obj/third_party/connectedhomeip/src/app/MessageDef/MessageDef.AttributeStatusIBs.cpp.o
[83/341] c++ obj/third_party/connectedhomeip/src/app/command-handler-interface.CommandHandlerInterfaceRegistry.cpp.o
[84/341] c++ obj/third_party/connectedhomeip/src/app/MessageDef/MessageDef.WriteResponseMessage.cpp.o
[85/341] c++ obj/third_party/connectedhomeip/src/app/command-handler-impl.CommandHandlerImpl.cpp.o
[86/341] c++ obj/third_party/connectedhomeip/src/app/interaction-model.TimedRequest.cpp.o
[87/341] c++ obj/third_party/connectedhomeip/src/app/interaction-model.TimedHandler.cpp.o
[88/341] c++ obj/third_party/connectedhomeip/src/app/MessageDef/MessageDef.AttributeDataIBs.cpp.o
[89/341] c++ obj/third_party/connectedhomeip/src/app/MessageDef/MessageDef.AttributeDataIB.cpp.o
[90/341] c++ obj/third_party/connectedhomeip/src/app/path-expansion.AttributePathExpandIterator.cpp.o
[91/341] c++ obj/third_party/connectedhomeip/src/app/data-model/data-model.PreEncodedValue.cpp.o
[92/341] c++ obj/third_party/connectedhomeip/src/app/MessageDef/MessageDef.AttributeReportIB.cpp.o
[93/341] c++ obj/third_party/connectedhomeip/src/app/interaction-model.ReadClient.cpp.o
[94/341] c++ obj/third_party/connectedhomeip/src/app/data-model/encode-decode.StructDecodeIterator.cpp.o
[95/341] c++ obj/third_party/connectedhomeip/src/app/MessageDef/MessageDef.AttributeReportIBs.cpp.o
[96/341] c++ obj/third_party/connectedhomeip/src/app/MessageDef/MessageDef.ListParser.cpp.o
[97/341] c++ obj/third_party/connectedhomeip/src/app/global-attributes.GlobalAttributes.cpp.o
[98/341] c++ obj/third_party/connectedhomeip/src/app/interaction-model.DeviceProxy.cpp.o
[99/341] c++ obj/third_party/connectedhomeip/src/app/MessageDef/MessageDef.MessageDefHelper.cpp.o
[100/341] c++ obj/third_party/connectedhomeip/src/inet/libInetLayer.IPPacketInfo.cpp.o
[101/341] c++ obj/third_party/connectedhomeip/src/app/MessageDef/MessageDef.MessageBuilder.cpp.o
[102/341] c++ obj/third_party/connectedhomeip/src/app/data-model-provider/data-model-provider.ActionReturnStatus.cpp.o
[103/341] c++ obj/third_party/connectedhomeip/src/inet/libInetLayer.IPPrefix.cpp.o
[104/341] c++ obj/third_party/connectedhomeip/src/app/MessageDef/MessageDef.MessageParser.cpp.o
[105/341] c++ obj/third_party/connectedhomeip/src/app/util/types.attribute-metadata.cpp.o
[106/341] c++ obj/third_party/connectedhomeip/src/app/data-model-provider/data-model-provider.ProviderMetadataTree.cpp.o
[107/341] c++ obj/third_party/connectedhomeip/src/app/MessageDef/MessageDef.EventFilterIBs.cpp.o
[108/341] c++ obj/third_party/connectedhomeip/src/app/MessageDef/MessageDef.EventDataIB.cpp.o
[109/341] c++ obj/third_party/connectedhomeip/src/app/MessageDef/MessageDef.EventFilterIB.cpp.o
[110/341] c++ obj/third_party/connectedhomeip/src/app/data-model/data-model.FabricScopedPreEncodedValue.cpp.o
[111/341] c++ obj/third_party/connectedhomeip/src/app/data-model/encode-decode.WrappedStructEncoder.cpp.o
[112/341] c++ obj/third_party/connectedhomeip/src/app/data-model-provider/data-model-provider.MetadataLookup.cpp.o
[113/341] c++ obj/third_party/connectedhomeip/src/crypto/cryptopal_mbedtls.CHIPCryptoPALmbedTLS.cpp.o
[114/341] c++ obj/third_party/connectedhomeip/src/app/data-model-provider/data-model-provider.EventsGenerator.cpp.o
[115/341] c++ obj/third_party/connectedhomeip/src/credentials/examples/libCredentials.ExampleDACs.cpp.o
[116/341] c++ obj/third_party/connectedhomeip/src/credentials/examples/libCredentials.DeviceAttestationCredsExample.cpp.o
[117/341] c++ obj/third_party/connectedhomeip/src/credentials/libCredentials.DeviceAttestationCredsProvider.cpp.o
[118/341] c++ obj/third_party/connectedhomeip/src/app/util/types.ember-strings.cpp.o
[119/341] c++ obj/third_party/connectedhomeip/src/credentials/attestation_verifier/libDefaultAttestationVerifier.DefaultDeviceAttestationVerifier.cpp.o
[120/341] c++ obj/third_party/connectedhomeip/src/credentials/attestation_verifier/libDefaultAttestationVerifier.DacOnlyPartialAttestationVerifier.cpp.o
[121/341] c++ obj/third_party/connectedhomeip/src/credentials/libCredentials.PersistentStorageOpCertStore.cpp.o
[122/341] c++ obj/third_party/connectedhomeip/src/credentials/examples/libCredentials.ExamplePAI.cpp.o
[123/341] c++ obj/third_party/connectedhomeip/src/credentials/libCredentials.LastKnownGoodTime.cpp.o
[124/341] c++ obj/third_party/connectedhomeip/src/credentials/libCredentials.CHIPCertToX509.cpp.o
[125/341] c++ obj/third_party/connectedhomeip/src/credentials/libCredentials.GenerateChipX509Cert.cpp.o
[126/341] c++ obj/third_party/connectedhomeip/src/credentials/attestation_verifier/libCredentials.DeviceAttestationVerifier.cpp.o
[127/341] c++ obj/third_party/connectedhomeip/src/credentials/libCredentials.CHIPCertFromX509.cpp.o
[128/341] c++ obj/third_party/connectedhomeip/src/credentials/libCredentials.CertificationDeclaration.cpp.o
[129/341] c++ obj/third_party/connectedhomeip/src/inet/libInetLayer.InetInterfaceImplDefault.cpp.o
[130/341] c++ obj/third_party/connectedhomeip/src/credentials/libCredentials.DeviceAttestationConstructor.cpp.o
[131/341] c++ obj/third_party/connectedhomeip/src/app/util/callbacks.MatterCallbacks.cpp.o
[132/341] c++ obj/third_party/connectedhomeip/src/credentials/attestation_verifier/test_paa_store.TestPAAStore.cpp.o
[133/341] c++ obj/third_party/connectedhomeip/src/credentials/libCredentials.FabricTable.cpp.o
[134/341] c++ obj/third_party/connectedhomeip/src/crypto/cryptopal_mbedtls.CHIPCryptoPALmbedTLSCert.cpp.o
[135/341] c++ obj/third_party/connectedhomeip/src/crypto/libChipCrypto.RawKeySessionKeystore.cpp.o
[136/341] c++ obj/third_party/connectedhomeip/src/crypto/libChipCrypto.RandUtils.cpp.o
[137/341] c++ obj/third_party/connectedhomeip/src/credentials/libCredentials.CHIPCert.cpp.o
[138/341] c++ obj/third_party/connectedhomeip/src/inet/libInetLayer.IPAddress.cpp.o
[139/341] c++ obj/third_party/connectedhomeip/src/crypto/libChipCrypto.CHIPCryptoPAL.cpp.o
[140/341] c++ obj/third_party/connectedhomeip/src/credentials/libCredentials.GroupDataProviderImpl.cpp.o
[141/341] c++ obj/third_party/connectedhomeip/src/crypto/libChipCrypto.PersistentStorageOperationalKeystore.cpp.o
[142/341] c++ obj/third_party/connectedhomeip/src/lib/dnssd/dnssd.MinimalMdnsServer.cpp.o
[143/341] c++ obj/third_party/connectedhomeip/src/lib/dnssd/dnssd.IPAddressSorter.cpp.o
[144/341] c++ obj/third_party/connectedhomeip/src/lib/dnssd/dnssd.IncrementalResolve.cpp.o
[145/341] c++ obj/third_party/connectedhomeip/src/lib/dnssd/dnssd.ActiveResolveAttempts.cpp.o
[146/341] c++ obj/third_party/connectedhomeip/src/lib/dnssd/dnssd.Advertiser.cpp.o
[147/341] c++ obj/third_party/connectedhomeip/src/lib/dnssd/dnssd.Resolver.cpp.o
[148/341] c++ obj/third_party/connectedhomeip/src/lib/dnssd/dnssd.ResolverProxy.cpp.o
[149/341] c++ obj/third_party/connectedhomeip/src/lib/dnssd/dnssd.Advertiser_ImplMinimalMdns.cpp.o
[150/341] c++ obj/third_party/connectedhomeip/src/lib/dnssd/dnssd.Resolver_ImplMinimalMdns.cpp.o
[151/341] c++ obj/third_party/connectedhomeip/src/inet/libInetLayer.EndPointStateLwIP.cpp.o
[152/341] c++ obj/third_party/connectedhomeip/src/lib/asn1/libASN1.ASN1Time.cpp.o
[153/341] c++ obj/third_party/connectedhomeip/src/lib/asn1/libASN1.ASN1OID.cpp.o
[154/341] c++ obj/third_party/connectedhomeip/src/lib/asn1/libASN1.ASN1Reader.cpp.o
[155/341] c++ obj/third_party/connectedhomeip/src/inet/libInetLayer.UDPEndPoint.cpp.o
[156/341] c++ obj/third_party/connectedhomeip/src/lib/asn1/libASN1.ASN1Error.cpp.o
[157/341] c++ obj/third_party/connectedhomeip/src/inet/libInetLayer.IPAddress-StringFuncts.cpp.o
[158/341] c++ obj/third_party/connectedhomeip/src/lib/dnssd/dnssd.TxtFields.cpp.o
[159/341] c++ obj/third_party/connectedhomeip/src/inet/libInetLayer.UDPEndPointImplLwIP.cpp.o
[160/341] c++ obj/third_party/connectedhomeip/src/messaging/libMessagingLayer.ErrorCategory.cpp.o
[161/341] c++ obj/third_party/connectedhomeip/src/lib/asn1/libASN1.ASN1Writer.cpp.o
[162/341] c++ obj/third_party/connectedhomeip/src/inet/libInetLayer.InetInterface.cpp.o
[163/341] c++ obj/third_party/connectedhomeip/src/inet/libInetLayer.InetError.cpp.o
[164/341] c++ obj/third_party/connectedhomeip/src/lib/dnssd/minimal_mdns/default_policy.AddressPolicy_DefaultImpl.cpp.o
[165/341] c++ obj/third_party/connectedhomeip/src/lib/address_resolve/address_resolve.AddressResolve.cpp.o
[166/341] c++ obj/third_party/connectedhomeip/src/lib/support/libSupportLayer.Base64.cpp.o
[167/341] c++ obj/third_party/connectedhomeip/src/lib/address_resolve/address_resolve.AddressResolve_DefaultImpl.cpp.o
[168/341] c++ obj/third_party/connectedhomeip/src/lib/core/libChipCore.CHIPKeyIds.cpp.o
[169/341] c++ obj/third_party/connectedhomeip/src/messaging/libMessagingLayer.ApplicationExchangeDispatch.cpp.o
[170/341] c++ obj/third_party/connectedhomeip/src/lib/core/libChipCore.OTAImageHeader.cpp.o
[171/341] c++ obj/third_party/connectedhomeip/src/lib/core/libChipCore.TLVWriter.cpp.o
[172/341] c++ obj/third_party/connectedhomeip/src/lib/support/libSupportLayer.BufferReader.cpp.o
[173/341] c++ obj/third_party/connectedhomeip/src/lib/dnssd/minimal_mdns/minimal_mdns.Parser.cpp.o
[174/341] c++ obj/third_party/connectedhomeip/src/messaging/libMessagingLayer.ExchangeMessageDispatch.cpp.o
[175/341] c++ obj/third_party/connectedhomeip/src/lib/core/error.CHIPError.cpp.o
[176/341] c++ obj/third_party/connectedhomeip/src/messaging/libMessagingLayer.ExchangeContext.cpp.o
[177/341] c++ obj/third_party/connectedhomeip/src/lib/core/libChipCore.TLVTags.cpp.o
[178/341] c++ obj/third_party/connectedhomeip/src/messaging/libMessagingLayer.ExchangeMgr.cpp.o
[179/341] c++ obj/third_party/connectedhomeip/src/lib/core/error.ErrorStr.cpp.o
[180/341] c++ obj/third_party/connectedhomeip/src/lib/core/libChipCore.TLVUpdater.cpp.o
[181/341] c++ obj/third_party/connectedhomeip/src/lib/core/libChipCore.TLVUtilities.cpp.o
[182/341] c++ obj/third_party/connectedhomeip/src/lib/core/libChipCore.TLVDebug.cpp.o
[183/341] c++ obj/third_party/connectedhomeip/src/lib/core/libChipCore.TLVCircularBuffer.cpp.o
[184/341] c++ obj/third_party/connectedhomeip/src/lib/support/libSupportLayer.Pool.cpp.o
[185/341] c++ obj/third_party/connectedhomeip/src/lib/support/libSupportLayer.PrivateHeap.cpp.o
[186/341] c++ obj/third_party/connectedhomeip/src/lib/support/libSupportLayer.PersistentStorageAudit.cpp.o
[187/341] c++ obj/third_party/connectedhomeip/src/lib/support/libSupportLayer.FixedBufferAllocator.cpp.o
[188/341] c++ obj/third_party/connectedhomeip/src/lib/support/libSupportLayer.BufferWriter.cpp.o
[189/341] c++ obj/third_party/connectedhomeip/src/lib/dnssd/minimal_mdns/minimal_mdns.RecordData.cpp.o
[190/341] c++ obj/third_party/connectedhomeip/src/lib/core/libChipCore.TLVReader.cpp.o
[191/341] c++ obj/third_party/connectedhomeip/src/lib/dnssd/minimal_mdns/address_policy.AddressPolicy.cpp.o
[192/341] c++ obj/third_party/connectedhomeip/src/lib/support/libSupportLayer.ReadOnlyBuffer.cpp.o
[193/341] c++ obj/third_party/connectedhomeip/src/lib/support/libSupportLayer.StringBuilder.cpp.o
[194/341] c++ obj/third_party/connectedhomeip/src/lib/support/libSupportLayer.IniEscaping.cpp.o
[195/341] c++ obj/third_party/connectedhomeip/src/lib/support/verhoeff/libSupportLayer.Verhoeff.cpp.o
[196/341] c++ obj/third_party/connectedhomeip/src/lib/dnssd/minimal_mdns/minimal_mdns.ResponseSender.cpp.o
[197/341] c++ obj/third_party/connectedhomeip/src/lib/support/libSupportLayer.ZclString.cpp.o
[198/341] c++ obj/third_party/connectedhomeip/src/lib/support/verhoeff/libSupportLayer.Verhoeff10.cpp.o
[199/341] c++ obj/third_party/connectedhomeip/src/lib/dnssd/naming.ServiceNaming.cpp.o
[200/341] c++ obj/third_party/connectedhomeip/src/lib/support/libSupportLayer.TimeUtils.cpp.o
[201/341] c++ obj/third_party/connectedhomeip/src/lib/support/logging/libSupportLayer.BinaryLogging.cpp.o
[202/341] c++ obj/third_party/connectedhomeip/src/lib/support/libSupportLayer.ThreadOperationalDataset.cpp.o
[203/341] c++ obj/third_party/connectedhomeip/src/lib/support/libSupportLayer.utf8.cpp.o
[204/341] c++ obj/third_party/connectedhomeip/src/lib/dnssd/minimal_mdns/minimal_mdns.Server.cpp.o
[205/341] c++ obj/third_party/connectedhomeip/src/lib/support/memory.CHIPPlatformMemory.cpp.o
[206/341] c++ obj/third_party/connectedhomeip/src/lib/support/memory.CHIPMem.cpp.o
[207/341] c++ obj/third_party/connectedhomeip/src/lib/support/libSupportLayer.FibonacciUtils.cpp.o
[208/341] c++ obj/third_party/connectedhomeip/src/lib/dnssd/minimal_mdns/core/core.QNameString.cpp.o
[209/341] c++ obj/third_party/connectedhomeip/src/lib/dnssd/minimal_mdns/core/core.RecordWriter.cpp.o
[210/341] c++ obj/third_party/connectedhomeip/src/lib/dnssd/minimal_mdns/core/core.QName.cpp.o
[211/341] c++ obj/third_party/connectedhomeip/src/lib/dnssd/minimal_mdns/records/records.ResourceRecord.cpp.o
[212/341] c++ obj/third_party/connectedhomeip/src/lib/dnssd/minimal_mdns/records/records.IP.cpp.o
[213/341] c++ obj/third_party/connectedhomeip/src/lib/support/libSupportLayer.BytesToHex.cpp.o
[214/341] c++ obj/third_party/connectedhomeip/src/lib/support/libSupportLayer.BytesCircularBuffer.cpp.o
[215/341] c++ obj/third_party/connectedhomeip/src/lib/support/logging/text_only_logging.TextOnlyLogging.cpp.o
[216/341] ar libSupportLayer.a
[217/341] c++ obj/third_party/connectedhomeip/src/lib/dnssd/minimal_mdns/responders/responders.IP.cpp.o
[218/341] c++ obj/third_party/connectedhomeip/src/lib/dnssd/minimal_mdns/responders/responders.QueryResponder.cpp.o
[219/341] c++ obj/third_party/connectedhomeip/src/platform/libDeviceLayer.CommissionableDataProvider.cpp.o
[220/341] c++ obj/third_party/connectedhomeip/src/platform/libDeviceLayer.DeviceInstanceInfoProvider.cpp.o
[221/341] c++ obj/third_party/connectedhomeip/src/platform/libDeviceLayer.Entropy.cpp.o
[222/341] c++ obj/third_party/connectedhomeip/src/protocols/secure_channel/check-in-counter.CheckInCounter.cpp.o
[223/341] c++ obj/third_party/connectedhomeip/src/messaging/libMessagingLayer.ReliableMessageContext.cpp.o
[224/341] c++ obj/third_party/connectedhomeip/src/protocols/bdx/libBdx.BdxMessages.cpp.o
[225/341] c++ obj/third_party/connectedhomeip/src/messaging/libMessagingLayer.ReliableMessageProtocolConfig.cpp.o
[226/341] c++ obj/third_party/connectedhomeip/src/platform/libDeviceLayer.RuntimeOptionsProvider.cpp.o
[227/341] c++ obj/third_party/connectedhomeip/src/messaging/libMessagingLayer.ReliableMessageMgr.cpp.o
[228/341] c++ obj/third_party/connectedhomeip/src/platform/libDeviceLayer.PlatformError.cpp.o
[229/341] c++ obj/third_party/connectedhomeip/src/platform/libDeviceLayer.GeneralUtils.cpp.o
[230/341] c++ obj/third_party/connectedhomeip/src/platform/libDeviceLayer.Globals.cpp.o
[231/341] c++ obj/third_party/connectedhomeip/src/platform/libDeviceLayer.LockTracker.cpp.o
[232/341] c++ obj/third_party/connectedhomeip/src/platform/libDeviceLayer.PersistedStorage.cpp.o
[233/341] c++ obj/third_party/connectedhomeip/src/protocols/bdx/libBdx.StatusCode.cpp.o
[234/341] c++ obj/third_party/connectedhomeip/src/platform/libDeviceLayer.PlatformEventSupport.cpp.o
[235/341] c++ obj/third_party/connectedhomeip/src/protocols/secure_channel/check-in-message.CheckinMessage.cpp.o
[236/341] c++ obj/third_party/connectedhomeip/src/platform/libDeviceLayer.DeviceControlServer.cpp.o
[237/341] c++ obj/third_party/connectedhomeip/src/platform/libDeviceLayer.DefaultTimerDelegate.cpp.o
[238/341] c++ obj/third_party/connectedhomeip/src/protocols/bdx/libBdx.BdxUri.cpp.o
[239/341] c++ obj/third_party/connectedhomeip/src/platform/ESP32/logging.Logging.cpp.o
[240/341] c++ obj/third_party/connectedhomeip/src/platform/libDeviceLayer.DiagnosticDataProvider.cpp.o
[241/341] c++ obj/third_party/connectedhomeip/src/protocols/echo/libChipProtocols.EchoServer.cpp.o
[242/341] c++ obj/third_party/connectedhomeip/src/protocols/bdx/libBdx.TransferFacilitator.cpp.o
[243/341] c++ obj/third_party/connectedhomeip/src/protocols/libChipProtocols.Protocols.cpp.o
[244/341] c++ obj/third_party/connectedhomeip/src/protocols/echo/libChipProtocols.EchoClient.cpp.o
[245/341] c++ obj/third_party/connectedhomeip/src/platform/ESP32/ESP32.SystemTimeSupport.cpp.o
[246/341] c++ obj/third_party/connectedhomeip/src/protocols/secure_channel/libChipProtocols.MessageCounterManager.cpp.o
[247/341] c++ obj/third_party/connectedhomeip/src/platform/ESP32/ESP32.CHIPMem-PlatformDefault.cpp.o
[248/341] c++ obj/third_party/connectedhomeip/src/platform/libDeviceLayer.DeviceInfoProvider.cpp.o
[249/341] c++ obj/third_party/connectedhomeip/src/platform/ESP32.SingletonConfigurationManager.cpp.o
[250/341] c++ obj/third_party/connectedhomeip/src/platform/ESP32/ESP32.ConnectivityManagerImpl.cpp.o
[251/341] c++ obj/third_party/connectedhomeip/src/protocols/secure_channel/libSecureChannel.DefaultSessionResumptionStorage.cpp.o
[252/341] c++ obj/third_party/connectedhomeip/src/platform/ESP32/ESP32.ConfigurationManagerImpl.cpp.o
[253/341] c++ obj/third_party/connectedhomeip/src/platform/ESP32/ESP32.NetworkCommissioningDriver.cpp.o
[254/341] c++ obj/third_party/connectedhomeip/src/protocols/secure_channel/libSecureChannel.PairingSession.cpp.o
[255/341] c++ obj/third_party/connectedhomeip/src/platform/ESP32/ESP32.PlatformManagerImpl.cpp.o
[256/341] c++ obj/third_party/connectedhomeip/src/platform/ESP32/ESP32.ESP32Utils.cpp.o
[257/341] c++ obj/third_party/connectedhomeip/src/protocols/secure_channel/libSecureChannel.PASESession.cpp.o
[258/341] c++ obj/third_party/connectedhomeip/src/platform/ESP32/ESP32.ESP32Config.cpp.o
[259/341] c++ obj/third_party/connectedhomeip/src/platform/ESP32/ESP32.KeyValueStoreManagerImpl.cpp.o
[260/341] c++ obj/third_party/connectedhomeip/src/platform/ESP32/ESP32.DiagnosticDataProviderImpl.cpp.o
[261/341] c++ obj/third_party/connectedhomeip/src/protocols/user_directed_commissioning/libChipProtocols.UserDirectedCommissioningClient.cpp.o
[262/341] c++ obj/third_party/connectedhomeip/src/protocols/bdx/libBdx.BdxTransferProxyDiagnosticLog.cpp.o
[263/341] c++ obj/third_party/connectedhomeip/src/platform/ESP32/ESP32.ConnectivityManagerImpl_WiFi.cpp.o
[264/341] c++ obj/third_party/connectedhomeip/src/protocols/bdx/libBdx.AsyncTransferFacilitator.cpp.o
[265/341] c++ obj/third_party/connectedhomeip/src/protocols/bdx/libBdx.BdxTransferServer.cpp.o
[266/341] c++ obj/third_party/connectedhomeip/src/protocols/user_directed_commissioning/libChipProtocols.UserDirectedCommissioningServer.cpp.o
[267/341] c++ obj/third_party/connectedhomeip/src/protocols/bdx/libBdx.BdxTransferDiagnosticLog.cpp.o
[268/341] c++ obj/third_party/connectedhomeip/src/protocols/secure_channel/libSecureChannel.CASEDestinationId.cpp.o
[269/341] c++ obj/third_party/connectedhomeip/src/protocols/bdx/libBdx.BdxTransferSession.cpp.o
[270/341] c++ obj/third_party/connectedhomeip/src/setup_payload/additional_data_payload.AdditionalDataPayloadGenerator.cpp.o
[271/341] c++ obj/third_party/connectedhomeip/src/setup_payload/additional_data_payload.AdditionalDataPayloadParser.cpp.o
[272/341] c++ obj/third_party/connectedhomeip/src/protocols/secure_channel/libSecureChannel.CASEServer.cpp.o
[273/341] c++ obj/third_party/connectedhomeip/src/protocols/secure_channel/libSecureChannel.SimpleSessionResumptionStorage.cpp.o
[274/341] c++ obj/third_party/connectedhomeip/src/system/libSystemLayer.SystemMutex.cpp.o
[275/341] c++ obj/third_party/connectedhomeip/src/setup_payload/onboarding-codes-utils.OnboardingCodesUtil.cpp.o
[276/341] c++ obj/third_party/connectedhomeip/src/protocols/secure_channel/libSecureChannel.SessionEstablishmentExchangeDispatch.cpp.o
[277/341] c++ obj/third_party/connectedhomeip/src/system/libSystemLayer.SystemLayer.cpp.o
[278/341] c++ obj/third_party/connectedhomeip/src/system/libSystemLayer.SystemPacketBuffer.cpp.o
[279/341] c++ obj/third_party/connectedhomeip/src/system/libSystemLayer.SystemStats.cpp.o
[280/341] c++ obj/third_party/connectedhomeip/src/protocols/secure_channel/libSecureChannel.UnsolicitedStatusHandler.cpp.o
[281/341] c++ obj/third_party/connectedhomeip/src/system/libSystemLayer.TLVPacketBufferBackingStore.cpp.o
[282/341] c++ obj/third_party/connectedhomeip/src/system/libSystemLayer.SystemTimer.cpp.o
[283/341] c++ obj/third_party/connectedhomeip/src/system/libSystemLayer.SystemClock.cpp.o
[284/341] c++ obj/third_party/connectedhomeip/src/system/libSystemLayer.SystemError.cpp.o
[285/341] c++ obj/third_party/connectedhomeip/src/protocols/interaction_model/libInteractionModel.StatusCode.cpp.o
[286/341] c++ obj/third_party/connectedhomeip/src/system/libSystemLayer.SystemLayerImplFreeRTOS.cpp.o
[287/341] ar libSystemLayer.a
[288/341] ar libInetLayer.a
[289/341] ar libChipCore.a
[290/341] ar libASN1.a
[291/341] ar libChipCrypto.a
[292/341] ar default_policy.a
[293/341] ar libInteractionModel.a
[294/341] c++ obj/third_party/connectedhomeip/src/protocols/secure_channel/libSecureChannel.CASESession.cpp.o
[295/341] c++ obj/third_party/connectedhomeip/src/setup_payload/libSetupPayload.ManualSetupPayloadGenerator.cpp.o
[296/341] c++ obj/third_party/connectedhomeip/src/setup_payload/libSetupPayload.Base38Decode.cpp.o
[297/341] c++ obj/third_party/connectedhomeip/src/setup_payload/libSetupPayload.Base38Encode.cpp.o
[298/341] c++ obj/third_party/connectedhomeip/src/setup_payload/libSetupPayload.ManualSetupPayloadParser.cpp.o
[299/341] c++ obj/third_party/connectedhomeip/src/tracing/tracing.registry_disabled.cpp.o
[300/341] ar tracing.a
[301/341] c++ obj/third_party/connectedhomeip/src/protocols/secure_channel/libSecureChannelTypes.StatusReport.cpp.o
[302/341] ar libSecureChannelTypes.a
[303/341] c++ obj/third_party/connectedhomeip/src/transport/raw/libRawTransport.PeerAddress.cpp.o
[304/341] c++ obj/third_party/connectedhomeip/src/setup_payload/libSetupPayload.QRCodeSetupPayloadGenerator.cpp.o
[305/341] c++ obj/third_party/connectedhomeip/src/transport/raw/libRawTransport.MessageHeader.cpp.o
[306/341] c++ obj/third_party/connectedhomeip/src/setup_payload/libSetupPayload.QRCodeSetupPayloadParser.cpp.o
[307/341] c++ obj/third_party/connectedhomeip/src/transport/libTransportLayer.GroupPeerMessageCounter.cpp.o
[308/341] c++ obj/third_party/connectedhomeip/src/setup_payload/libSetupPayload.SetupPayload.cpp.o
[309/341] ar libSetupPayload.a
[310/341] ar ESP32.a
[311/341] ar libDeviceLayer.a
[312/341] c++ obj/third_party/connectedhomeip/src/transport/raw/libRawTransport.UDP.cpp.o
[313/341] ar libaccess.a
[314/341] ar core.a
[315/341] ar records.a
[316/341] ar libCredentials.a
[317/341] ar responders.a
[318/341] ar libDefaultAttestationVerifier.a
[319/341] ar minimal_mdns.a
[320/341] ar dnssd.a
[321/341] ar libRawTransport.a
[322/341] c++ obj/third_party/connectedhomeip/src/transport/libTransportLayer.TransportMgrBase.cpp.o
[323/341] c++ obj/third_party/connectedhomeip/src/transport/libTransportLayer.SecureMessageCodec.cpp.o
[324/341] c++ obj/third_party/connectedhomeip/src/transport/libTransportLayer.Session.cpp.o
[325/341] c++ obj/third_party/connectedhomeip/src/transport/libTransportLayer.SessionHolder.cpp.o
[326/341] c++ obj/third_party/connectedhomeip/src/transport/libTransportLayer.SecureSession.cpp.o
[327/341] c++ obj/third_party/connectedhomeip/src/transport/libTransportLayer.CryptoContext.cpp.o
[328/341] c++ obj/third_party/connectedhomeip/src/transport/libTransportLayer.SecureSessionTable.cpp.o
[329/341] c++ obj/third_party/connectedhomeip/src/transport/libTransportLayer.SessionManager.cpp.o
[330/341] ar libTransportLayer.a
[331/341] ar libMessagingLayer.a
[332/341] ar address_resolve.a
[333/341] ar libSecureChannel.a
[334/341] ar libBdx.a
[335/341] ar libChipProtocols.a
[336/341] c++ obj/third_party/connectedhomeip/zzz_generated/app-common/app-common/zap-generated/libClusterObjects.cluster-objects.cpp.o
[337/341] ar libClusterObjects.a
[338/341] ar attribute-access.a
[339/341] ar interaction-model.a
[340/341] ar libCHIPDataModel.a
[341/341] ar libCHIP.a
[1146/1450] No install step for 'chip_gn'
[1147/1450] Completed 'chip_gn'
[1148/1450] Building CXX object esp-idf/chip/CMakeFiles/__idf_chip.dir/chip.cpp.obj
[1149/1450] Building C object esp-idf/chip/CMakeFiles/__idf_chip.dir/chip.c.obj
[1150/1450] Linking C static library esp-idf/chip/libchip.a
[1151/1450] Building CXX object esp-idf/esp_matter/CMakeFiles/__idf_esp_matter.dir/home/lenovo/esp-matter/connectedhomeip/connectedhomeip/src/app/server/Dnssd.cpp.obj
[1152/1450] Building CXX object esp-idf/esp_matter/CMakeFiles/__idf_esp_matter.dir/utils/esp_matter_mem.cpp.obj
[1153/1450] Building CXX object esp-idf/esp_matter/CMakeFiles/__idf_esp_matter.dir/utils/json_to_tlv.cpp.obj
[1154/1450] Building CXX object esp-idf/esp_matter/CMakeFiles/__idf_esp_matter.dir/home/lenovo/esp-matter/connectedhomeip/connectedhomeip/src/app/server/DefaultAclStorage.cpp.obj
[1155/1450] Building CXX object esp-idf/esp_matter/CMakeFiles/__idf_esp_matter.dir/esp_matter_providers.cpp.obj
[1156/1450] Building CXX object esp-idf/esp_matter/CMakeFiles/__idf_esp_matter.dir/weak_functions.cpp.obj
[1157/1450] Building CXX object esp-idf/esp_matter/CMakeFiles/__idf_esp_matter.dir/esp_matter_test_event_trigger.cpp.obj
[1158/1450] Building CXX object esp-idf/esp_matter/CMakeFiles/__idf_esp_matter.dir/esp_matter_icd_configuration.cpp.obj
[1159/1450] Building CXX object esp-idf/esp_matter/CMakeFiles/__idf_esp_matter.dir/esp_matter_ota.cpp.obj
[1160/1450] Building CXX object esp-idf/esp_matter/CMakeFiles/__idf_esp_matter.dir/esp_matter_core.cpp.obj
[1161/1450] Building CXX object esp-idf/esp_matter/CMakeFiles/__idf_esp_matter.dir/esp_matter_identify.cpp.obj
[1162/1450] Building CXX object esp-idf/esp_matter/CMakeFiles/__idf_esp_matter.dir/home/lenovo/esp-matter/connectedhomeip/connectedhomeip/src/app/server/TermsAndConditionsManager.cpp.obj
[1163/1450] Building CXX object esp-idf/esp_matter/CMakeFiles/__idf_esp_matter.dir/esp_matter_client.cpp.obj
[1164/1450] Building CXX object esp-idf/esp_matter/CMakeFiles/__idf_esp_matter.dir/home/lenovo/esp-matter/connectedhomeip/connectedhomeip/src/app/persistence/DefaultAttributePersistenceProvider.cpp.obj
[1165/1450] Building CXX object esp-idf/esp_matter/CMakeFiles/__idf_esp_matter.dir/home/lenovo/esp-matter/connectedhomeip/connectedhomeip/src/app/server/DefaultTermsAndConditionsProvider.cpp.obj
[1166/1450] Building CXX object esp-idf/esp_matter/CMakeFiles/__idf_esp_matter.dir/home/lenovo/esp-matter/connectedhomeip/connectedhomeip/src/app/persistence/AttributePersistenceProviderInstance.cpp.obj
[1167/1450] Building CXX object esp-idf/esp_matter/CMakeFiles/__idf_esp_matter.dir/home/lenovo/esp-matter/connectedhomeip/connectedhomeip/src/app/server/AclStorage.cpp.obj
[1168/1450] Building CXX object esp-idf/esp_matter/CMakeFiles/__idf_esp_matter.dir/home/lenovo/esp-matter/connectedhomeip/connectedhomeip/src/app/server/EchoHandler.cpp.obj
[1169/1450] Building CXX object esp-idf/esp_matter/CMakeFiles/__idf_esp_matter.dir/home/lenovo/esp-matter/connectedhomeip/connectedhomeip/src/app/persistence/AttributePersistence.cpp.obj
[1170/1450] Building CXX object esp-idf/esp_matter/CMakeFiles/__idf_esp_matter.dir/home/lenovo/esp-matter/connectedhomeip/connectedhomeip/src/app/server/CommissioningWindowManager.cpp.obj
[1171/1450] Building CXX object esp-idf/esp_matter/CMakeFiles/__idf_esp_matter.dir/home/lenovo/esp-matter/connectedhomeip/connectedhomeip/src/app/reporting/reporting.cpp.obj
[1172/1450] Building CXX object esp-idf/esp_matter/CMakeFiles/__idf_esp_matter.dir/home/lenovo/esp-matter/connectedhomeip/connectedhomeip/src/app/reporting/ReportSchedulerImpl.cpp.obj
[1173/1450] Building CXX object esp-idf/esp_matter/CMakeFiles/__idf_esp_matter.dir/home/lenovo/esp-matter/connectedhomeip/connectedhomeip/src/app/reporting/SynchronizedReportSchedulerImpl.cpp.obj
[1174/1450] Building CXX object esp-idf/esp_matter/CMakeFiles/__idf_esp_matter.dir/home/lenovo/esp-matter/connectedhomeip/connectedhomeip/src/app/server/JointFabricAdministrator.cpp.obj
[1175/1450] Building CXX object esp-idf/esp_matter/CMakeFiles/__idf_esp_matter.dir/home/lenovo/esp-matter/connectedhomeip/connectedhomeip/src/app/persistence/String.cpp.obj
[1176/1450] Building CXX object esp-idf/esp_matter/CMakeFiles/__idf_esp_matter.dir/home/lenovo/esp-matter/connectedhomeip/connectedhomeip/src/app/server-cluster/AttributeListBuilder.cpp.obj
[1177/1450] Building CXX object esp-idf/esp_matter/CMakeFiles/__idf_esp_matter.dir/home/lenovo/esp-matter/connectedhomeip/connectedhomeip/src/app/persistence/DeferredAttributePersistenceProvider.cpp.obj
[1178/1450] Building CXX object esp-idf/esp_matter/CMakeFiles/__idf_esp_matter.dir/home/lenovo/esp-matter/connectedhomeip/connectedhomeip/src/app/server/JointFabricDatastore.cpp.obj
[1179/1450] Building CXX object esp-idf/esp_matter/CMakeFiles/__idf_esp_matter.dir/home/lenovo/esp-matter/connectedhomeip/connectedhomeip/src/app/server-cluster/ServerClusterExtension.cpp.obj
[1180/1450] Building CXX object esp-idf/esp_matter/CMakeFiles/__idf_esp_matter.dir/home/lenovo/esp-matter/connectedhomeip/connectedhomeip/src/app/server-cluster/DefaultServerCluster.cpp.obj
[1181/1450] Building CXX object esp-idf/esp_matter/CMakeFiles/__idf_esp_matter.dir/home/lenovo/esp-matter/connectedhomeip/connectedhomeip/src/app/server-cluster/ServerClusterInterface.cpp.obj
[1182/1450] Building CXX object esp-idf/esp_matter/CMakeFiles/__idf_esp_matter.dir/home/lenovo/esp-matter/connectedhomeip/connectedhomeip/src/app/server-cluster/SingleEndpointServerClusterRegistry.cpp.obj
[1183/1450] Building CXX object esp-idf/esp_matter/CMakeFiles/__idf_esp_matter.dir/home/lenovo/esp-matter/connectedhomeip/connectedhomeip/src/app/server-cluster/ServerClusterInterfaceRegistry.cpp.obj
[1184/1450] Building CXX object esp-idf/esp_matter/CMakeFiles/__idf_esp_matter.dir/home/lenovo/esp-matter/connectedhomeip/connectedhomeip/src/app/server/Server.cpp.obj
[1185/1450] Building CXX object esp-idf/esp_matter/CMakeFiles/__idf_esp_matter.dir/home/lenovo/esp-matter/connectedhomeip/connectedhomeip/src/app/reporting/Engine.cpp.obj
[1186/1450] Building CXX object esp-idf/esp_matter/CMakeFiles/__idf_esp_matter.dir/home/lenovo/esp-matter/connectedhomeip/connectedhomeip/src/app/clusters/access-control-server/ArlEncoder.cpp.obj
[1187/1450] Building CXX object esp-idf/esp_matter/CMakeFiles/__idf_esp_matter.dir/home/lenovo/esp-matter/connectedhomeip/connectedhomeip/src/app/clusters/account-login-server/account-login-server.cpp.obj
[1188/1450] Building CXX object esp-idf/esp_matter/CMakeFiles/__idf_esp_matter.dir/home/lenovo/esp-matter/connectedhomeip/connectedhomeip/src/app/clusters/resource-monitoring-server/resource-monitoring-cluster-objects.cpp.obj
[1189/1450] Building CXX object esp-idf/esp_matter/CMakeFiles/__idf_esp_matter.dir/home/lenovo/esp-matter/connectedhomeip/connectedhomeip/src/app/clusters/basic-information/BasicInformationCluster.cpp.obj
[1190/1450] Building CXX object esp-idf/esp_matter/CMakeFiles/__idf_esp_matter.dir/home/lenovo/esp-matter/connectedhomeip/connectedhomeip/src/app/clusters/administrator-commissioning-server/AdministratorCommissioningLogic.cpp.obj
[1191/1450] Building CXX object esp-idf/esp_matter/CMakeFiles/__idf_esp_matter.dir/home/lenovo/esp-matter/connectedhomeip/connectedhomeip/src/app/clusters/resource-monitoring-server/ResourceMonitoringCluster.cpp.obj
[1192/1450] Building CXX object esp-idf/esp_matter/CMakeFiles/__idf_esp_matter.dir/home/lenovo/esp-matter/connectedhomeip/connectedhomeip/src/app/clusters/application-launcher-server/application-launcher-server.cpp.obj
[1193/1450] Building CXX object esp-idf/esp_matter/CMakeFiles/__idf_esp_matter.dir/home/lenovo/esp-matter/connectedhomeip/connectedhomeip/src/app/clusters/actions-server/actions-server.cpp.obj
[1194/1450] Building CXX object esp-idf/esp_matter/CMakeFiles/__idf_esp_matter.dir/home/lenovo/esp-matter/connectedhomeip/connectedhomeip/src/app/clusters/bindings/binding-table.cpp.obj
[1195/1450] Building CXX object esp-idf/esp_matter/CMakeFiles/__idf_esp_matter.dir/home/lenovo/esp-matter/connectedhomeip/connectedhomeip/src/app/clusters/access-control-server/access-control-cluster.cpp.obj
[1196/1450] Building CXX object esp-idf/esp_matter/CMakeFiles/__idf_esp_matter.dir/home/lenovo/esp-matter/connectedhomeip/connectedhomeip/src/app/clusters/audio-output-server/audio-output-server.cpp.obj
[1197/1450] Building CXX object esp-idf/esp_matter/CMakeFiles/__idf_esp_matter.dir/home/lenovo/esp-matter/connectedhomeip/connectedhomeip/src/app/clusters/bindings/PendingNotificationMap.cpp.obj
[1198/1450] Building CXX object esp-idf/esp_matter/CMakeFiles/__idf_esp_matter.dir/home/lenovo/esp-matter/connectedhomeip/connectedhomeip/src/app/clusters/air-quality-server/air-quality-server.cpp.obj
[1199/1450] Building CXX object esp-idf/esp_matter/CMakeFiles/__idf_esp_matter.dir/home/lenovo/esp-matter/connectedhomeip/connectedhomeip/src/app/clusters/administrator-commissioning-server/AdministratorCommissioningCluster.cpp.obj
[1200/1450] Building CXX object esp-idf/esp_matter/CMakeFiles/__idf_esp_matter.dir/home/lenovo/esp-matter/connectedhomeip/connectedhomeip/src/app/clusters/application-basic-server/application-basic-server.cpp.obj
[1201/1450] Building CXX object esp-idf/esp_matter/CMakeFiles/__idf_esp_matter.dir/home/lenovo/esp-matter/connectedhomeip/connectedhomeip/src/app/clusters/boolean-state-server/BooleanStateCluster.cpp.obj
[1202/1450] Building CXX object esp-idf/esp_matter/CMakeFiles/__idf_esp_matter.dir/home/lenovo/esp-matter/connectedhomeip/connectedhomeip/src/app/clusters/boolean-state-configuration-server/BooleanStateConfigurationCluster.cpp.obj
[1203/1450] Building CXX object esp-idf/esp_matter/CMakeFiles/__idf_esp_matter.dir/home/lenovo/esp-matter/connectedhomeip/connectedhomeip/src/app/clusters/bindings/BindingManager.cpp.obj
[1204/1450] Building CXX object esp-idf/esp_matter/CMakeFiles/__idf_esp_matter.dir/home/lenovo/esp-matter/connectedhomeip/connectedhomeip/src/app/clusters/boolean-state-configuration-server/BooleanStateConfigurationTestEventTriggerHandler.cpp.obj
[1205/1450] Building CXX object esp-idf/esp_matter/CMakeFiles/__idf_esp_matter.dir/home/lenovo/esp-matter/connectedhomeip/connectedhomeip/src/app/clusters/bindings/BindingCluster.cpp.obj
[1206/1450] Building CXX object esp-idf/esp_matter/CMakeFiles/__idf_esp_matter.dir/home/lenovo/esp-matter/connectedhomeip/connectedhomeip/src/app/clusters/channel-server/channel-server.cpp.obj
[1207/1450] Building CXX object esp-idf/esp_matter/CMakeFiles/__idf_esp_matter.dir/home/lenovo/esp-matter/connectedhomeip/connectedhomeip/src/app/clusters/closure-control-server/closure-control-cluster-logic.cpp.obj
[1208/1450] Building CXX object esp-idf/esp_matter/CMakeFiles/__idf_esp_matter.dir/home/lenovo/esp-matter/connectedhomeip/connectedhomeip/src/app/clusters/chime-server/ChimeCluster.cpp.obj
[1209/1450] Building CXX object esp-idf/esp_matter/CMakeFiles/__idf_esp_matter.dir/home/lenovo/esp-matter/connectedhomeip/connectedhomeip/src/app/clusters/bridged-device-basic-information-server/bridged-device-basic-information-server.cpp.obj
[1210/1450] Building CXX object esp-idf/esp_matter/CMakeFiles/__idf_esp_matter.dir/home/lenovo/esp-matter/connectedhomeip/connectedhomeip/src/app/clusters/closure-dimension-server/closure-dimension-cluster-logic.cpp.obj
[1211/1450] Building CXX object esp-idf/esp_matter/CMakeFiles/__idf_esp_matter.dir/home/lenovo/esp-matter/connectedhomeip/connectedhomeip/src/app/clusters/camera-av-settings-user-level-management-server/CameraAvSettingsUserLevelManagementCluster.cpp.obj
/home/lenovo/esp-matter/connectedhomeip/connectedhomeip/src/app/clusters/camera-av-settings-user-level-management-server/CameraAvSettingsUserLevelManagementCluster.cpp: In member function 'void chip::app::Clusters::CameraAvSettingsUserLevelManagement::CameraAvSettingsUserLevelManagementCluster::HandleMPTZSetPosition(chip::app::CommandHandlerInterface::HandlerContext&, const chip::app::Clusters::CameraAvSettingsUserLevelManagement::Commands::MPTZSetPosition::DecodableType&)':
/home/lenovo/esp-matter/connectedhomeip/connectedhomeip/src/app/clusters/camera-av-settings-user-level-management-server/CameraAvSettingsUserLevelManagementCluster.cpp:784:23: warning: '*(unsigned char*)((char*)&zoom + offsetof(chip::Optional<unsigned char>,chip::Optional<unsigned char>::mValueHolder.chip::Optional<unsigned char>::ValueHolder::<unnamed>.chip::Optional<unsigned char>::TrivialDestructor::mValue))' may be used uninitialized [-Wmaybe-uninitialized]
  784 |     Optional<uint8_t> zoom = commandData.zoom;
      |                       ^~~~
/home/lenovo/esp-matter/connectedhomeip/connectedhomeip/src/app/clusters/camera-av-settings-user-level-management-server/CameraAvSettingsUserLevelManagementCluster.cpp: In member function 'void chip::app::Clusters::CameraAvSettingsUserLevelManagement::CameraAvSettingsUserLevelManagementCluster::HandleMPTZRelativeMove(chip::app::CommandHandlerInterface::HandlerContext&, const chip::app::Clusters::CameraAvSettingsUserLevelManagement::Commands::MPTZRelativeMove::DecodableType&)':
/home/lenovo/esp-matter/connectedhomeip/connectedhomeip/src/app/clusters/camera-av-settings-user-level-management-server/CameraAvSettingsUserLevelManagementCluster.cpp:992:13: warning: '*(signed char*)((char*)&zoomDelta + offsetof(chip::Optional<signed char>,chip::Optional<signed char>::mValueHolder.chip::Optional<signed char>::ValueHolder::<unnamed>.chip::Optional<signed char>::TrivialDestructor::mValue))' may be used uninitialized [-Wmaybe-uninitialized]
  992 |         if (zoomDeltaValue > (mZoomMax - 1) || zoomDeltaValue < -(mZoomMax - 1))
      |             ^~~~~~~~~~~~~~
/home/lenovo/esp-matter/connectedhomeip/connectedhomeip/src/app/clusters/camera-av-settings-user-level-management-server/CameraAvSettingsUserLevelManagementCluster.cpp:899:22: note: '*(signed char*)((char*)&zoomDelta + offsetof(chip::Optional<signed char>,chip::Optional<signed char>::mValueHolder.chip::Optional<signed char>::ValueHolder::<unnamed>.chip::Optional<signed char>::TrivialDestructor::mValue))' was declared here
  899 |     Optional<int8_t> zoomDelta  = commandData.zoomDelta;
      |                      ^~~~~~~~~
In file included from /home/lenovo/esp-matter/connectedhomeip/connectedhomeip/src/lib/core/TLVReader.h:36,
                 from /home/lenovo/esp-matter/connectedhomeip/connectedhomeip/src/lib/core/TLVBackingStore.h:32,
                 from /home/lenovo/esp-matter/connectedhomeip/connectedhomeip/src/lib/core/TLV.h:32,
                 from /home/lenovo/esp-matter/connectedhomeip/connectedhomeip/src/app/MessageDef/Builder.h:28,
                 from /home/lenovo/esp-matter/connectedhomeip/connectedhomeip/src/app/MessageDef/ArrayBuilder.h:20,
                 from /home/lenovo/esp-matter/connectedhomeip/connectedhomeip/src/app/MessageDef/AttributeReportIBs.h:26,
                 from /home/lenovo/esp-matter/connectedhomeip/connectedhomeip/src/app/AttributeReportBuilder.h:19,
                 from /home/lenovo/esp-matter/connectedhomeip/connectedhomeip/src/app/AttributeAccessInterface.h:21,
                 from /home/lenovo/esp-matter/connectedhomeip/connectedhomeip/src/app/AttributeAccessInterfaceRegistry.h:18,
                 from /home/lenovo/esp-matter/connectedhomeip/connectedhomeip/src/app/clusters/camera-av-settings-user-level-management-server/CameraAvSettingsUserLevelManagementCluster.cpp:19:
In copy constructor 'constexpr chip::Optional<T>::Optional(const chip::Optional<T>&) [with T = signed char]',
    inlined from 'constexpr chip::Optional<T>::Optional(const chip::Optional<T>&) [with T = signed char]' at /home/lenovo/esp-matter/connectedhomeip/connectedhomeip/src/lib/core/Optional.h:74:5,
    inlined from 'void chip::app::Clusters::CameraAvSettingsUserLevelManagement::CameraAvSettingsUserLevelManagementCluster::HandleDPTZRelativeMove(chip::app::CommandHandlerInterface::HandlerContext&, const chip::app::Clusters::CameraAvSettingsUserLevelManagement::Commands::DPTZRelativeMove::DecodableType&)' at /home/lenovo/esp-matter/connectedhomeip/connectedhomeip/src/app/clusters/camera-av-settings-user-level-management-server/CameraAvSettingsUserLevelManagementCluster.cpp:1348:47:
/home/lenovo/esp-matter/connectedhomeip/connectedhomeip/src/lib/core/Optional.h:72:13: warning: '*(signed char*)((char*)&zoomDelta + offsetof(chip::Optional<signed char>,chip::Optional<signed char>::mValueHolder.chip::Optional<signed char>::ValueHolder::<unnamed>.chip::Optional<signed char>::TrivialDestructor::mValue))' may be used uninitialized [-Wmaybe-uninitialized]
   72 |             new (&mValueHolder.mValue.mData) T(other.mValueHolder.mValue.mData);
      |             ^~~~~~~~~~~~~~~~~~~~~~~~~~~~~~~~~~~~~~~~~~~~~~~~~~~~~~~~~~~~~~~~~~~
/home/lenovo/esp-matter/connectedhomeip/connectedhomeip/src/app/clusters/camera-av-settings-user-level-management-server/CameraAvSettingsUserLevelManagementCluster.cpp: In member function 'void chip::app::Clusters::CameraAvSettingsUserLevelManagement::CameraAvSettingsUserLevelManagementCluster::HandleDPTZRelativeMove(chip::app::CommandHandlerInterface::HandlerContext&, const chip::app::Clusters::CameraAvSettingsUserLevelManagement::Commands::DPTZRelativeMove::DecodableType&)':
/home/lenovo/esp-matter/connectedhomeip/connectedhomeip/src/app/clusters/camera-av-settings-user-level-management-server/CameraAvSettingsUserLevelManagementCluster.cpp:1319:22: note: '*(signed char*)((char*)&zoomDelta + offsetof(chip::Optional<signed char>,chip::Optional<signed char>::mValueHolder.chip::Optional<signed char>::ValueHolder::<unnamed>.chip::Optional<signed char>::TrivialDestructor::mValue))' was declared here
 1319 |     Optional<int8_t> zoomDelta = commandData.zoomDelta;
      |                      ^~~~~~~~~
[1212/1450] Building CXX object esp-idf/esp_matter/CMakeFiles/__idf_esp_matter.dir/home/lenovo/esp-matter/connectedhomeip/connectedhomeip/src/app/clusters/closure-dimension-server/closure-dimension-matter-context.cpp.obj
[1213/1450] Building CXX object esp-idf/esp_matter/CMakeFiles/__idf_esp_matter.dir/home/lenovo/esp-matter/connectedhomeip/connectedhomeip/src/app/clusters/commissioner-control-server/commissioner-control-server.cpp.obj
[1214/1450] Building CXX object esp-idf/esp_matter/CMakeFiles/__idf_esp_matter.dir/home/lenovo/esp-matter/connectedhomeip/connectedhomeip/src/app/clusters/closure-control-server/closure-control-server.cpp.obj
[1215/1450] Building CXX object esp-idf/esp_matter/CMakeFiles/__idf_esp_matter.dir/home/lenovo/esp-matter/connectedhomeip/connectedhomeip/src/app/clusters/color-control-server/color-control-server.cpp.obj
/home/lenovo/esp-matter/connectedhomeip/connectedhomeip/src/app/clusters/color-control-server/color-control-server.cpp: In member function 'chip::Protocols::InteractionModel::Status ColorControlServer::moveToHueCommand(chip::EndpointId, uint16_t, DirectionEnum, uint16_t, chip::BitMask<chip::app::Clusters::ColorControl::OptionsBitmap>, chip::BitMask<chip::app::Clusters::ColorControl::OptionsBitmap>, bool)':
/home/lenovo/esp-matter/connectedhomeip/connectedhomeip/src/app/clusters/color-control-server/color-control-server.cpp:1591:58: warning: 'direction' may be used uninitialized [-Wmaybe-uninitialized]
 1591 |     colorHueTransitionState->up             = (direction == DirectionEnum::kUp);
      |                                               ~~~~~~~~~~~^~~~~~~~~~~~~~~~~~~~~~
/home/lenovo/esp-matter/connectedhomeip/connectedhomeip/src/app/clusters/color-control-server/color-control-server.cpp:1514:19: note: 'direction' was declared here
 1514 |     DirectionEnum direction;
      |                   ^~~~~~~~~
[1216/1450] Building CXX object esp-idf/esp_matter/CMakeFiles/__idf_esp_matter.dir/home/lenovo/esp-matter/connectedhomeip/connectedhomeip/src/app/clusters/closure-dimension-server/closure-dimension-server.cpp.obj
[1217/1450] Building CXX object esp-idf/esp_matter/CMakeFiles/__idf_esp_matter.dir/home/lenovo/esp-matter/connectedhomeip/connectedhomeip/src/app/clusters/camera-av-stream-management-server/CameraAVStreamManagementCluster.cpp.obj
[1218/1450] Building CXX object esp-idf/esp_matter/CMakeFiles/__idf_esp_matter.dir/home/lenovo/esp-matter/connectedhomeip/connectedhomeip/src/app/clusters/content-control-server/content-control-server.cpp.obj
[1219/1450] Building CXX object esp-idf/esp_matter/CMakeFiles/__idf_esp_matter.dir/home/lenovo/esp-matter/connectedhomeip/connectedhomeip/src/app/clusters/commodity-tariff-server/commodity-tariff-server.cpp.obj
[1220/1450] Building CXX object esp-idf/esp_matter/CMakeFiles/__idf_esp_matter.dir/home/lenovo/esp-matter/connectedhomeip/connectedhomeip/src/app/clusters/content-launch-server/content-launch-server.cpp.obj
[1221/1450] Building CXX object esp-idf/esp_matter/CMakeFiles/__idf_esp_matter.dir/home/lenovo/esp-matter/connectedhomeip/connectedhomeip/zzz_generated/app-common/app-common/zap-generated/attributes/Accessors.cpp.obj
[1222/1450] Building CXX object esp-idf/esp_matter/CMakeFiles/__idf_esp_matter.dir/home/lenovo/esp-matter/connectedhomeip/connectedhomeip/src/app/clusters/commodity-metering-server/commodity-metering-server.cpp.obj
[1223/1450] Building CXX object esp-idf/esp_matter/CMakeFiles/__idf_esp_matter.dir/home/lenovo/esp-matter/connectedhomeip/connectedhomeip/src/app/clusters/descriptor/DescriptorCluster.cpp.obj
[1224/1450] Building CXX object esp-idf/esp_matter/CMakeFiles/__idf_esp_matter.dir/home/lenovo/esp-matter/connectedhomeip/connectedhomeip/src/app/clusters/content-app-observer/content-app-observer.cpp.obj
[1225/1450] Building CXX object esp-idf/esp_matter/CMakeFiles/__idf_esp_matter.dir/home/lenovo/esp-matter/connectedhomeip/connectedhomeip/src/app/clusters/commodity-price-server/commodity-price-server.cpp.obj
[1226/1450] Building CXX object esp-idf/esp_matter/CMakeFiles/__idf_esp_matter.dir/home/lenovo/esp-matter/connectedhomeip/connectedhomeip/src/app/clusters/diagnostic-logs-server/BDXDiagnosticLogsProvider.cpp.obj
[1227/1450] Building CXX object esp-idf/esp_matter/CMakeFiles/__idf_esp_matter.dir/home/lenovo/esp-matter/connectedhomeip/connectedhomeip/src/app/clusters/device-energy-management-server/DeviceEnergyManagementCluster.cpp.obj
[1228/1450] Building CXX object esp-idf/esp_matter/CMakeFiles/__idf_esp_matter.dir/home/lenovo/esp-matter/connectedhomeip/connectedhomeip/src/app/clusters/commodity-tariff-server/CommodityTariffAttrsDataMgmt.cpp.obj
[1229/1450] Building CXX object esp-idf/esp_matter/CMakeFiles/__idf_esp_matter.dir/home/lenovo/esp-matter/connectedhomeip/connectedhomeip/src/app/clusters/mode-base-server/mode-base-server.cpp.obj
[1230/1450] Building CXX object esp-idf/esp_matter/CMakeFiles/__idf_esp_matter.dir/home/lenovo/esp-matter/connectedhomeip/connectedhomeip/src/app/clusters/electrical-power-measurement-server/ElectricalPowerMeasurementCluster.cpp.obj
[1231/1450] Building CXX object esp-idf/esp_matter/CMakeFiles/__idf_esp_matter.dir/home/lenovo/esp-matter/connectedhomeip/connectedhomeip/src/app/clusters/electrical-energy-measurement-server/ElectricalEnergyMeasurementCluster.cpp.obj
[1232/1450] Building CXX object esp-idf/esp_matter/CMakeFiles/__idf_esp_matter.dir/home/lenovo/esp-matter/connectedhomeip/connectedhomeip/src/app/clusters/dishwasher-alarm-server/dishwasher-alarm-server.cpp.obj
[1233/1450] Building CXX object esp-idf/esp_matter/CMakeFiles/__idf_esp_matter.dir/home/lenovo/esp-matter/connectedhomeip/connectedhomeip/src/app/clusters/mode-base-server/mode-base-cluster-objects.cpp.obj
[1234/1450] Building CXX object esp-idf/esp_matter/CMakeFiles/__idf_esp_matter.dir/home/lenovo/esp-matter/connectedhomeip/connectedhomeip/src/app/clusters/meter-identification-server/meter-identification-server.cpp.obj
[1235/1450] Building CXX object esp-idf/esp_matter/CMakeFiles/__idf_esp_matter.dir/home/lenovo/esp-matter/connectedhomeip/connectedhomeip/src/app/clusters/electrical-grid-conditions-server/electrical-grid-conditions-server.cpp.obj
[1236/1450] Building CXX object esp-idf/esp_matter/CMakeFiles/__idf_esp_matter.dir/home/lenovo/esp-matter/connectedhomeip/connectedhomeip/src/app/clusters/ecosystem-information-server/ecosystem-information-server.cpp.obj
[1237/1450] Building CXX object esp-idf/esp_matter/CMakeFiles/__idf_esp_matter.dir/home/lenovo/esp-matter/connectedhomeip/connectedhomeip/src/app/clusters/diagnostic-logs-server/DiagnosticLogsCluster.cpp.obj
[1238/1450] Building CXX object esp-idf/esp_matter/CMakeFiles/__idf_esp_matter.dir/home/lenovo/esp-matter/connectedhomeip/connectedhomeip/src/app/clusters/door-lock-server/door-lock-server-callback.cpp.obj
[1239/1450] Building CXX object esp-idf/esp_matter/CMakeFiles/__idf_esp_matter.dir/home/lenovo/esp-matter/connectedhomeip/connectedhomeip/src/app/clusters/energy-preference-server/energy-preference-server.cpp.obj
[1240/1450] Building CXX object esp-idf/esp_matter/CMakeFiles/__idf_esp_matter.dir/home/lenovo/esp-matter/connectedhomeip/connectedhomeip/src/app/clusters/door-lock-server/door-lock-server.cpp.obj
[1241/1450] Building CXX object esp-idf/esp_matter/CMakeFiles/__idf_esp_matter.dir/home/lenovo/esp-matter/connectedhomeip/connectedhomeip/src/app/clusters/fault-injection-server/fault-injection-server.cpp.obj
[1242/1450] Building CXX object esp-idf/esp_matter/CMakeFiles/__idf_esp_matter.dir/home/lenovo/esp-matter/connectedhomeip/connectedhomeip/src/app/clusters/ethernet-network-diagnostics-server/EthernetDiagnosticsCluster.cpp.obj
[1243/1450] Building CXX object esp-idf/esp_matter/CMakeFiles/__idf_esp_matter.dir/home/lenovo/esp-matter/connectedhomeip/connectedhomeip/src/app/clusters/fan-control-server/fan-control-server.cpp.obj
[1244/1450] Building CXX object esp-idf/esp_matter/CMakeFiles/__idf_esp_matter.dir/home/lenovo/esp-matter/connectedhomeip/connectedhomeip/src/app/clusters/energy-evse-server/energy-evse-server.cpp.obj
[1245/1450] Building CXX object esp-idf/esp_matter/CMakeFiles/__idf_esp_matter.dir/home/lenovo/esp-matter/connectedhomeip/connectedhomeip/src/app/clusters/icd-management-server/ICDManagementCluster.cpp.obj
[1246/1450] Building CXX object esp-idf/esp_matter/CMakeFiles/__idf_esp_matter.dir/home/lenovo/esp-matter/connectedhomeip/connectedhomeip/src/app/clusters/fixed-label-server/FixedLabelCluster.cpp.obj
[1247/1450] Building CXX object esp-idf/esp_matter/CMakeFiles/__idf_esp_matter.dir/home/lenovo/esp-matter/connectedhomeip/connectedhomeip/src/app/clusters/groups-server/groups-server.cpp.obj
[1248/1450] Building CXX object esp-idf/esp_matter/CMakeFiles/__idf_esp_matter.dir/home/lenovo/esp-matter/connectedhomeip/connectedhomeip/src/app/clusters/general-diagnostics-server/GeneralDiagnosticsCluster.cpp.obj
[1249/1450] Building CXX object esp-idf/esp_matter/CMakeFiles/__idf_esp_matter.dir/home/lenovo/esp-matter/connectedhomeip/connectedhomeip/src/app/clusters/general-diagnostics-server/GenericFaultTestEventTriggerHandler.cpp.obj
[1250/1450] Building CXX object esp-idf/esp_matter/CMakeFiles/__idf_esp_matter.dir/home/lenovo/esp-matter/connectedhomeip/connectedhomeip/src/app/clusters/general-commissioning-server/GeneralCommissioningCluster.cpp.obj
[1251/1450] Building CXX object esp-idf/esp_matter/CMakeFiles/__idf_esp_matter.dir/home/lenovo/esp-matter/connectedhomeip/connectedhomeip/src/app/clusters/identify-server/IdentifyCluster.cpp.obj
[1252/1450] Building CXX object esp-idf/esp_matter/CMakeFiles/__idf_esp_matter.dir/home/lenovo/esp-matter/connectedhomeip/connectedhomeip/src/app/clusters/joint-fabric-datastore-server/joint-fabric-datastore-server.cpp.obj
[1253/1450] Building CXX object esp-idf/esp_matter/CMakeFiles/__idf_esp_matter.dir/home/lenovo/esp-matter/connectedhomeip/connectedhomeip/src/app/clusters/group-key-mgmt-server/GroupKeyManagementCluster.cpp.obj
[1254/1450] Building CXX object esp-idf/esp_matter/CMakeFiles/__idf_esp_matter.dir/home/lenovo/esp-matter/connectedhomeip/connectedhomeip/src/app/clusters/keypad-input-server/keypad-input-server.cpp.obj
[1255/1450] Building CXX object esp-idf/esp_matter/CMakeFiles/__idf_esp_matter.dir/home/lenovo/esp-matter/connectedhomeip/connectedhomeip/src/app/clusters/joint-fabric-administrator-server/JCMCommissionee.cpp.obj
[1256/1450] Building CXX object esp-idf/esp_matter/CMakeFiles/__idf_esp_matter.dir/home/lenovo/esp-matter/connectedhomeip/connectedhomeip/src/app/clusters/low-power-server/low-power-server.cpp.obj
[1257/1450] Building CXX object esp-idf/esp_matter/CMakeFiles/__idf_esp_matter.dir/home/lenovo/esp-matter/connectedhomeip/connectedhomeip/src/app/clusters/media-playback-server/media-playback-server.cpp.obj
[1258/1450] Building CXX object esp-idf/esp_matter/CMakeFiles/__idf_esp_matter.dir/home/lenovo/esp-matter/connectedhomeip/connectedhomeip/src/app/clusters/network-commissioning/WifiScanResponse.cpp.obj
[1259/1450] Building CXX object esp-idf/esp_matter/CMakeFiles/__idf_esp_matter.dir/home/lenovo/esp-matter/connectedhomeip/connectedhomeip/src/app/clusters/network-commissioning/ThreadScanResponse.cpp.obj
[1260/1450] Building CXX object esp-idf/esp_matter/CMakeFiles/__idf_esp_matter.dir/home/lenovo/esp-matter/connectedhomeip/connectedhomeip/src/app/clusters/microwave-oven-control-server/microwave-oven-control-server.cpp.obj
[1261/1450] Building CXX object esp-idf/esp_matter/CMakeFiles/__idf_esp_matter.dir/home/lenovo/esp-matter/connectedhomeip/connectedhomeip/src/app/clusters/joint-fabric-administrator-server/joint-fabric-administrator-server.cpp.obj
