#
# There is insufficient memory for the Java Runtime Environment to continue.
# Native memory allocation (malloc) failed to allocate 240432 bytes. Error detail: Chunk::new
# Possible reasons:
#   The system is out of physical RAM or swap space
#   This process is running with CompressedOops enabled, and the Java Heap may be blocking the growth of the native heap
# Possible solutions:
#   Reduce memory load on the system
#   Increase physical memory or swap space
#   Check if swap backing store is full
#   Decrease Java heap size (-Xmx/-Xms)
#   Decrease number of Java threads
#   Decrease Java thread stack sizes (-Xss)
#   Set larger code cache with -XX:ReservedCodeCacheSize=
#   JVM is running with Unscaled Compressed Oops mode in which the Java heap is
#     placed in the first 4GB address space. The Java Heap base address is the
#     maximum limit for the native heap growth. Please use -XX:HeapBaseMinAddress
#     to set the Java Heap base and to place the Java Heap above 4GB virtual address.
# This output file may be truncated or incomplete.
#
#  Out of Memory Error (arena.cpp:168), pid=14008, tid=19420
#
# JRE version: OpenJDK Runtime Environment Temurin-21.0.9+10 (21.0.9+10) (build 21.0.9+10-LTS)
# Java VM: OpenJDK 64-Bit Server VM Temurin-21.0.9+10 (21.0.9+10-LTS, mixed mode, sharing, tiered, compressed oops, compressed class ptrs, parallel gc, windows-amd64)
# No core dump will be written. Minidumps are not enabled by default on client versions of Windows
#

---------------  S U M M A R Y ------------

Command Line: --add-modules=ALL-SYSTEM --add-opens=java.base/java.util=ALL-UNNAMED --add-opens=java.base/java.lang=ALL-UNNAMED --add-opens=java.base/sun.nio.fs=ALL-UNNAMED -Declipse.application=org.eclipse.jdt.ls.core.id1 -Dosgi.bundles.defaultStartLevel=4 -Declipse.product=org.eclipse.jdt.ls.core.product -Djava.import.generatesMetadataFilesAtProjectRoot=false -DDetectVMInstallationsJob.disabled=true -Dfile.encoding=utf8 -XX:+UseParallelGC -XX:GCTimeRatio=4 -XX:AdaptiveSizePolicyWeight=90 -Dsun.zip.disableMemoryMapping=true -Xmx2G -Xms100m -Xlog:disable -javaagent:c:\Users\Administrator\.vscode\extensions\redhat.java-1.49.0-win32-x64\lombok\lombok-1.18.39-4050.jar c:\Users\Administrator\.vscode\extensions\redhat.java-1.49.0-win32-x64\server\plugins\org.eclipse.equinox.launcher_1.7.100.v20251111-0406.jar -configuration c:\Users\Administrator\AppData\Roaming\Code\User\globalStorage\redhat.java\1.49.0\config_ss_win -data c:\Users\Administrator\AppData\Roaming\Code\User\workspaceStorage\90c1b1d49ee4f25728c566fe5766b6ab\redhat.java\ss_ws --pipe=\\.\pipe\lsp-065a24d4b771c34bab89c89063d2c627-sock

Host: Intel(R) Pentium(R) CPU G3240 @ 3.10GHz, 2 cores, 5G,  Windows 10 , 64 bit Build 19041 (10.0.19041.5915)
Time: Thu Nov 27 10:09:20 2025 elapsed time: 20.188813 seconds (0d 0h 0m 20s)

---------------  T H R E A D  ---------------

Current thread (0x000001d5eba75020):  JavaThread "C2 CompilerThread0" daemon [_thread_in_native, id=19420, stack(0x0000002adae00000,0x0000002adaf00000) (1024K)]


Current CompileTask:
C2:20188 3387       4       java.lang.invoke.MethodType::makeImpl (109 bytes)

Stack: [0x0000002adae00000,0x0000002adaf00000]
Native frames: (J=compiled Java code, j=interpreted, Vv=VM code, C=native code)
V  [jvm.dll+0x6d6e29]
V  [jvm.dll+0x8b4b76]
V  [jvm.dll+0x8b712e]
V  [jvm.dll+0x8b7813]
V  [jvm.dll+0x283d86]
V  [jvm.dll+0xc66ed]
V  [jvm.dll+0xc6c31]
V  [jvm.dll+0x14210f]
V  [jvm.dll+0x65f832]
V  [jvm.dll+0x663d13]
V  [jvm.dll+0x24be1b]
V  [jvm.dll+0x24b580]
V  [jvm.dll+0x1cb13e]
V  [jvm.dll+0x25b29d]
V  [jvm.dll+0x25982a]
V  [jvm.dll+0x3f7ea6]
V  [jvm.dll+0x85e9ad]
V  [jvm.dll+0x6d565d]
C  [ucrtbase.dll+0x21bb2]
C  [KERNEL32.DLL+0x17374]
C  [ntdll.dll+0x4cc91]


---------------  P R O C E S S  ---------------

Threads class SMR info:
_java_thread_list=0x000001d5ff451090, length=20, elements={
0x000001d5e9a04ff0, 0x000001d5eba6c580, 0x000001d5eba6d380, 0x000001d5eba71fa0,
0x000001d5eba729f0, 0x000001d5eba737a0, 0x000001d5eba741f0, 0x000001d5eba75020,
0x000001d5ebaeb890, 0x000001d5febd2ca0, 0x000001d5fecf2e30, 0x000001d5ff254940,
0x000001d5ff237f10, 0x000001d5ff25f820, 0x000001d5ff1c42d0, 0x000001d5c930c8f0,
0x000001d5c94edce0, 0x000001d5c94eea00, 0x000001d5c94ecfc0, 0x000001d5c94ed650
}

Java Threads: ( => current thread )
  0x000001d5e9a04ff0 JavaThread "main"                              [_thread_blocked, id=11804, stack(0x0000002ada400000,0x0000002ada500000) (1024K)]
  0x000001d5eba6c580 JavaThread "Reference Handler"          daemon [_thread_blocked, id=25696, stack(0x0000002ada800000,0x0000002ada900000) (1024K)]
  0x000001d5eba6d380 JavaThread "Finalizer"                  daemon [_thread_blocked, id=14396, stack(0x0000002ada900000,0x0000002adaa00000) (1024K)]
  0x000001d5eba71fa0 JavaThread "Signal Dispatcher"          daemon [_thread_blocked, id=26260, stack(0x0000002adaa00000,0x0000002adab00000) (1024K)]
  0x000001d5eba729f0 JavaThread "Attach Listener"            daemon [_thread_blocked, id=23580, stack(0x0000002adab00000,0x0000002adac00000) (1024K)]
  0x000001d5eba737a0 JavaThread "Service Thread"             daemon [_thread_blocked, id=3124, stack(0x0000002adac00000,0x0000002adad00000) (1024K)]
  0x000001d5eba741f0 JavaThread "Monitor Deflation Thread"   daemon [_thread_blocked, id=13484, stack(0x0000002adad00000,0x0000002adae00000) (1024K)]
=>0x000001d5eba75020 JavaThread "C2 CompilerThread0"         daemon [_thread_in_native, id=19420, stack(0x0000002adae00000,0x0000002adaf00000) (1024K)]
  0x000001d5ebaeb890 JavaThread "C1 CompilerThread0"         daemon [_thread_blocked, id=27780, stack(0x0000002adaf00000,0x0000002adb000000) (1024K)]
  0x000001d5febd2ca0 JavaThread "Common-Cleaner"             daemon [_thread_blocked, id=15712, stack(0x0000002adb000000,0x0000002adb100000) (1024K)]
  0x000001d5fecf2e30 JavaThread "Notification Thread"        daemon [_thread_blocked, id=15340, stack(0x0000002adb100000,0x0000002adb200000) (1024K)]
  0x000001d5ff254940 JavaThread "Active Thread: Equinox Container: 25edad72-938e-454a-9375-d9a9687a2573"        [_thread_blocked, id=22740, stack(0x0000002adb500000,0x0000002adb600000) (1024K)]
  0x000001d5ff237f10 JavaThread "Framework Event Dispatcher: Equinox Container: 25edad72-938e-454a-9375-d9a9687a2573" daemon [_thread_blocked, id=23128, stack(0x0000002adb600000,0x0000002adb700000) (1024K)]
  0x000001d5ff25f820 JavaThread "Start Level: Equinox Container: 25edad72-938e-454a-9375-d9a9687a2573" daemon [_thread_in_Java, id=4388, stack(0x0000002adb700000,0x0000002adb800000) (1024K)]
  0x000001d5ff1c42d0 JavaThread "Refresh Thread: Equinox Container: 25edad72-938e-454a-9375-d9a9687a2573" daemon [_thread_blocked, id=15024, stack(0x0000002adb800000,0x0000002adb900000) (1024K)]
  0x000001d5c930c8f0 JavaThread "SCR Component Actor"        daemon [_thread_blocked, id=13448, stack(0x0000002adb900000,0x0000002adba00000) (1024K)]
  0x000001d5c94edce0 JavaThread "Worker-JM"                         [_thread_blocked, id=400, stack(0x0000002adba00000,0x0000002adbb00000) (1024K)]
  0x000001d5c94eea00 JavaThread "Worker-0"                          [_thread_blocked, id=29316, stack(0x0000002adbb00000,0x0000002adbc00000) (1024K)]
  0x000001d5c94ecfc0 JavaThread "Worker-1"                          [_thread_blocked, id=17232, stack(0x0000002adbc00000,0x0000002adbd00000) (1024K)]
  0x000001d5c94ed650 JavaThread "Java indexing"              daemon [_thread_blocked, id=28664, stack(0x0000002adbd00000,0x0000002adbe00000) (1024K)]
Total: 20

Other Threads:
  0x000001d5eba48fe0 VMThread "VM Thread"                           [id=7124, stack(0x0000002ada700000,0x0000002ada800000) (1024K)]
  0x000001d5eba01250 WatcherThread "VM Periodic Task Thread"        [id=3836, stack(0x0000002ada600000,0x0000002ada700000) (1024K)]
  0x000001d5ebbdcfa0 WorkerThread "GC Thread#0"                     [id=18016, stack(0x0000002ada500000,0x0000002ada600000) (1024K)]
  0x000001d5fef73720 WorkerThread "GC Thread#1"                     [id=20320, stack(0x0000002adb200000,0x0000002adb300000) (1024K)]
Total: 4

Threads with active compile tasks:
C2 CompilerThread0  20227 3387       4       java.lang.invoke.MethodType::makeImpl (109 bytes)
Total: 1

VM state: not at safepoint (normal execution)

VM Mutex/Monitor currently owned by a thread: None

Heap address: 0x0000000080000000, size: 2048 MB, Compressed Oops mode: 32-bit

CDS archive(s) mapped at: [0x000001d584000000-0x000001d584ba0000-0x000001d584ba0000), size 12189696, SharedBaseAddress: 0x000001d584000000, ArchiveRelocationMode: 1.
Compressed class space mapped at: 0x000001d585000000-0x000001d5c5000000, reserved size: 1073741824
Narrow klass base: 0x000001d584000000, Narrow klass shift: 0, Narrow klass range: 0x100000000

GC Precious Log:
 CardTable entry size: 512
 CPUs: 2 total, 2 available
 Memory: 6069M
 Large Page Support: Disabled
 NUMA Support: Disabled
 Compressed Oops: Enabled (32-bit)
 Alignments: Space 512K, Generation 512K, Heap 2M
 Heap Min Capacity: 100M
 Heap Initial Capacity: 100M
 Heap Max Capacity: 2G
 Pre-touch: Disabled
 Parallel Workers: 2

Heap:
 PSYoungGen      total 30208K, used 23259K [0x00000000d5580000, 0x00000000d7980000, 0x0000000100000000)
  eden space 25088K, 92% used [0x00000000d5580000,0x00000000d6c36e98,0x00000000d6e00000)
  from space 5120K, 0% used [0x00000000d7480000,0x00000000d7480000,0x00000000d7980000)
  to   space 5632K, 0% used [0x00000000d6e80000,0x00000000d6e80000,0x00000000d7400000)
 ParOldGen       total 68608K, used 10345K [0x0000000080000000, 0x0000000084300000, 0x00000000d5580000)
  object space 68608K, 15% used [0x0000000080000000,0x0000000080a1a660,0x0000000084300000)
 Metaspace       used 22264K, committed 22912K, reserved 1114112K
  class space    used 2115K, committed 2432K, reserved 1048576K

Card table byte_map: [0x000001d5eb570000,0x000001d5eb980000] _byte_map_base: 0x000001d5eb170000

Marking Bits: (ParMarkBitMap*) 0x00007ffeb20c2460
 Begin Bits: [0x000001d580000000, 0x000001d582000000)
 End Bits:   [0x000001d582000000, 0x000001d584000000)

Polling page: 0x000001d5e9b50000

Metaspace:

Usage:
  Non-class:     19.68 MB used.
      Class:      2.07 MB used.
       Both:     21.74 MB used.

Virtual space:
  Non-class space:       64.00 MB reserved,      20.00 MB ( 31%) committed,  1 nodes.
      Class space:        1.00 GB reserved,       2.38 MB ( <1%) committed,  1 nodes.
             Both:        1.06 GB reserved,      22.38 MB (  2%) committed. 

Chunk freelists:
   Non-Class:  11.70 MB
       Class:  13.48 MB
        Both:  25.18 MB

MaxMetaspaceSize: unlimited
CompressedClassSpaceSize: 1.00 GB
Initial GC threshold: 21.00 MB
Current GC threshold: 35.00 MB
CDS: on
 - commit_granule_bytes: 65536.
 - commit_granule_words: 8192.
 - virtual_space_node_default_size: 8388608.
 - enlarge_chunks_in_place: 1.
 - use_allocation_guard: 0.


Internal statistics:

num_allocs_failed_limit: 3.
num_arena_births: 466.
num_arena_deaths: 14.
num_vsnodes_births: 2.
num_vsnodes_deaths: 0.
num_space_committed: 358.
num_space_uncommitted: 0.
num_chunks_returned_to_freelist: 17.
num_chunks_taken_from_freelist: 1270.
num_chunk_merges: 9.
num_chunk_splits: 850.
num_chunks_enlarged: 571.
num_inconsistent_stats: 0.

CodeHeap 'non-profiled nmethods': size=120064Kb used=1478Kb max_used=1478Kb free=118585Kb
 bounds [0x000001d5f6890000, 0x000001d5f6b00000, 0x000001d5fddd0000]
CodeHeap 'profiled nmethods': size=120000Kb used=7345Kb max_used=7345Kb free=112654Kb
 bounds [0x000001d5eedd0000, 0x000001d5ef500000, 0x000001d5f6300000]
CodeHeap 'non-nmethods': size=5696Kb used=1306Kb max_used=1344Kb free=4389Kb
 bounds [0x000001d5f6300000, 0x000001d5f6570000, 0x000001d5f6890000]
CodeCache: size=245760Kb, used=10129Kb, max_used=10167Kb, free=235628Kb
 total_blobs=4019, nmethods=3428, adapters=498, full_count=0
Compilation: enabled, stopped_count=0, restarted_count=0

Compilation events (20 events):
Event: 20.172 Thread 0x000001d5ebaeb890 3392       1       java.util.concurrent.atomic.AtomicReference::set (6 bytes)
Event: 20.179 Thread 0x000001d5ebaeb890 nmethod 3392 0x000001d5f69ff610 code [0x000001d5f69ff7a0, 0x000001d5f69ff888]
Event: 20.184 Thread 0x000001d5ebaeb890 3394       1       sun.util.locale.BaseLocale::getRegion (5 bytes)
Event: 20.184 Thread 0x000001d5ebaeb890 nmethod 3394 0x000001d5f69ff910 code [0x000001d5f69ffaa0, 0x000001d5f69ffb68]
Event: 20.184 Thread 0x000001d5ebaeb890 3395       1       sun.util.locale.StringTokenIterator::isDone (5 bytes)
Event: 20.184 Thread 0x000001d5ebaeb890 nmethod 3395 0x000001d5f69ffc10 code [0x000001d5f69ffda0, 0x000001d5f69ffe70]
Event: 20.184 Thread 0x000001d5ebaeb890 3396       3       sun.util.locale.LocaleUtils::toLower (17 bytes)
Event: 20.185 Thread 0x000001d5ebaeb890 nmethod 3396 0x000001d5ef4e3310 code [0x000001d5ef4e34c0, 0x000001d5ef4e36d8]
Event: 20.185 Thread 0x000001d5ebaeb890 3397       1       sun.util.locale.BaseLocale::getVariant (5 bytes)
Event: 20.185 Thread 0x000001d5ebaeb890 nmethod 3397 0x000001d5f69fff10 code [0x000001d5f6a000a0, 0x000001d5f6a00168]
Event: 20.185 Thread 0x000001d5ebaeb890 3398       1       sun.util.locale.BaseLocale::getScript (5 bytes)
Event: 20.185 Thread 0x000001d5ebaeb890 nmethod 3398 0x000001d5f6a00210 code [0x000001d5f6a003a0, 0x000001d5f6a00468]
Event: 20.185 Thread 0x000001d5ebaeb890 3400       1       sun.util.locale.StringTokenIterator::current (5 bytes)
Event: 20.186 Thread 0x000001d5ebaeb890 nmethod 3400 0x000001d5f6a00510 code [0x000001d5f6a006a0, 0x000001d5f6a00768]
Event: 20.186 Thread 0x000001d5ebaeb890 3401       3       sun.util.locale.LocaleUtils::isAlpha (30 bytes)
Event: 20.186 Thread 0x000001d5ebaeb890 nmethod 3401 0x000001d5ef4e3790 code [0x000001d5ef4e3940, 0x000001d5ef4e3b10]
Event: 20.186 Thread 0x000001d5ebaeb890 3402       1       sun.util.locale.BaseLocale$Key::hashCode (5 bytes)
Event: 20.186 Thread 0x000001d5ebaeb890 nmethod 3402 0x000001d5f6a00810 code [0x000001d5f6a009a0, 0x000001d5f6a00a68]
Event: 20.186 Thread 0x000001d5ebaeb890 3403       3       sun.util.locale.LocaleUtils::toLowerString (95 bytes)
Event: 20.187 Thread 0x000001d5ebaeb890 nmethod 3403 0x000001d5ef4e3b90 code [0x000001d5ef4e3e60, 0x000001d5ef4e4f00]

GC Heap History (14 events):
Event: 2.344 GC heap before
{Heap before GC invocations=1 (full 0):
 PSYoungGen      total 29696K, used 25600K [0x00000000d5580000, 0x00000000d7680000, 0x0000000100000000)
  eden space 25600K, 100% used [0x00000000d5580000,0x00000000d6e80000,0x00000000d6e80000)
  from space 4096K, 0% used [0x00000000d7280000,0x00000000d7280000,0x00000000d7680000)
  to   space 4096K, 0% used [0x00000000d6e80000,0x00000000d6e80000,0x00000000d7280000)
 ParOldGen       total 68608K, used 0K [0x0000000080000000, 0x0000000084300000, 0x00000000d5580000)
  object space 68608K, 0% used [0x0000000080000000,0x0000000080000000,0x0000000084300000)
 Metaspace       used 4367K, committed 4608K, reserved 1114112K
  class space    used 477K, committed 576K, reserved 1048576K
}
Event: 2.385 GC heap after
{Heap after GC invocations=1 (full 0):
 PSYoungGen      total 29696K, used 3432K [0x00000000d5580000, 0x00000000d7680000, 0x0000000100000000)
  eden space 25600K, 0% used [0x00000000d5580000,0x00000000d5580000,0x00000000d6e80000)
  from space 4096K, 83% used [0x00000000d6e80000,0x00000000d71da158,0x00000000d7280000)
  to   space 4096K, 0% used [0x00000000d7280000,0x00000000d7280000,0x00000000d7680000)
 ParOldGen       total 68608K, used 0K [0x0000000080000000, 0x0000000084300000, 0x00000000d5580000)
  object space 68608K, 0% used [0x0000000080000000,0x0000000080000000,0x0000000084300000)
 Metaspace       used 4367K, committed 4608K, reserved 1114112K
  class space    used 477K, committed 576K, reserved 1048576K
}
Event: 5.256 GC heap before
{Heap before GC invocations=2 (full 0):
 PSYoungGen      total 29696K, used 29032K [0x00000000d5580000, 0x00000000d7680000, 0x0000000100000000)
  eden space 25600K, 100% used [0x00000000d5580000,0x00000000d6e80000,0x00000000d6e80000)
  from space 4096K, 83% used [0x00000000d6e80000,0x00000000d71da158,0x00000000d7280000)
  to   space 4096K, 0% used [0x00000000d7280000,0x00000000d7280000,0x00000000d7680000)
 ParOldGen       total 68608K, used 0K [0x0000000080000000, 0x0000000084300000, 0x00000000d5580000)
  object space 68608K, 0% used [0x0000000080000000,0x0000000080000000,0x0000000084300000)
 Metaspace       used 8312K, committed 8640K, reserved 1114112K
  class space    used 883K, committed 1024K, reserved 1048576K
}
Event: 5.264 GC heap after
{Heap after GC invocations=2 (full 0):
 PSYoungGen      total 29696K, used 4086K [0x00000000d5580000, 0x00000000d7680000, 0x0000000100000000)
  eden space 25600K, 0% used [0x00000000d5580000,0x00000000d5580000,0x00000000d6e80000)
  from space 4096K, 99% used [0x00000000d7280000,0x00000000d767da08,0x00000000d7680000)
  to   space 4096K, 0% used [0x00000000d6e80000,0x00000000d6e80000,0x00000000d7280000)
 ParOldGen       total 68608K, used 758K [0x0000000080000000, 0x0000000084300000, 0x00000000d5580000)
  object space 68608K, 1% used [0x0000000080000000,0x00000000800bd820,0x0000000084300000)
 Metaspace       used 8312K, committed 8640K, reserved 1114112K
  class space    used 883K, committed 1024K, reserved 1048576K
}
Event: 7.075 GC heap before
{Heap before GC invocations=3 (full 0):
 PSYoungGen      total 29696K, used 29686K [0x00000000d5580000, 0x00000000d7680000, 0x0000000100000000)
  eden space 25600K, 100% used [0x00000000d5580000,0x00000000d6e80000,0x00000000d6e80000)
  from space 4096K, 99% used [0x00000000d7280000,0x00000000d767da08,0x00000000d7680000)
  to   space 4096K, 0% used [0x00000000d6e80000,0x00000000d6e80000,0x00000000d7280000)
 ParOldGen       total 68608K, used 758K [0x0000000080000000, 0x0000000084300000, 0x00000000d5580000)
  object space 68608K, 1% used [0x0000000080000000,0x00000000800bd820,0x0000000084300000)
 Metaspace       used 9547K, committed 9984K, reserved 1114112K
  class space    used 1001K, committed 1216K, reserved 1048576K
}
Event: 7.084 GC heap after
{Heap after GC invocations=3 (full 0):
 PSYoungGen      total 29696K, used 4087K [0x00000000d5580000, 0x00000000d7680000, 0x0000000100000000)
  eden space 25600K, 0% used [0x00000000d5580000,0x00000000d5580000,0x00000000d6e80000)
  from space 4096K, 99% used [0x00000000d6e80000,0x00000000d727dfb8,0x00000000d7280000)
  to   space 4096K, 0% used [0x00000000d7280000,0x00000000d7280000,0x00000000d7680000)
 ParOldGen       total 68608K, used 3230K [0x0000000080000000, 0x0000000084300000, 0x00000000d5580000)
  object space 68608K, 4% used [0x0000000080000000,0x0000000080327ad0,0x0000000084300000)
 Metaspace       used 9547K, committed 9984K, reserved 1114112K
  class space    used 1001K, committed 1216K, reserved 1048576K
}
Event: 9.523 GC heap before
{Heap before GC invocations=4 (full 0):
 PSYoungGen      total 29696K, used 29687K [0x00000000d5580000, 0x00000000d7680000, 0x0000000100000000)
  eden space 25600K, 100% used [0x00000000d5580000,0x00000000d6e80000,0x00000000d6e80000)
  from space 4096K, 99% used [0x00000000d6e80000,0x00000000d727dfb8,0x00000000d7280000)
  to   space 4096K, 0% used [0x00000000d7280000,0x00000000d7280000,0x00000000d7680000)
 ParOldGen       total 68608K, used 3230K [0x0000000080000000, 0x0000000084300000, 0x00000000d5580000)
  object space 68608K, 4% used [0x0000000080000000,0x0000000080327ad0,0x0000000084300000)
 Metaspace       used 14021K, committed 14528K, reserved 1114112K
  class space    used 1439K, committed 1664K, reserved 1048576K
}
Event: 9.530 GC heap after
{Heap after GC invocations=4 (full 0):
 PSYoungGen      total 29696K, used 4075K [0x00000000d5580000, 0x00000000d7680000, 0x0000000100000000)
  eden space 25600K, 0% used [0x00000000d5580000,0x00000000d5580000,0x00000000d6e80000)
  from space 4096K, 99% used [0x00000000d7280000,0x00000000d767ad20,0x00000000d7680000)
  to   space 4096K, 0% used [0x00000000d6e80000,0x00000000d6e80000,0x00000000d7280000)
 ParOldGen       total 68608K, used 4962K [0x0000000080000000, 0x0000000084300000, 0x00000000d5580000)
  object space 68608K, 7% used [0x0000000080000000,0x00000000804d89f0,0x0000000084300000)
 Metaspace       used 14021K, committed 14528K, reserved 1114112K
  class space    used 1439K, committed 1664K, reserved 1048576K
}
Event: 11.237 GC heap before
{Heap before GC invocations=5 (full 0):
 PSYoungGen      total 29696K, used 29675K [0x00000000d5580000, 0x00000000d7680000, 0x0000000100000000)
  eden space 25600K, 100% used [0x00000000d5580000,0x00000000d6e80000,0x00000000d6e80000)
  from space 4096K, 99% used [0x00000000d7280000,0x00000000d767ad20,0x00000000d7680000)
  to   space 4096K, 0% used [0x00000000d6e80000,0x00000000d6e80000,0x00000000d7280000)
 ParOldGen       total 68608K, used 4962K [0x0000000080000000, 0x0000000084300000, 0x00000000d5580000)
  object space 68608K, 7% used [0x0000000080000000,0x00000000804d89f0,0x0000000084300000)
 Metaspace       used 17363K, committed 18048K, reserved 1114112K
  class space    used 1766K, committed 2048K, reserved 1048576K
}
Event: 11.247 GC heap after
{Heap after GC invocations=5 (full 0):
 PSYoungGen      total 29184K, used 4080K [0x00000000d5580000, 0x00000000d7b00000, 0x0000000100000000)
  eden space 25088K, 0% used [0x00000000d5580000,0x00000000d5580000,0x00000000d6e00000)
  from space 4096K, 99% used [0x00000000d6e80000,0x00000000d727c160,0x00000000d7280000)
  to   space 6656K, 0% used [0x00000000d7480000,0x00000000d7480000,0x00000000d7b00000)
 ParOldGen       total 68608K, used 7131K [0x0000000080000000, 0x0000000084300000, 0x00000000d5580000)
  object space 68608K, 10% used [0x0000000080000000,0x00000000806f6da8,0x0000000084300000)
 Metaspace       used 17363K, committed 18048K, reserved 1114112K
  class space    used 1766K, committed 2048K, reserved 1048576K
}
Event: 12.909 GC heap before
{Heap before GC invocations=6 (full 0):
 PSYoungGen      total 29184K, used 28402K [0x00000000d5580000, 0x00000000d7b00000, 0x0000000100000000)
  eden space 25088K, 96% used [0x00000000d5580000,0x00000000d6d40788,0x00000000d6e00000)
  from space 4096K, 99% used [0x00000000d6e80000,0x00000000d727c160,0x00000000d7280000)
  to   space 6656K, 0% used [0x00000000d7480000,0x00000000d7480000,0x00000000d7b00000)
 ParOldGen       total 68608K, used 7131K [0x0000000080000000, 0x0000000084300000, 0x00000000d5580000)
  object space 68608K, 10% used [0x0000000080000000,0x00000000806f6da8,0x0000000084300000)
 Metaspace       used 20866K, committed 21504K, reserved 1114112K
  class space    used 2012K, committed 2304K, reserved 1048576K
}
Event: 12.918 GC heap after
{Heap after GC invocations=6 (full 0):
 PSYoungGen      total 30208K, used 4998K [0x00000000d5580000, 0x00000000d7980000, 0x0000000100000000)
  eden space 25088K, 0% used [0x00000000d5580000,0x00000000d5580000,0x00000000d6e00000)
  from space 5120K, 97% used [0x00000000d7480000,0x00000000d7961b70,0x00000000d7980000)
  to   space 5632K, 0% used [0x00000000d6e80000,0x00000000d6e80000,0x00000000d7400000)
 ParOldGen       total 68608K, used 7131K [0x0000000080000000, 0x0000000084300000, 0x00000000d5580000)
  object space 68608K, 10% used [0x0000000080000000,0x00000000806f6da8,0x0000000084300000)
 Metaspace       used 20866K, committed 21504K, reserved 1114112K
  class space    used 2012K, committed 2304K, reserved 1048576K
}
Event: 12.918 GC heap before
{Heap before GC invocations=7 (full 1):
 PSYoungGen      total 30208K, used 4998K [0x00000000d5580000, 0x00000000d7980000, 0x0000000100000000)
  eden space 25088K, 0% used [0x00000000d5580000,0x00000000d5580000,0x00000000d6e00000)
  from space 5120K, 97% used [0x00000000d7480000,0x00000000d7961b70,0x00000000d7980000)
  to   space 5632K, 0% used [0x00000000d6e80000,0x00000000d6e80000,0x00000000d7400000)
 ParOldGen       total 68608K, used 7131K [0x0000000080000000, 0x0000000084300000, 0x00000000d5580000)
  object space 68608K, 10% used [0x0000000080000000,0x00000000806f6da8,0x0000000084300000)
 Metaspace       used 20866K, committed 21504K, reserved 1114112K
  class space    used 2012K, committed 2304K, reserved 1048576K
}
Event: 12.967 GC heap after
{Heap after GC invocations=7 (full 1):
 PSYoungGen      total 30208K, used 0K [0x00000000d5580000, 0x00000000d7980000, 0x0000000100000000)
  eden space 25088K, 0% used [0x00000000d5580000,0x00000000d5580000,0x00000000d6e00000)
  from space 5120K, 0% used [0x00000000d7480000,0x00000000d7480000,0x00000000d7980000)
  to   space 5632K, 0% used [0x00000000d6e80000,0x00000000d6e80000,0x00000000d7400000)
 ParOldGen       total 68608K, used 10345K [0x0000000080000000, 0x0000000084300000, 0x00000000d5580000)
  object space 68608K, 15% used [0x0000000080000000,0x0000000080a1a660,0x0000000084300000)
 Metaspace       used 20853K, committed 21504K, reserved 1114112K
  class space    used 2008K, committed 2304K, reserved 1048576K
}

Dll operation events (11 events):
Event: 0.016 Loaded shared library c:\Users\Administrator\.vscode\extensions\redhat.java-1.49.0-win32-x64\jre\21.0.9-win32-x86_64\bin\java.dll
Event: 0.077 Loaded shared library c:\Users\Administrator\.vscode\extensions\redhat.java-1.49.0-win32-x64\jre\21.0.9-win32-x86_64\bin\zip.dll
Event: 0.231 Loaded shared library C:\Users\Administrator\.vscode\extensions\redhat.java-1.49.0-win32-x64\jre\21.0.9-win32-x86_64\bin\instrument.dll
Event: 0.284 Loaded shared library C:\Users\Administrator\.vscode\extensions\redhat.java-1.49.0-win32-x64\jre\21.0.9-win32-x86_64\bin\net.dll
Event: 0.294 Loaded shared library C:\Users\Administrator\.vscode\extensions\redhat.java-1.49.0-win32-x64\jre\21.0.9-win32-x86_64\bin\nio.dll
Event: 0.297 Loaded shared library C:\Users\Administrator\.vscode\extensions\redhat.java-1.49.0-win32-x64\jre\21.0.9-win32-x86_64\bin\zip.dll
Event: 0.339 Loaded shared library C:\Users\Administrator\.vscode\extensions\redhat.java-1.49.0-win32-x64\jre\21.0.9-win32-x86_64\bin\jimage.dll
Event: 0.524 Loaded shared library c:\Users\Administrator\.vscode\extensions\redhat.java-1.49.0-win32-x64\jre\21.0.9-win32-x86_64\bin\verify.dll
Event: 6.045 Loaded shared library C:\Users\Administrator\AppData\Roaming\Code\User\globalStorage\redhat.java\1.49.0\config_ss_win\org.eclipse.equinox.launcher\org.eclipse.equinox.launcher.win32.win32.x86_64_1.2.1400.v20250801-0854\eclipse_11916.dll
Event: 9.990 Loaded shared library C:\Users\Administrator\.vscode\extensions\redhat.java-1.49.0-win32-x64\jre\21.0.9-win32-x86_64\bin\management.dll
Event: 9.993 Loaded shared library C:\Users\Administrator\.vscode\extensions\redhat.java-1.49.0-win32-x64\jre\21.0.9-win32-x86_64\bin\management_ext.dll

Deoptimization events (20 events):
Event: 10.899 Thread 0x000001d5ff25f820 Uncommon trap: trap_request=0xffffffde fr.pc=0x000001d5f69c7ec0 relative=0x0000000000000200
Event: 10.899 Thread 0x000001d5ff25f820 Uncommon trap: reason=class_check action=maybe_recompile pc=0x000001d5f69c7ec0 method=java.util.regex.Pattern$BmpCharPropertyGreedy.match(Ljava/util/regex/Matcher;ILjava/lang/CharSequence;)Z @ 70 c2
Event: 10.899 Thread 0x000001d5ff25f820 DEOPT PACKING pc=0x000001d5f69c7ec0 sp=0x0000002adb7f3110
Event: 10.899 Thread 0x000001d5ff25f820 DEOPT UNPACKING pc=0x000001d5f6353a9c sp=0x0000002adb7f30b8 mode 2
Event: 10.947 Thread 0x000001d5ff25f820 Uncommon trap: trap_request=0xffffff45 fr.pc=0x000001d5f69d9a28 relative=0x00000000000007a8
Event: 10.947 Thread 0x000001d5ff25f820 Uncommon trap: reason=unstable_if action=reinterpret pc=0x000001d5f69d9a28 method=org.lombokweb.asm.ClassReader.readUTF8(I[C)Ljava/lang/String; @ 11 c2
Event: 10.948 Thread 0x000001d5ff25f820 DEOPT PACKING pc=0x000001d5f69d9a28 sp=0x0000002adb7f39a0
Event: 10.948 Thread 0x000001d5ff25f820 DEOPT UNPACKING pc=0x000001d5f6353a9c sp=0x0000002adb7f3988 mode 2
Event: 12.250 Thread 0x000001d5ff25f820 Uncommon trap: trap_request=0xffffff45 fr.pc=0x000001d5f69e4860 relative=0x0000000000000140
Event: 12.250 Thread 0x000001d5ff25f820 Uncommon trap: reason=unstable_if action=reinterpret pc=0x000001d5f69e4860 method=org.lombokweb.asm.ByteVector.putByteArray([BII)Lorg/lombokweb/asm/ByteVector; @ 20 c2
Event: 12.250 Thread 0x000001d5ff25f820 DEOPT PACKING pc=0x000001d5f69e4860 sp=0x0000002adb7eeae0
Event: 12.250 Thread 0x000001d5ff25f820 DEOPT UNPACKING pc=0x000001d5f6353a9c sp=0x0000002adb7eeab0 mode 2
Event: 12.250 Thread 0x000001d5ff25f820 Uncommon trap: trap_request=0xffffff45 fr.pc=0x000001d5f69e3ea8 relative=0x0000000000000368
Event: 12.250 Thread 0x000001d5ff25f820 Uncommon trap: reason=unstable_if action=reinterpret pc=0x000001d5f69e3ea8 method=org.lombokweb.asm.Label.resolve([BLorg/lombokweb/asm/ByteVector;I)Z @ 81 c2
Event: 12.250 Thread 0x000001d5ff25f820 DEOPT PACKING pc=0x000001d5f69e3ea8 sp=0x0000002adb7eeb70
Event: 12.250 Thread 0x000001d5ff25f820 DEOPT UNPACKING pc=0x000001d5f6353a9c sp=0x0000002adb7eea78 mode 2
Event: 12.977 Thread 0x000001d5ff25f820 Uncommon trap: trap_request=0xffffff45 fr.pc=0x000001d5f69c5f10 relative=0x0000000000000070
Event: 12.977 Thread 0x000001d5ff25f820 Uncommon trap: reason=unstable_if action=reinterpret pc=0x000001d5f69c5f10 method=java.lang.ref.ReferenceQueue.poll()Ljava/lang/ref/Reference; @ 4 c2
Event: 12.977 Thread 0x000001d5ff25f820 DEOPT PACKING pc=0x000001d5f69c5f10 sp=0x0000002adb7f2c90
Event: 12.977 Thread 0x000001d5ff25f820 DEOPT UNPACKING pc=0x000001d5f6353a9c sp=0x0000002adb7f2c18 mode 2

Classes loaded (20 events):
Event: 10.961 Loading class java/io/StringReader
Event: 10.961 Loading class java/io/StringReader done
Event: 10.967 Loading class java/util/zip/GZIPOutputStream
Event: 10.967 Loading class java/util/zip/GZIPOutputStream done
Event: 10.985 Loading class java/net/SocketTimeoutException
Event: 10.987 Loading class java/io/InterruptedIOException
Event: 10.987 Loading class java/io/InterruptedIOException done
Event: 10.987 Loading class java/net/SocketTimeoutException done
Event: 10.987 Loading class java/net/SocketException
Event: 10.987 Loading class java/net/SocketException done
Event: 10.987 Loading class java/net/UnknownHostException
Event: 10.987 Loading class java/net/UnknownHostException done
Event: 10.987 Loading class java/net/ProtocolException
Event: 10.987 Loading class java/net/ProtocolException done
Event: 11.078 Loading class java/lang/ThreadLocal$SuppliedThreadLocal
Event: 11.078 Loading class java/lang/ThreadLocal$SuppliedThreadLocal done
Event: 11.084 Loading class java/io/FileWriter
Event: 11.085 Loading class java/io/FileWriter done
Event: 11.360 Loading class java/lang/NegativeArraySizeException
Event: 11.360 Loading class java/lang/NegativeArraySizeException done

Classes unloaded (7 events):
Event: 12.931 Thread 0x000001d5eba48fe0 Unloading class 0x000001d5851a8c00 'java/lang/invoke/LambdaForm$MH+0x000001d5851a8c00'
Event: 12.931 Thread 0x000001d5eba48fe0 Unloading class 0x000001d5851a8800 'java/lang/invoke/LambdaForm$MH+0x000001d5851a8800'
Event: 12.931 Thread 0x000001d5eba48fe0 Unloading class 0x000001d5851a8400 'java/lang/invoke/LambdaForm$MH+0x000001d5851a8400'
Event: 12.931 Thread 0x000001d5eba48fe0 Unloading class 0x000001d5851a8000 'java/lang/invoke/LambdaForm$MH+0x000001d5851a8000'
Event: 12.931 Thread 0x000001d5eba48fe0 Unloading class 0x000001d5851a7c00 'java/lang/invoke/LambdaForm$BMH+0x000001d5851a7c00'
Event: 12.931 Thread 0x000001d5eba48fe0 Unloading class 0x000001d5851a7800 'java/lang/invoke/LambdaForm$DMH+0x000001d5851a7800'
Event: 12.931 Thread 0x000001d5eba48fe0 Unloading class 0x000001d5851a6800 'java/lang/invoke/LambdaForm$DMH+0x000001d5851a6800'

Classes redefined (0 events):
No events

Internal exceptions (20 events):
Event: 10.482 Thread 0x000001d5ff25f820 Exception <a 'java/lang/IncompatibleClassChangeError'{0x00000000d601d040}: Found class java.lang.Object, but interface was expected> (0x00000000d601d040) 
thrown [s\src\hotspot\share\interpreter\linkResolver.cpp, line 840]
Event: 10.643 Thread 0x000001d5ff25f820 Exception <a 'java/lang/NoSuchMethodError'{0x00000000d6020c68}: 'java.lang.Object java.lang.invoke.DirectMethodHandle$Holder.invokeSpecial(java.lang.Object, java.lang.Object, java.lang.Object, int, java.lang.Object, java.lang.Object)'> (0x00000000d6020c68) 
thrown [s\src\hotspot\share\interpreter\linkResolver.cpp, line 773]
Event: 10.644 Thread 0x000001d5ff25f820 Exception <a 'java/lang/NoSuchMethodError'{0x00000000d6028740}: 'java.lang.Object java.lang.invoke.DirectMethodHandle$Holder.newInvokeSpecial(java.lang.Object, java.lang.Object, java.lang.Object, int, java.lang.Object)'> (0x00000000d6028740) 
thrown [s\src\hotspot\share\interpreter\linkResolver.cpp, line 773]
Event: 10.645 Thread 0x000001d5ff25f820 Exception <a 'java/lang/NoSuchMethodError'{0x00000000d602c6c0}: 'java.lang.Object java.lang.invoke.DirectMethodHandle$Holder.invokeSpecial(java.lang.Object, java.lang.Object, java.lang.Object, java.lang.Object, int, java.lang.Object)'> (0x00000000d602c6c0) 
thrown [s\src\hotspot\share\interpreter\linkResolver.cpp, line 773]
Event: 10.646 Thread 0x000001d5ff25f820 Exception <a 'java/lang/NoSuchMethodError'{0x00000000d6030200}: 'java.lang.Object java.lang.invoke.Invokers$Holder.linkToTargetMethod(java.lang.Object, java.lang.Object, int, java.lang.Object, java.lang.Object)'> (0x00000000d6030200) 
thrown [s\src\hotspot\share\interpreter\linkResolver.cpp, line 773]
Event: 10.647 Thread 0x000001d5c94eea00 Exception <a 'java/lang/NoSuchMethodError'{0x00000000d6062880}: 'java.lang.Object java.lang.invoke.DirectMethodHandle$Holder.invokeSpecial(java.lang.Object, java.lang.Object, int, java.lang.Object, java.lang.Object)'> (0x00000000d6062880) 
thrown [s\src\hotspot\share\interpreter\linkResolver.cpp, line 773]
Event: 10.648 Thread 0x000001d5c94eea00 Exception <a 'java/lang/NoSuchMethodError'{0x00000000d60695b8}: 'java.lang.Object java.lang.invoke.DirectMethodHandle$Holder.newInvokeSpecial(java.lang.Object, java.lang.Object, int, java.lang.Object)'> (0x00000000d60695b8) 
thrown [s\src\hotspot\share\interpreter\linkResolver.cpp, line 773]
Event: 10.649 Thread 0x000001d5c94eea00 Exception <a 'java/lang/NoSuchMethodError'{0x00000000d606ce98}: 'java.lang.Object java.lang.invoke.DirectMethodHandle$Holder.invokeSpecial(java.lang.Object, java.lang.Object, java.lang.Object, int, java.lang.Object)'> (0x00000000d606ce98) 
thrown [s\src\hotspot\share\interpreter\linkResolver.cpp, line 773]
Event: 10.688 Thread 0x000001d5ff25f820 Exception <a 'java/lang/NoSuchMethodError'{0x00000000d6179330}: 'void java.lang.invoke.DirectMethodHandle$Holder.invokeSpecial(java.lang.Object, java.lang.Object, java.lang.Object, java.lang.Object, java.lang.Object)'> (0x00000000d6179330) 
thrown [s\src\hotspot\share\interpreter\linkResolver.cpp, line 773]
Event: 10.803 Thread 0x000001d5ff25f820 Exception <a 'java/lang/NoSuchMethodError'{0x00000000d63e72e8}: 'double java.lang.invoke.DirectMethodHandle$Holder.invokeStatic(java.lang.Object, java.lang.Object)'> (0x00000000d63e72e8) 
thrown [s\src\hotspot\share\interpreter\linkResolver.cpp, line 773]
Event: 10.804 Thread 0x000001d5ff25f820 Exception <a 'java/lang/NoSuchMethodError'{0x00000000d63ea9a8}: 'double java.lang.invoke.DirectMethodHandle$Holder.invokeStaticInit(java.lang.Object, java.lang.Object)'> (0x00000000d63ea9a8) 
thrown [s\src\hotspot\share\interpreter\linkResolver.cpp, line 773]
Event: 11.366 Thread 0x000001d5ff25f820 Exception <a 'java/io/FileNotFoundException'{0x00000000d5ade510}> (0x00000000d5ade510) 
thrown [s\src\hotspot\share\prims\jni.cpp, line 520]
Event: 11.366 Thread 0x000001d5ff25f820 Exception <a 'java/io/FileNotFoundException'{0x00000000d5adf650}> (0x00000000d5adf650) 
thrown [s\src\hotspot\share\prims\jni.cpp, line 520]
Event: 11.366 Thread 0x000001d5ff25f820 Exception <a 'java/io/FileNotFoundException'{0x00000000d5ae0888}> (0x00000000d5ae0888) 
thrown [s\src\hotspot\share\prims\jni.cpp, line 520]
Event: 11.861 Thread 0x000001d5ff25f820 Exception <a 'java/lang/NoSuchMethodError'{0x00000000d6425e88}: 'int java.lang.invoke.DirectMethodHandle$Holder.invokeStaticInit(java.lang.Object, java.lang.Object, java.lang.Object)'> (0x00000000d6425e88) 
thrown [s\src\hotspot\share\interpreter\linkResolver.cpp, line 773]
Event: 12.250 Thread 0x000001d5ff25f820 Implicit null exception at 0x000001d5f69e4776 to 0x000001d5f69e4848
Event: 13.545 Thread 0x000001d5ff25f820 Exception <a 'java/io/FileNotFoundException'{0x00000000d585e188}> (0x00000000d585e188) 
thrown [s\src\hotspot\share\prims\jni.cpp, line 520]
Event: 13.546 Thread 0x000001d5ff25f820 Exception <a 'java/lang/NoSuchMethodError'{0x00000000d5865d88}: 'java.lang.Object java.lang.invoke.DirectMethodHandle$Holder.newInvokeSpecial(java.lang.Object, int, java.lang.Object, java.lang.Object)'> (0x00000000d5865d88) 
thrown [s\src\hotspot\share\interpreter\linkResolver.cpp, line 773]
Event: 13.636 Thread 0x000001d5ff25f820 Exception <a 'java/io/FileNotFoundException'{0x00000000d63f0018}> (0x00000000d63f0018) 
thrown [s\src\hotspot\share\prims\jni.cpp, line 520]
Event: 20.147 Thread 0x000001d5ff25f820 Exception <a 'java/io/FileNotFoundException'{0x00000000d6aa3990}> (0x00000000d6aa3990) 
thrown [s\src\hotspot\share\prims\jni.cpp, line 520]

ZGC Phase Switch (0 events):
No events

VM Operations (20 events):
Event: 9.204 Executing VM operation: HandshakeAllThreads (Deoptimize)
Event: 9.204 Executing VM operation: HandshakeAllThreads (Deoptimize) done
Event: 9.523 Executing VM operation: ParallelGCFailedAllocation (Allocation Failure)
Event: 9.530 Executing VM operation: ParallelGCFailedAllocation (Allocation Failure) done
Event: 10.035 Executing VM operation: HandshakeAllThreads (Deoptimize)
Event: 10.035 Executing VM operation: HandshakeAllThreads (Deoptimize) done
Event: 10.135 Executing VM operation: HandshakeAllThreads (Deoptimize)
Event: 10.135 Executing VM operation: HandshakeAllThreads (Deoptimize) done
Event: 10.181 Executing VM operation: HandshakeAllThreads (Deoptimize)
Event: 10.181 Executing VM operation: HandshakeAllThreads (Deoptimize) done
Event: 10.234 Executing VM operation: HandshakeAllThreads (Deoptimize)
Event: 10.234 Executing VM operation: HandshakeAllThreads (Deoptimize) done
Event: 11.236 Executing VM operation: Cleanup
Event: 11.237 Executing VM operation: Cleanup done
Event: 11.237 Executing VM operation: ParallelGCFailedAllocation (Allocation Failure)
Event: 11.247 Executing VM operation: ParallelGCFailedAllocation (Allocation Failure) done
Event: 12.889 Executing VM operation: CollectForMetadataAllocation (Metadata GC Threshold)
Event: 12.967 Executing VM operation: CollectForMetadataAllocation (Metadata GC Threshold) done
Event: 13.979 Executing VM operation: Cleanup
Event: 20.062 Executing VM operation: Cleanup done

Memory protections (0 events):
No events

Nmethod flushes (0 events):
No events

Events (20 events):
Event: 0.090 Thread 0x000001d5e9a04ff0 Thread added: 0x000001d5eba729f0
Event: 0.091 Thread 0x000001d5e9a04ff0 Thread added: 0x000001d5eba737a0
Event: 0.091 Thread 0x000001d5e9a04ff0 Thread added: 0x000001d5eba741f0
Event: 0.091 Thread 0x000001d5e9a04ff0 Thread added: 0x000001d5eba75020
Event: 0.111 Thread 0x000001d5e9a04ff0 Thread added: 0x000001d5ebaeb890
Event: 0.247 Thread 0x000001d5e9a04ff0 Thread added: 0x000001d5febd2ca0
Event: 0.707 Thread 0x000001d5e9a04ff0 Thread added: 0x000001d5fecf2e30
Event: 4.340 Thread 0x000001d5e9a04ff0 Thread added: 0x000001d5ff3d5620
Event: 4.546 Thread 0x000001d5ff3d5620 Thread added: 0x000001d5ff22f850
Event: 4.820 Thread 0x000001d5e9a04ff0 Thread added: 0x000001d5ff254940
Event: 5.213 Thread 0x000001d5e9a04ff0 Thread added: 0x000001d5ff237f10
Event: 5.215 Thread 0x000001d5e9a04ff0 Thread added: 0x000001d5ff25f820
Event: 6.035 Thread 0x000001d5e9a04ff0 Thread added: 0x000001d5ff1c42d0
Event: 7.267 Thread 0x000001d5ff25f820 Thread added: 0x000001d5c930c8f0
Event: 9.379 Thread 0x000001d5ff25f820 Thread added: 0x000001d5c94edce0
Event: 10.451 Thread 0x000001d5ff25f820 Thread added: 0x000001d5c94eea00
Event: 10.651 Thread 0x000001d5ff25f820 Thread added: 0x000001d5c94ecfc0
Event: 13.969 Thread 0x000001d5ff25f820 Thread added: 0x000001d5c94ed650
Event: 20.151 Thread 0x000001d5ff22f850 Thread exited: 0x000001d5ff22f850
Event: 20.151 Thread 0x000001d5ff3d5620 Thread exited: 0x000001d5ff3d5620


Dynamic libraries:
0x00007ff7bf900000 - 0x00007ff7bf90e000 	c:\Users\Administrator\.vscode\extensions\redhat.java-1.49.0-win32-x64\jre\21.0.9-win32-x86_64\bin\java.exe
0x00007ffef06d0000 - 0x00007ffef08c8000 	C:\windows\SYSTEM32\ntdll.dll
0x00007ffeeef70000 - 0x00007ffeef032000 	C:\windows\System32\KERNEL32.DLL
0x00007ffeee0a0000 - 0x00007ffeee396000 	C:\windows\System32\KERNELBASE.dll
0x00007ffeedf70000 - 0x00007ffeee070000 	C:\windows\System32\ucrtbase.dll
0x00007ffed0b80000 - 0x00007ffed0b98000 	c:\Users\Administrator\.vscode\extensions\redhat.java-1.49.0-win32-x64\jre\21.0.9-win32-x86_64\bin\jli.dll
0x00007ffeee6f0000 - 0x00007ffeee891000 	C:\windows\System32\USER32.dll
0x00007ffeedf40000 - 0x00007ffeedf62000 	C:\windows\System32\win32u.dll
0x00007ffeeec00000 - 0x00007ffeeec2b000 	C:\windows\System32\GDI32.dll
0x00007ffeee440000 - 0x00007ffeee559000 	C:\windows\System32\gdi32full.dll
0x00007ffeee3a0000 - 0x00007ffeee43d000 	C:\windows\System32\msvcp_win.dll
0x00007ffed0ba0000 - 0x00007ffed0bbe000 	c:\Users\Administrator\.vscode\extensions\redhat.java-1.49.0-win32-x64\jre\21.0.9-win32-x86_64\bin\VCRUNTIME140.dll
0x00007ffedb430000 - 0x00007ffedb6cb000 	C:\windows\WinSxS\amd64_microsoft.windows.common-controls_6595b64144ccf1df_6.0.19041.6456_none_60b8a6cb71f64256\COMCTL32.dll
0x00007ffef05c0000 - 0x00007ffef065e000 	C:\windows\System32\msvcrt.dll
0x00007ffef0660000 - 0x00007ffef068f000 	C:\windows\System32\IMM32.DLL
0x00007ffee2050000 - 0x00007ffee205c000 	c:\Users\Administrator\.vscode\extensions\redhat.java-1.49.0-win32-x64\jre\21.0.9-win32-x86_64\bin\vcruntime140_1.dll
0x00007ffec6580000 - 0x00007ffec660d000 	c:\Users\Administrator\.vscode\extensions\redhat.java-1.49.0-win32-x64\jre\21.0.9-win32-x86_64\bin\msvcp140.dll
0x00007ffeb1400000 - 0x00007ffeb21a0000 	c:\Users\Administrator\.vscode\extensions\redhat.java-1.49.0-win32-x64\jre\21.0.9-win32-x86_64\bin\server\jvm.dll
0x00007ffeef850000 - 0x00007ffeef901000 	C:\windows\System32\ADVAPI32.dll
0x00007ffeef0b0000 - 0x00007ffeef14f000 	C:\windows\System32\sechost.dll
0x00007ffeefcd0000 - 0x00007ffeefdf0000 	C:\windows\System32\RPCRT4.dll
0x00007ffeee070000 - 0x00007ffeee097000 	C:\windows\System32\bcrypt.dll
0x00007ffeeee50000 - 0x00007ffeeeebb000 	C:\windows\System32\WS2_32.dll
0x00007ffeedbc0000 - 0x00007ffeedc0b000 	C:\windows\SYSTEM32\POWRPROF.dll
0x00007ffedd600000 - 0x00007ffedd627000 	C:\windows\SYSTEM32\WINMM.dll
0x00007ffee0a20000 - 0x00007ffee0a2a000 	C:\windows\SYSTEM32\VERSION.dll
0x00007ffeedba0000 - 0x00007ffeedbb2000 	C:\windows\SYSTEM32\UMPDC.dll
0x00007ffeec580000 - 0x00007ffeec592000 	C:\windows\SYSTEM32\kernel.appcore.dll
0x00007ffee1830000 - 0x00007ffee183a000 	c:\Users\Administrator\.vscode\extensions\redhat.java-1.49.0-win32-x64\jre\21.0.9-win32-x86_64\bin\jimage.dll
0x00007ffeec080000 - 0x00007ffeec281000 	C:\windows\SYSTEM32\DBGHELP.DLL
0x00007ffed2a70000 - 0x00007ffed2aa4000 	C:\windows\SYSTEM32\dbgcore.DLL
0x00007ffeee560000 - 0x00007ffeee5e2000 	C:\windows\System32\bcryptPrimitives.dll
0x00007ffedc1a0000 - 0x00007ffedc1af000 	c:\Users\Administrator\.vscode\extensions\redhat.java-1.49.0-win32-x64\jre\21.0.9-win32-x86_64\bin\instrument.dll
0x00007ffed03b0000 - 0x00007ffed03d0000 	c:\Users\Administrator\.vscode\extensions\redhat.java-1.49.0-win32-x64\jre\21.0.9-win32-x86_64\bin\java.dll
0x00007ffeefe50000 - 0x00007ffef05c0000 	C:\windows\System32\SHELL32.dll
0x00007ffeeb8d0000 - 0x00007ffeec075000 	C:\windows\SYSTEM32\windows.storage.dll
0x00007ffeee8a0000 - 0x00007ffeeebf4000 	C:\windows\System32\combase.dll
0x00007ffeed5d0000 - 0x00007ffeed5fb000 	C:\windows\SYSTEM32\Wldp.dll
0x00007ffeefad0000 - 0x00007ffeefb9d000 	C:\windows\System32\OLEAUT32.dll
0x00007ffeeeec0000 - 0x00007ffeeef6d000 	C:\windows\System32\SHCORE.dll
0x00007ffeefdf0000 - 0x00007ffeefe4b000 	C:\windows\System32\shlwapi.dll
0x00007ffeedc90000 - 0x00007ffeedcb4000 	C:\windows\SYSTEM32\profapi.dll
0x00007ffecf2a0000 - 0x00007ffecf2b8000 	c:\Users\Administrator\.vscode\extensions\redhat.java-1.49.0-win32-x64\jre\21.0.9-win32-x86_64\bin\zip.dll
0x00007ffedf9d0000 - 0x00007ffedf9e0000 	C:\Users\Administrator\.vscode\extensions\redhat.java-1.49.0-win32-x64\jre\21.0.9-win32-x86_64\bin\net.dll
0x00007ffee0bd0000 - 0x00007ffee0cda000 	C:\windows\SYSTEM32\WINHTTP.dll
0x00007ffeed3b0000 - 0x00007ffeed41a000 	C:\windows\system32\mswsock.dll
0x00007ffecf280000 - 0x00007ffecf296000 	C:\Users\Administrator\.vscode\extensions\redhat.java-1.49.0-win32-x64\jre\21.0.9-win32-x86_64\bin\nio.dll
0x00007ffed99a0000 - 0x00007ffed99b0000 	c:\Users\Administrator\.vscode\extensions\redhat.java-1.49.0-win32-x64\jre\21.0.9-win32-x86_64\bin\verify.dll
0x00007ffec82f0000 - 0x00007ffec8334000 	C:\Users\Administrator\AppData\Roaming\Code\User\globalStorage\redhat.java\1.49.0\config_ss_win\org.eclipse.equinox.launcher\org.eclipse.equinox.launcher.win32.win32.x86_64_1.2.1400.v20250801-0854\eclipse_11916.dll
0x00007ffeefba0000 - 0x00007ffeefccb000 	C:\windows\System32\ole32.dll
0x00007ffedea30000 - 0x00007ffedea3a000 	C:\Users\Administrator\.vscode\extensions\redhat.java-1.49.0-win32-x64\jre\21.0.9-win32-x86_64\bin\management.dll
0x00007ffede920000 - 0x00007ffede92c000 	C:\Users\Administrator\.vscode\extensions\redhat.java-1.49.0-win32-x64\jre\21.0.9-win32-x86_64\bin\management_ext.dll
0x00007ffeef040000 - 0x00007ffeef048000 	C:\windows\System32\PSAPI.DLL

JVMTI agents:
c:\Users\Administrator\.vscode\extensions\redhat.java-1.49.0-win32-x64\lombok\lombok-1.18.39-4050.jar path:c:\Users\Administrator\.vscode\extensions\redhat.java-1.49.0-win32-x64\jre\21.0.9-win32-x86_64\bin\instrument.dll, loaded, initialized, instrumentlib options:none

dbghelp: loaded successfully - version: 4.0.5 - missing functions: none
symbol engine: initialized successfully - sym options: 0x614 - pdb path: .;c:\Users\Administrator\.vscode\extensions\redhat.java-1.49.0-win32-x64\jre\21.0.9-win32-x86_64\bin;C:\windows\SYSTEM32;C:\windows\WinSxS\amd64_microsoft.windows.common-controls_6595b64144ccf1df_6.0.19041.6456_none_60b8a6cb71f64256;c:\Users\Administrator\.vscode\extensions\redhat.java-1.49.0-win32-x64\jre\21.0.9-win32-x86_64\bin\server;C:\Users\Administrator\AppData\Roaming\Code\User\globalStorage\redhat.java\1.49.0\config_ss_win\org.eclipse.equinox.launcher\org.eclipse.equinox.launcher.win32.win32.x86_64_1.2.1400.v20250801-0854

VM Arguments:
jvm_args: --add-modules=ALL-SYSTEM --add-opens=java.base/java.util=ALL-UNNAMED --add-opens=java.base/java.lang=ALL-UNNAMED --add-opens=java.base/sun.nio.fs=ALL-UNNAMED -Declipse.application=org.eclipse.jdt.ls.core.id1 -Dosgi.bundles.defaultStartLevel=4 -Declipse.product=org.eclipse.jdt.ls.core.product -Djava.import.generatesMetadataFilesAtProjectRoot=false -DDetectVMInstallationsJob.disabled=true -Dfile.encoding=utf8 -XX:+UseParallelGC -XX:GCTimeRatio=4 -XX:AdaptiveSizePolicyWeight=90 -Dsun.zip.disableMemoryMapping=true -Xmx2G -Xms100m -Xlog:disable -javaagent:c:\Users\Administrator\.vscode\extensions\redhat.java-1.49.0-win32-x64\lombok\lombok-1.18.39-4050.jar 
java_command: c:\Users\Administrator\.vscode\extensions\redhat.java-1.49.0-win32-x64\server\plugins\org.eclipse.equinox.launcher_1.7.100.v20251111-0406.jar -configuration c:\Users\Administrator\AppData\Roaming\Code\User\globalStorage\redhat.java\1.49.0\config_ss_win -data c:\Users\Administrator\AppData\Roaming\Code\User\workspaceStorage\90c1b1d49ee4f25728c566fe5766b6ab\redhat.java\ss_ws --pipe=\\.\pipe\lsp-065a24d4b771c34bab89c89063d2c627-sock
java_class_path (initial): c:\Users\Administrator\.vscode\extensions\redhat.java-1.49.0-win32-x64\server\plugins\org.eclipse.equinox.launcher_1.7.100.v20251111-0406.jar
Launcher Type: SUN_STANDARD

[Global flags]
    uintx AdaptiveSizePolicyWeight                 = 90                                        {product} {command line}
     intx CICompilerCount                          = 2                                         {product} {ergonomic}
    uintx GCTimeRatio                              = 4                                         {product} {command line}
   size_t InitialHeapSize                          = 104857600                                 {product} {command line}
   size_t MaxHeapSize                              = 2147483648                                {product} {command line}
   size_t MaxNewSize                               = 715653120                                 {product} {ergonomic}
   size_t MinHeapDeltaBytes                        = 524288                                    {product} {ergonomic}
   size_t MinHeapSize                              = 104857600                                 {product} {command line}
   size_t NewSize                                  = 34603008                                  {product} {ergonomic}
    uintx NonNMethodCodeHeapSize                   = 5826188                                {pd product} {ergonomic}
    uintx NonProfiledCodeHeapSize                  = 122916026                              {pd product} {ergonomic}
   size_t OldSize                                  = 70254592                                  {product} {ergonomic}
    uintx ProfiledCodeHeapSize                     = 122916026                              {pd product} {ergonomic}
    uintx ReservedCodeCacheSize                    = 251658240                              {pd product} {ergonomic}
     bool SegmentedCodeCache                       = true                                      {product} {ergonomic}
   size_t SoftMaxHeapSize                          = 2147483648                             {manageable} {ergonomic}
     bool UseCompressedOops                        = true                           {product lp64_product} {ergonomic}
     bool UseLargePagesIndividualAllocation        = false                                  {pd product} {ergonomic}
     bool UseParallelGC                            = true                                      {product} {command line}

Logging:
Log output configuration:
 #0: stdout all=off uptime,level,tags foldmultilines=false
 #1: stderr all=off uptime,level,tags foldmultilines=false

Release file:
JAVA_VERSION="21.0.9" 
MODULES="java.base java.compiler java.datatransfer java.xml java.prefs java.desktop java.instrument java.logging java.management java.security.sasl java.naming java.rmi java.management.rmi java.net.http java.scripting java.security.jgss java.transaction.xa java.sql java.sql.rowset java.xml.crypto java.se java.smartcardio jdk.accessibility jdk.internal.jvmstat jdk.attach jdk.charsets jdk.internal.opt jdk.zipfs jdk.compiler jdk.crypto.ec jdk.crypto.cryptoki jdk.crypto.mscapi jdk.dynalink jdk.internal.ed jdk.editpad jdk.hotspot.agent jdk.httpserver jdk.internal.le jdk.internal.vm.ci jdk.internal.vm.compiler jdk.internal.vm.compiler.management jdk.jartool jdk.javadoc jdk.jcmd jdk.management jdk.management.agent jdk.jconsole jdk.jdeps jdk.jdwp.agent jdk.jdi jdk.jfr jdk.jshell jdk.jsobject jdk.jstatd jdk.localedata jdk.management.jfr jdk.naming.dns jdk.naming.rmi jdk.net jdk.nio.mapmode jdk.random jdk.sctp jdk.security.auth jdk.security.jgss jdk.unsupported jdk.unsupported.desktop jdk.xml.dom" 

Environment Variables:
JAVA_HOME=C:\Program Files\Java\jdk1.8.0_251
PATH=C:\Python311\Scripts\;C:\Python311\;C:\Program Files (x86)\Common Files\Oracle\Java\javapath;C:\windows\system32;C:\windows;C:\windows\System32\Wbem;C:\windows\System32\WindowsPowerShell\v1.0\;C:\windows\System32\OpenSSH\;C:\Program Files\TortoiseGit\bin;C:\Program Files\Git\cmd;C:\Program Files\nodejs\;C:\ProgramData\chocolatey\bin;C:\Program Files\dotnet\;C:\Program Files\CMake\bin;C:\Users\Administrator\AppData\Local\Microsoft\WindowsApps;C:\Users\Administrator\AppData\Local\GitHubDesktop\bin;D:\Espressif\tools;C:\Users\Administrator\AppData\Roaming\npm;C:\Users\Administrator\AppData\Local\Programs\Microsoft VS Code\bin;C:\Program Files (x86)\Nmap
USERNAME=Administrator
OS=Windows_NT
PROCESSOR_IDENTIFIER=Intel64 Family 6 Model 60 Stepping 3, GenuineIntel
TMP=C:\Users\ADMINI~1\AppData\Local\Temp
TEMP=C:\Users\ADMINI~1\AppData\Local\Temp




Periodic native trim disabled

---------------  S Y S T E M  ---------------

OS:
 Windows 10 , 64 bit Build 19041 (10.0.19041.5915)
OS uptime: 10 days 3:24 hours
Hyper-V role detected

CPU: total 2 (initial active 2) (2 cores per cpu, 1 threads per core) family 6 model 60 stepping 3 microcode 0x27, cx8, cmov, fxsr, mmx, sse, sse2, sse3, ssse3, sse4.1, sse4.2, popcnt, lzcnt, tsc, tscinvbit, erms, clmul, clflush, hv, rdtscp
Processor Information for the first 2 processors :
  Max Mhz: 3100, Current Mhz: 3100, Mhz Limit: 3100

Memory: 4k page, system-wide physical 6069M (441M free)
TotalPageFile size 8885M (AvailPageFile size 3M)
current process WorkingSet (physical memory assigned to process): 143M, peak: 160M
current process commit charge ("private bytes"): 260M, peak: 277M

vm_info: OpenJDK 64-Bit Server VM (21.0.9+10-LTS) for windows-amd64 JRE (21.0.9+10-LTS), built on 2025-10-21T00:00:00Z by "admin" with unknown MS VC++:1942

END.
